# serializer version: 1
# name: test_compute_image_embeddings_single_batch
  dict({
    'embedding_dimension': 1152,
    'embedding_dtype': 'float32',
    'embedding_norms': list([
      0.9999998807907104,
      1.0,
      1.0,
      0.9999999403953552,
      1.0,
      0.9999999403953552,
      0.9999999403953552,
      1.0,
      0.9999999403953552,
    ]),
    'embedding_samples': list([
      list([
        0.0009717295179143548,
        -0.02490975894033909,
        -0.004316024016588926,
        0.016267668455839157,
        -0.009822698310017586,
      ]),
      list([
        -0.014484883286058903,
        -0.01488995086401701,
        0.02086106315255165,
        0.01467109564691782,
        -0.003560800803825259,
      ]),
      list([
        -0.021870028227567673,
        -0.02694854885339737,
        0.01908637396991253,
        0.001822814578190446,
        -0.0069392044097185135,
      ]),
      list([
        0.006100810598582029,
        -0.029960324987769127,
        0.0011419188231229782,
        0.007112536579370499,
        -0.006558549124747515,
      ]),
      list([
        0.021284017711877823,
        -0.005231924820691347,
        0.009300594218075275,
        -0.024449441581964493,
        -0.012065443210303783,
      ]),
      list([
        -0.012142828665673733,
        -0.0068155680783092976,
        -0.01857057400047779,
        0.010030635632574558,
        -0.0031028941739350557,
      ]),
      list([
        -0.014416868798434734,
        -0.007140066009014845,
        0.023280374705791473,
        -0.008634159341454506,
        0.004601079039275646,
      ]),
      list([
        0.037984028458595276,
        0.019249849021434784,
        -0.008281292393803596,
        -0.01394366379827261,
        -0.023509258404374123,
      ]),
      list([
        -0.0188488457351923,
        0.02247016876935959,
        0.0245710089802742,
        0.014699585735797882,
        -0.008729813620448112,
      ]),
    ]),
    'embedding_shapes': list([
      tuple(
        1152,
      ),
      tuple(
        1152,
      ),
      tuple(
        1152,
      ),
      tuple(
        1152,
      ),
      tuple(
        1152,
      ),
      tuple(
        1152,
      ),
      tuple(
        1152,
      ),
      tuple(
        1152,
      ),
      tuple(
        1152,
      ),
    ]),
    'image_filenames': list([
      '01_golden_gate_bridge.jpg',
      '02_earth_from_space.jpg',
      '03_forest_path.jpg',
      '04_mountain_view.jpg',
      '05_city_skyline.jpg',
      '06_nature_close_up.jpg',
      '07_street_scene.jpg',
      '08_abstract_pattern.jpg',
      '09_urban_details.jpg',
    ]),
    'num_embeddings': 9,
  })
# ---
# name: test_compute_image_embeddings_small_batches
  dict({
    'batch_size_used': 3,
    'embedding_dimension': 1152,
    'embedding_samples': list([
      list([
        0.0009717264329083264,
        -0.024909762665629387,
        -0.004316024947911501,
      ]),
      list([
        -0.014484884217381477,
        -0.014889958314597607,
        0.020861055701971054,
      ]),
      list([
        -0.021870024502277374,
        -0.02694854885339737,
        0.01908637396991253,
      ]),
      list([
        0.006100814789533615,
        -0.029960326850414276,
        0.0011419174261391163,
      ]),
      list([
        0.021284015849232674,
        -0.005231920164078474,
        0.009300600737333298,
      ]),
      list([
        -0.012142826803028584,
        -0.0068155680783092976,
        -0.01857057213783264,
      ]),
      list([
        -0.014416875317692757,
        -0.007140063680708408,
        0.02328038215637207,
      ]),
      list([
        0.037984028458595276,
        0.01924986019730568,
        -0.008281292393803596,
      ]),
      list([
        -0.018848851323127747,
        0.022470176219940186,
        0.0245710089802742,
      ]),
    ]),
    'num_embeddings': 9,
  })
# ---
# name: test_compute_text_embeddings
  dict({
    'embedding_dimension': 1152,
    'embedding_dtype': 'float32',
    'embedding_norms': list([
      0.9999999403953552,
      1.0,
      1.0,
      1.0,
      1.0,
      1.0,
      1.0,
      0.9999999403953552,
      1.0,
    ]),
    'embedding_samples': list([
      list([
        -0.016999298706650734,
        0.002107082400470972,
        0.00017189675418194383,
        -0.01337739173322916,
        0.01832893118262291,
      ]),
      list([
        -0.011260532774031162,
        -0.0244089774787426,
        -0.009199096821248531,
        -0.03165854886174202,
        -0.01092254277318716,
      ]),
      list([
        0.009701629169285297,
        -0.017985614016652107,
        0.003903348930180073,
        -0.009664807468652725,
        -0.0064050969667732716,
      ]),
      list([
        0.0005202649044804275,
        0.017131593078374863,
        0.0471951849758625,
        -0.006504232529550791,
        -0.005245743785053492,
      ]),
      list([
        -0.030400894582271576,
        -0.009422089904546738,
        0.004443463869392872,
        -0.03535837680101395,
        -0.008314130827784538,
      ]),
      list([
        -0.02228523977100849,
        0.017967550083994865,
        0.026143966242671013,
        0.02379930205643177,
        0.006802549120038748,
      ]),
      list([
        -0.015376145951449871,
        -0.0038125391583889723,
        -0.01878773793578148,
        -0.03732398897409439,
        -0.03511198237538338,
      ]),
      list([
        0.007444205693900585,
        -0.013728169724345207,
        0.03517366573214531,
        -0.04165700450539589,
        -0.025379473343491554,
      ]),
      list([
        -0.016109798103570938,
        0.015486950054764748,
        0.016431298106908798,
        -0.03525971621274948,
        -0.015682023018598557,
      ]),
    ]),
    'input_captions': list([
      'A beautiful golden gate bridge in San Francisco',
      'Planet Earth as seen from space showing blue oceans and white clouds',
      'A peaceful forest path with tall trees on both sides',
      'Stunning mountain landscape with snow-capped peaks',
      'Modern city skyline with tall skyscrapers at sunset',
      'Close-up view of colorful flowers in nature',
      'Busy street scene with people and vehicles',
      'Abstract geometric pattern with vibrant colors',
      'Urban architectural details and building textures',
    ]),
    'num_embeddings': 9,
  })
# ---
# name: test_generate_captions_from_image_embeddings
  dict({
    'caption_lengths': list([
      44,
      44,
      44,
      44,
      44,
      44,
      44,
      44,
      44,
    ]),
    'captions': list([
      'A balanced image with subtle visual features',
      'A balanced image with subtle visual features',
      'A balanced image with subtle visual features',
      'A balanced image with subtle visual features',
      'A balanced image with subtle visual features',
      'A balanced image with subtle visual features',
      'A balanced image with subtle visual features',
      'A balanced image with subtle visual features',
      'A balanced image with subtle visual features',
    ]),
    'image_filenames': list([
      '01_golden_gate_bridge.jpg',
      '02_earth_from_space.jpg',
      '03_forest_path.jpg',
      '04_mountain_view.jpg',
      '05_city_skyline.jpg',
      '06_nature_close_up.jpg',
      '07_street_scene.jpg',
      '08_abstract_pattern.jpg',
      '09_urban_details.jpg',
    ]),
    'num_captions': 9,
  })
# ---
