<html>
<head><meta charset="utf-8" /></head>
<body>
    <div>                        <script type="text/javascript">window.PlotlyConfig = {MathJaxConfig: 'local'};</script>
        <script charset="utf-8" src="https://cdn.plot.ly/plotly-3.0.1.min.js"></script>                <div id="test-plot-div" class="plotly-graph-div" style="height:100%; width:100%;"></div>            <script type="text/javascript">                window.PLOTLYENV=window.PLOTLYENV || {};                                if (document.getElementById("test-plot-div")) {                    Plotly.newPlot(                        "test-plot-div",                        [{"customdata":{"dtype":"i1","bdata":"AQYJDhEWGyAlKi80OT5DSE1SV1xh"},"mode":"markers+lines","name":"GPX_TRACKPOINT (21)","x":["2024-01-01T10:05:00.000000000","2024-01-01T10:30:00.000000000","2024-01-01T10:45:00.000000000","2024-01-02T14:20:00.000000000","2024-01-02T14:35:00.000000000","2024-01-03T16:10:00.000000000","2024-01-03T16:35:00.000000000","2024-01-04T09:10:00.000000000","2024-01-04T09:35:00.000000000","2024-01-05T12:10:00.000000000","2024-01-05T12:35:00.000000000","2024-01-06T08:10:00.000000000","2024-01-06T08:35:00.000000000","2024-01-07T06:10:00.000000000","2024-01-07T06:35:00.000000000","2024-01-08T15:10:00.000000000","2024-01-08T15:35:00.000000000","2024-01-09T18:10:00.000000000","2024-01-09T18:35:00.000000000","2024-01-10T20:10:00.000000000","2024-01-10T20:35:00.000000000"],"y":{"dtype":"f8","bdata":"GIZhGIZhqD8YhmEYhmG4P5IkSZIkScI\u002fGIZhGIZhyD+e53me53nOP5IkSZIkSdI\u002fVVVVVVVV1T8YhmEYhmHYP9u2bdu2bds\u002fnud5nud53j8xDMMwDMPgP5IkSZIkSeI\u002f9DzP8zzP4z9VVVVVVVXlP7dt27Zt2+Y\u002fGIZhGIZh6D96nud5nufpP9u2bdu2bes\u002fPc\u002fzPM\u002fz7D+e53me53nuPwAAAAAAAPA\u002f"},"type":"scatter"},{"customdata":{"dtype":"i1","bdata":"BAwTGB0iJywxNjtARUpPVFleYw=="},"mode":"markers+lines","name":"GPX_WAYPOINT (19)","x":["2024-01-01T10:20:00.000000000","2024-01-02T14:10:00.000000000","2024-01-02T14:45:00.000000000","2024-01-03T16:20:00.000000000","2024-01-03T16:45:00.000000000","2024-01-04T09:20:00.000000000","2024-01-04T09:45:00.000000000","2024-01-05T12:20:00.000000000","2024-01-05T12:45:00.000000000","2024-01-06T08:20:00.000000000","2024-01-06T08:45:00.000000000","2024-01-07T06:20:00.000000000","2024-01-07T06:45:00.000000000","2024-01-08T15:20:00.000000000","2024-01-08T15:45:00.000000000","2024-01-09T18:20:00.000000000","2024-01-09T18:45:00.000000000","2024-01-10T20:20:00.000000000","2024-01-10T20:45:00.000000000"],"y":{"dtype":"f8","bdata":"KK+hvIbyqj8or6G8hvK6P15DeQ3lNcQ\u002fKK+hvIbyyj95DeU1lNfQP15DeQ3lNdQ\u002fQ3kN5TWU1z8or6G8hvLaPw3lNZTXUN4\u002feQ3lNZTX4D9sKK+hvIbiP15DeQ3lNeQ\u002fUV5DeQ3l5T9DeQ3lNZTnPzaU11BeQ+k\u002fKK+hvIby6j8bymsor6HsPw3lNZTXUO4\u002fAAAAAAAA8D8="},"type":"scatter"},{"customdata":{"dtype":"i1","bdata":"AAMFCAoNDxIUFxkcHiEjJigrLTAyNTc6PD9BREZJS05QU1VYWl1fYg=="},"mode":"markers+lines","name":"PHOTO (40)","x":["2024-01-01T10:00:00.000000000","2024-01-01T10:15:00.000000000","2024-01-01T10:25:00.000000000","2024-01-01T10:40:00.000000000","2024-01-02T14:00:00.000000000","2024-01-02T14:15:00.000000000","2024-01-02T14:25:00.000000000","2024-01-02T14:40:00.000000000","2024-01-03T16:00:00.000000000","2024-01-03T16:15:00.000000000","2024-01-03T16:25:00.000000000","2024-01-03T16:40:00.000000000","2024-01-04T09:00:00.000000000","2024-01-04T09:15:00.000000000","2024-01-04T09:25:00.000000000","2024-01-04T09:40:00.000000000","2024-01-05T12:00:00.000000000","2024-01-05T12:15:00.000000000","2024-01-05T12:25:00.000000000","2024-01-05T12:40:00.000000000","2024-01-06T08:00:00.000000000","2024-01-06T08:15:00.000000000","2024-01-06T08:25:00.000000000","2024-01-06T08:40:00.000000000","2024-01-07T06:00:00.000000000","2024-01-07T06:15:00.000000000","2024-01-07T06:25:00.000000000","2024-01-07T06:40:00.000000000","2024-01-08T15:00:00.000000000","2024-01-08T15:15:00.000000000","2024-01-08T15:25:00.000000000","2024-01-08T15:40:00.000000000","2024-01-09T18:00:00.000000000","2024-01-09T18:15:00.000000000","2024-01-09T18:25:00.000000000","2024-01-09T18:40:00.000000000","2024-01-10T20:00:00.000000000","2024-01-10T20:15:00.000000000","2024-01-10T20:25:00.000000000","2024-01-10T20:40:00.000000000"],"y":{"dtype":"f8","bdata":"mpmZmZmZmT+amZmZmZmpPzMzMzMzM7M\u002fmpmZmZmZuT8AAAAAAADAPzMzMzMzM8M\u002fZmZmZmZmxj+amZmZmZnJP83MzMzMzMw\u002fAAAAAAAA0D+amZmZmZnRPzMzMzMzM9M\u002fzczMzMzM1D9mZmZmZmbWPwAAAAAAANg\u002fmpmZmZmZ2T8zMzMzMzPbP83MzMzMzNw\u002fZmZmZmZm3j8AAAAAAADgP83MzMzMzOA\u002fmpmZmZmZ4T9mZmZmZmbiPzMzMzMzM+M\u002fAAAAAAAA5D\u002fNzMzMzMzkP5qZmZmZmeU\u002fZmZmZmZm5j8zMzMzMzPnPwAAAAAAAOg\u002fzczMzMzM6D+amZmZmZnpP2ZmZmZmZuo\u002fMzMzMzMz6z8AAAAAAADsP83MzMzMzOw\u002fmpmZmZmZ7T9mZmZmZmbuPzMzMzMzM+8\u002fAAAAAAAA8D8="},"type":"scatter"},{"customdata":{"dtype":"i1","bdata":"AgcLEBUaHyQpLjM4PUJHTFFWW2A="},"mode":"markers+lines","name":"VIDEO (20)","x":["2024-01-01T10:10:00.000000000","2024-01-01T10:35:00.000000000","2024-01-02T14:05:00.000000000","2024-01-02T14:30:00.000000000","2024-01-03T16:05:00.000000000","2024-01-03T16:30:00.000000000","2024-01-04T09:05:00.000000000","2024-01-04T09:30:00.000000000","2024-01-05T12:05:00.000000000","2024-01-05T12:30:00.000000000","2024-01-06T08:05:00.000000000","2024-01-06T08:30:00.000000000","2024-01-07T06:05:00.000000000","2024-01-07T06:30:00.000000000","2024-01-08T15:05:00.000000000","2024-01-08T15:30:00.000000000","2024-01-09T18:05:00.000000000","2024-01-09T18:30:00.000000000","2024-01-10T20:05:00.000000000","2024-01-10T20:30:00.000000000"],"y":{"dtype":"f8","bdata":"mpmZmZmZqT+amZmZmZm5PzMzMzMzM8M\u002fmpmZmZmZyT8AAAAAAADQPzMzMzMzM9M\u002fZmZmZmZm1j+amZmZmZnZP83MzMzMzNw\u002fAAAAAAAA4D+amZmZmZnhPzMzMzMzM+M\u002fzczMzMzM5D9mZmZmZmbmPwAAAAAAAOg\u002fmpmZmZmZ6T8zMzMzMzPrP83MzMzMzOw\u002fZmZmZmZm7j8AAAAAAADwPw=="},"type":"scatter"}],                        {"template":{"data":{"histogram2dcontour":[{"type":"histogram2dcontour","colorbar":{"outlinewidth":0,"ticks":""},"colorscale":[[0.0,"#0d0887"],[0.1111111111111111,"#46039f"],[0.2222222222222222,"#7201a8"],[0.3333333333333333,"#9c179e"],[0.4444444444444444,"#bd3786"],[0.5555555555555556,"#d8576b"],[0.6666666666666666,"#ed7953"],[0.7777777777777778,"#fb9f3a"],[0.8888888888888888,"#fdca26"],[1.0,"#f0f921"]]}],"choropleth":[{"type":"choropleth","colorbar":{"outlinewidth":0,"ticks":""}}],"histogram2d":[{"type":"histogram2d","colorbar":{"outlinewidth":0,"ticks":""},"colorscale":[[0.0,"#0d0887"],[0.1111111111111111,"#46039f"],[0.2222222222222222,"#7201a8"],[0.3333333333333333,"#9c179e"],[0.4444444444444444,"#bd3786"],[0.5555555555555556,"#d8576b"],[0.6666666666666666,"#ed7953"],[0.7777777777777778,"#fb9f3a"],[0.8888888888888888,"#fdca26"],[1.0,"#f0f921"]]}],"heatmap":[{"type":"heatmap","colorbar":{"outlinewidth":0,"ticks":""},"colorscale":[[0.0,"#0d0887"],[0.1111111111111111,"#46039f"],[0.2222222222222222,"#7201a8"],[0.3333333333333333,"#9c179e"],[0.4444444444444444,"#bd3786"],[0.5555555555555556,"#d8576b"],[0.6666666666666666,"#ed7953"],[0.7777777777777778,"#fb9f3a"],[0.8888888888888888,"#fdca26"],[1.0,"#f0f921"]]}],"contourcarpet":[{"type":"contourcarpet","colorbar":{"outlinewidth":0,"ticks":""}}],"contour":[{"type":"contour","colorbar":{"outlinewidth":0,"ticks":""},"colorscale":[[0.0,"#0d0887"],[0.1111111111111111,"#46039f"],[0.2222222222222222,"#7201a8"],[0.3333333333333333,"#9c179e"],[0.4444444444444444,"#bd3786"],[0.5555555555555556,"#d8576b"],[0.6666666666666666,"#ed7953"],[0.7777777777777778,"#fb9f3a"],[0.8888888888888888,"#fdca26"],[1.0,"#f0f921"]]}],"surface":[{"type":"surface","colorbar":{"outlinewidth":0,"ticks":""},"colorscale":[[0.0,"#0d0887"],[0.1111111111111111,"#46039f"],[0.2222222222222222,"#7201a8"],[0.3333333333333333,"#9c179e"],[0.4444444444444444,"#bd3786"],[0.5555555555555556,"#d8576b"],[0.6666666666666666,"#ed7953"],[0.7777777777777778,"#fb9f3a"],[0.8888888888888888,"#fdca26"],[1.0,"#f0f921"]]}],"mesh3d":[{"type":"mesh3d","colorbar":{"outlinewidth":0,"ticks":""}}],"scatter":[{"fillpattern":{"fillmode":"overlay","size":10,"solidity":0.2},"type":"scatter"}],"parcoords":[{"type":"parcoords","line":{"colorbar":{"outlinewidth":0,"ticks":""}}}],"scatterpolargl":[{"type":"scatterpolargl","marker":{"colorbar":{"outlinewidth":0,"ticks":""}}}],"bar":[{"error_x":{"color":"#2a3f5f"},"error_y":{"color":"#2a3f5f"},"marker":{"line":{"color":"#E5ECF6","width":0.5},"pattern":{"fillmode":"overlay","size":10,"solidity":0.2}},"type":"bar"}],"scattergeo":[{"type":"scattergeo","marker":{"colorbar":{"outlinewidth":0,"ticks":""}}}],"scatterpolar":[{"type":"scatterpolar","marker":{"colorbar":{"outlinewidth":0,"ticks":""}}}],"histogram":[{"marker":{"pattern":{"fillmode":"overlay","size":10,"solidity":0.2}},"type":"histogram"}],"scattergl":[{"type":"scattergl","marker":{"colorbar":{"outlinewidth":0,"ticks":""}}}],"scatter3d":[{"type":"scatter3d","line":{"colorbar":{"outlinewidth":0,"ticks":""}},"marker":{"colorbar":{"outlinewidth":0,"ticks":""}}}],"scattermap":[{"type":"scattermap","marker":{"colorbar":{"outlinewidth":0,"ticks":""}}}],"scattermapbox":[{"type":"scattermapbox","marker":{"colorbar":{"outlinewidth":0,"ticks":""}}}],"scatterternary":[{"type":"scatterternary","marker":{"colorbar":{"outlinewidth":0,"ticks":""}}}],"scattercarpet":[{"type":"scattercarpet","marker":{"colorbar":{"outlinewidth":0,"ticks":""}}}],"carpet":[{"aaxis":{"endlinecolor":"#2a3f5f","gridcolor":"white","linecolor":"white","minorgridcolor":"white","startlinecolor":"#2a3f5f"},"baxis":{"endlinecolor":"#2a3f5f","gridcolor":"white","linecolor":"white","minorgridcolor":"white","startlinecolor":"#2a3f5f"},"type":"carpet"}],"table":[{"cells":{"fill":{"color":"#EBF0F8"},"line":{"color":"white"}},"header":{"fill":{"color":"#C8D4E3"},"line":{"color":"white"}},"type":"table"}],"barpolar":[{"marker":{"line":{"color":"#E5ECF6","width":0.5},"pattern":{"fillmode":"overlay","size":10,"solidity":0.2}},"type":"barpolar"}],"pie":[{"automargin":true,"type":"pie"}]},"layout":{"autotypenumbers":"strict","colorway":["#636efa","#EF553B","#00cc96","#ab63fa","#FFA15A","#19d3f3","#FF6692","#B6E880","#FF97FF","#FECB52"],"font":{"color":"#2a3f5f"},"hovermode":"closest","hoverlabel":{"align":"left"},"paper_bgcolor":"white","plot_bgcolor":"#E5ECF6","polar":{"bgcolor":"#E5ECF6","angularaxis":{"gridcolor":"white","linecolor":"white","ticks":""},"radialaxis":{"gridcolor":"white","linecolor":"white","ticks":""}},"ternary":{"bgcolor":"#E5ECF6","aaxis":{"gridcolor":"white","linecolor":"white","ticks":""},"baxis":{"gridcolor":"white","linecolor":"white","ticks":""},"caxis":{"gridcolor":"white","linecolor":"white","ticks":""}},"coloraxis":{"colorbar":{"outlinewidth":0,"ticks":""}},"colorscale":{"sequential":[[0.0,"#0d0887"],[0.1111111111111111,"#46039f"],[0.2222222222222222,"#7201a8"],[0.3333333333333333,"#9c179e"],[0.4444444444444444,"#bd3786"],[0.5555555555555556,"#d8576b"],[0.6666666666666666,"#ed7953"],[0.7777777777777778,"#fb9f3a"],[0.8888888888888888,"#fdca26"],[1.0,"#f0f921"]],"sequentialminus":[[0.0,"#0d0887"],[0.1111111111111111,"#46039f"],[0.2222222222222222,"#7201a8"],[0.3333333333333333,"#9c179e"],[0.4444444444444444,"#bd3786"],[0.5555555555555556,"#d8576b"],[0.6666666666666666,"#ed7953"],[0.7777777777777778,"#fb9f3a"],[0.8888888888888888,"#fdca26"],[1.0,"#f0f921"]],"diverging":[[0,"#8e0152"],[0.1,"#c51b7d"],[0.2,"#de77ae"],[0.3,"#f1b6da"],[0.4,"#fde0ef"],[0.5,"#f7f7f7"],[0.6,"#e6f5d0"],[0.7,"#b8e186"],[0.8,"#7fbc41"],[0.9,"#4d9221"],[1,"#276419"]]},"xaxis":{"gridcolor":"white","linecolor":"white","ticks":"","title":{"standoff":15},"zerolinecolor":"white","automargin":true,"zerolinewidth":2},"yaxis":{"gridcolor":"white","linecolor":"white","ticks":"","title":{"standoff":15},"zerolinecolor":"white","automargin":true,"zerolinewidth":2},"scene":{"xaxis":{"backgroundcolor":"#E5ECF6","gridcolor":"white","linecolor":"white","showbackground":true,"ticks":"","zerolinecolor":"white","gridwidth":2},"yaxis":{"backgroundcolor":"#E5ECF6","gridcolor":"white","linecolor":"white","showbackground":true,"ticks":"","zerolinecolor":"white","gridwidth":2},"zaxis":{"backgroundcolor":"#E5ECF6","gridcolor":"white","linecolor":"white","showbackground":true,"ticks":"","zerolinecolor":"white","gridwidth":2}},"shapedefaults":{"line":{"color":"#2a3f5f"}},"annotationdefaults":{"arrowcolor":"#2a3f5f","arrowhead":0,"arrowwidth":1},"geo":{"bgcolor":"white","landcolor":"#E5ECF6","subunitcolor":"white","showland":true,"showlakes":true,"lakecolor":"white"},"title":{"x":0.05},"mapbox":{"style":"light"}}},"title":{"text":"Test Individual CDF"},"xaxis":{"title":{"text":"Time"},"type":"date","tickangle":45},"hovermode":"closest","showlegend":true},                        {"responsive": true}                    )                };            </script>        </div>
</body>
</html>