<html>
<head><meta charset="utf-8" /></head>
<body>
    <div>                        <script type="text/javascript">window.PlotlyConfig = {MathJaxConfig: 'local'};</script>
        <script charset="utf-8" src="https://cdn.plot.ly/plotly-3.0.1.min.js"></script>                <div id="test-plot-div" class="plotly-graph-div" style="height:400px; width:100%;"></div>            <script type="text/javascript">                window.PLOTLYENV=window.PLOTLYENV || {};                                if (document.getElementById("test-plot-div")) {                    Plotly.newPlot(                        "test-plot-div",                        [{"customdata":[{"df_id":0},{"df_id":1},{"df_id":2},{"df_id":3},{"df_id":4},{"df_id":5},{"df_id":6},{"df_id":7},{"df_id":8},{"df_id":9},{"df_id":10},{"df_id":11},{"df_id":12},{"df_id":13},{"df_id":14},{"df_id":15},{"df_id":16},{"df_id":17},{"df_id":18},{"df_id":19},{"df_id":20},{"df_id":21},{"df_id":22},{"df_id":23},{"df_id":24},{"df_id":25},{"df_id":26},{"df_id":27},{"df_id":28},{"df_id":29},{"df_id":30},{"df_id":31},{"df_id":32},{"df_id":33},{"df_id":34},{"df_id":35},{"df_id":36},{"df_id":37},{"df_id":38},{"df_id":39},{"df_id":40},{"df_id":41},{"df_id":42},{"df_id":43},{"df_id":44},{"df_id":45},{"df_id":46},{"df_id":47},{"df_id":48},{"df_id":49},{"df_id":50},{"df_id":51},{"df_id":52},{"df_id":53},{"df_id":54},{"df_id":55},{"df_id":56},{"df_id":57},{"df_id":58},{"df_id":59},{"df_id":60},{"df_id":61},{"df_id":62},{"df_id":63},{"df_id":64},{"df_id":65},{"df_id":66},{"df_id":67},{"df_id":68},{"df_id":69},{"df_id":70},{"df_id":71},{"df_id":72},{"df_id":73},{"df_id":74},{"df_id":75},{"df_id":76},{"df_id":77},{"df_id":78},{"df_id":79},{"df_id":80},{"df_id":81},{"df_id":82},{"df_id":83},{"df_id":84},{"df_id":85},{"df_id":86},{"df_id":87},{"df_id":88},{"df_id":89},{"df_id":90},{"df_id":91},{"df_id":92},{"df_id":93},{"df_id":94},{"df_id":95},{"df_id":96},{"df_id":97},{"df_id":98},{"df_id":99}],"hovertemplate":"\u003cb\u003eTime:\u003c\u002fb\u003e %{x}\u003cbr\u003e\u003cb\u003eCumulative Probability:\u003c\u002fb\u003e %{y}\u003cbr\u003e\u003cb\u003eRow ID:\u003c\u002fb\u003e %{customdata.df_id}\u003cbr\u003e\u003cextra\u003e\u003c\u002fextra\u003e","legendgroup":"","line":{"dash":"solid","shape":"hv"},"marker":{"color":"#636efa","symbol":"circle"},"mode":"lines","name":"","orientation":"v","showlegend":false,"x":[1704103200000000000,1704103500000000000,1704103800000000000,1704104100000000000,1704104400000000000,1704104700000000000,1704105000000000000,1704105300000000000,1704105600000000000,1704105900000000000,1704204000000000000,1704204300000000000,1704204600000000000,1704204900000000000,1704205200000000000,1704205500000000000,1704205800000000000,1704206100000000000,1704206400000000000,1704206700000000000,1704297600000000000,1704297900000000000,1704298200000000000,1704298500000000000,1704298800000000000,1704299100000000000,1704299400000000000,1704299700000000000,1704300000000000000,1704300300000000000,1704358800000000000,1704359100000000000,1704359400000000000,1704359700000000000,1704360000000000000,1704360300000000000,1704360600000000000,1704360900000000000,1704361200000000000,1704361500000000000,1704456000000000000,1704456300000000000,1704456600000000000,1704456900000000000,1704457200000000000,1704457500000000000,1704457800000000000,1704458100000000000,1704458400000000000,1704458700000000000,1704528000000000000,1704528300000000000,1704528600000000000,1704528900000000000,1704529200000000000,1704529500000000000,1704529800000000000,1704530100000000000,1704530400000000000,1704530700000000000,1704607200000000000,1704607500000000000,1704607800000000000,1704608100000000000,1704608400000000000,1704608700000000000,1704609000000000000,1704609300000000000,1704609600000000000,1704609900000000000,1704726000000000000,1704726300000000000,1704726600000000000,1704726900000000000,1704727200000000000,1704727500000000000,1704727800000000000,1704728100000000000,1704728400000000000,1704728700000000000,1704823200000000000,1704823500000000000,1704823800000000000,1704824100000000000,1704824400000000000,1704824700000000000,1704825000000000000,1704825300000000000,1704825600000000000,1704825900000000000,1704916800000000000,1704917100000000000,1704917400000000000,1704917700000000000,1704918000000000000,1704918300000000000,1704918600000000000,1704918900000000000,1704919200000000000,1704919500000000000],"xaxis":"x","y":{"dtype":"f8","bdata":"exSuR+F6hD97FK5H4XqUP7gehetRuJ4\u002fexSuR+F6pD+amZmZmZmpP7gehetRuK4\u002f7FG4HoXrsT97FK5H4Xq0PwrXo3A9Crc\u002fmpmZmZmZuT8pXI\u002fC9Si8P7gehetRuL4\u002fpHA9CtejwD\u002fsUbgehevBPzMzMzMzM8M\u002fexSuR+F6xD\u002fD9Shcj8LFPwrXo3A9Csc\u002fUrgehetRyD+amZmZmZnJP+F6FK5H4co\u002fKVyPwvUozD9xPQrXo3DNP7gehetRuM4\u002fAAAAAAAA0D+kcD0K16PQP0jhehSuR9E\u002f7FG4HoXr0T+PwvUoXI\u002fSPzMzMzMzM9M\u002f16NwPQrX0z97FK5H4XrUPx+F61G4HtU\u002fw\u002fUoXI\u002fC1T9mZmZmZmbWPwrXo3A9Ctc\u002frkfhehSu1z9SuB6F61HYP\u002fYoXI\u002fC9dg\u002fmpmZmZmZ2T89CtejcD3aP+F6FK5H4do\u002fhetRuB6F2z8pXI\u002fC9SjcP83MzMzMzNw\u002fcT0K16Nw3T8UrkfhehTeP7gehetRuN4\u002fXI\u002fC9Shc3z8AAAAAAADgP1K4HoXrUeA\u002fpHA9Ctej4D\u002f2KFyPwvXgP0jhehSuR+E\u002fmpmZmZmZ4T\u002fsUbgehevhPz0K16NwPeI\u002fj8L1KFyP4j\u002fhehSuR+HiPzMzMzMzM+M\u002fhetRuB6F4z\u002fXo3A9CtfjPylcj8L1KOQ\u002fexSuR+F65D\u002fNzMzMzMzkPx+F61G4HuU\u002fcT0K16Nw5T\u002fD9Shcj8LlPxSuR+F6FOY\u002fZmZmZmZm5j+4HoXrUbjmPwrXo3A9Cuc\u002fXI\u002fC9Shc5z+uR+F6FK7nPwAAAAAAAOg\u002fUrgehetR6D+kcD0K16PoP\u002fYoXI\u002fC9eg\u002fSOF6FK5H6T+amZmZmZnpP+xRuB6F6+k\u002fPQrXo3A96j+PwvUoXI\u002fqP+F6FK5H4eo\u002fMzMzMzMz6z+F61G4HoXrP9ejcD0K1+s\u002fKVyPwvUo7D97FK5H4XrsP83MzMzMzOw\u002fH4XrUbge7T9xPQrXo3DtP8P1KFyPwu0\u002fFK5H4XoU7j9mZmZmZmbuP7gehetRuO4\u002fCtejcD0K7z9cj8L1KFzvP65H4XoUru8\u002fAAAAAAAA8D8="},"yaxis":"y","type":"scatter"}],                        {"height":400,"hovermode":"closest","legend":{"tracegroupgap":0},"margin":{"b":50,"l":50,"r":50,"t":50},"showlegend":false,"template":{"data":{"barpolar":[{"marker":{"line":{"color":"#E5ECF6","width":0.5},"pattern":{"fillmode":"overlay","size":10,"solidity":0.2}},"type":"barpolar"}],"bar":[{"error_x":{"color":"#2a3f5f"},"error_y":{"color":"#2a3f5f"},"marker":{"line":{"color":"#E5ECF6","width":0.5},"pattern":{"fillmode":"overlay","size":10,"solidity":0.2}},"type":"bar"}],"carpet":[{"aaxis":{"endlinecolor":"#2a3f5f","gridcolor":"white","linecolor":"white","minorgridcolor":"white","startlinecolor":"#2a3f5f"},"baxis":{"endlinecolor":"#2a3f5f","gridcolor":"white","linecolor":"white","minorgridcolor":"white","startlinecolor":"#2a3f5f"},"type":"carpet"}],"choropleth":[{"colorbar":{"outlinewidth":0,"ticks":""},"type":"choropleth"}],"contourcarpet":[{"colorbar":{"outlinewidth":0,"ticks":""},"type":"contourcarpet"}],"contour":[{"colorbar":{"outlinewidth":0,"ticks":""},"colorscale":[[0.0,"#0d0887"],[0.1111111111111111,"#46039f"],[0.2222222222222222,"#7201a8"],[0.3333333333333333,"#9c179e"],[0.4444444444444444,"#bd3786"],[0.5555555555555556,"#d8576b"],[0.6666666666666666,"#ed7953"],[0.7777777777777778,"#fb9f3a"],[0.8888888888888888,"#fdca26"],[1.0,"#f0f921"]],"type":"contour"}],"heatmap":[{"colorbar":{"outlinewidth":0,"ticks":""},"colorscale":[[0.0,"#0d0887"],[0.1111111111111111,"#46039f"],[0.2222222222222222,"#7201a8"],[0.3333333333333333,"#9c179e"],[0.4444444444444444,"#bd3786"],[0.5555555555555556,"#d8576b"],[0.6666666666666666,"#ed7953"],[0.7777777777777778,"#fb9f3a"],[0.8888888888888888,"#fdca26"],[1.0,"#f0f921"]],"type":"heatmap"}],"histogram2dcontour":[{"colorbar":{"outlinewidth":0,"ticks":""},"colorscale":[[0.0,"#0d0887"],[0.1111111111111111,"#46039f"],[0.2222222222222222,"#7201a8"],[0.3333333333333333,"#9c179e"],[0.4444444444444444,"#bd3786"],[0.5555555555555556,"#d8576b"],[0.6666666666666666,"#ed7953"],[0.7777777777777778,"#fb9f3a"],[0.8888888888888888,"#fdca26"],[1.0,"#f0f921"]],"type":"histogram2dcontour"}],"histogram2d":[{"colorbar":{"outlinewidth":0,"ticks":""},"colorscale":[[0.0,"#0d0887"],[0.1111111111111111,"#46039f"],[0.2222222222222222,"#7201a8"],[0.3333333333333333,"#9c179e"],[0.4444444444444444,"#bd3786"],[0.5555555555555556,"#d8576b"],[0.6666666666666666,"#ed7953"],[0.7777777777777778,"#fb9f3a"],[0.8888888888888888,"#fdca26"],[1.0,"#f0f921"]],"type":"histogram2d"}],"histogram":[{"marker":{"pattern":{"fillmode":"overlay","size":10,"solidity":0.2}},"type":"histogram"}],"mesh3d":[{"colorbar":{"outlinewidth":0,"ticks":""},"type":"mesh3d"}],"parcoords":[{"line":{"colorbar":{"outlinewidth":0,"ticks":""}},"type":"parcoords"}],"pie":[{"automargin":true,"type":"pie"}],"scatter3d":[{"line":{"colorbar":{"outlinewidth":0,"ticks":""}},"marker":{"colorbar":{"outlinewidth":0,"ticks":""}},"type":"scatter3d"}],"scattercarpet":[{"marker":{"colorbar":{"outlinewidth":0,"ticks":""}},"type":"scattercarpet"}],"scattergeo":[{"marker":{"colorbar":{"outlinewidth":0,"ticks":""}},"type":"scattergeo"}],"scattergl":[{"marker":{"colorbar":{"outlinewidth":0,"ticks":""}},"type":"scattergl"}],"scattermapbox":[{"marker":{"colorbar":{"outlinewidth":0,"ticks":""}},"type":"scattermapbox"}],"scattermap":[{"marker":{"colorbar":{"outlinewidth":0,"ticks":""}},"type":"scattermap"}],"scatterpolargl":[{"marker":{"colorbar":{"outlinewidth":0,"ticks":""}},"type":"scatterpolargl"}],"scatterpolar":[{"marker":{"colorbar":{"outlinewidth":0,"ticks":""}},"type":"scatterpolar"}],"scatter":[{"fillpattern":{"fillmode":"overlay","size":10,"solidity":0.2},"type":"scatter"}],"scatterternary":[{"marker":{"colorbar":{"outlinewidth":0,"ticks":""}},"type":"scatterternary"}],"surface":[{"colorbar":{"outlinewidth":0,"ticks":""},"colorscale":[[0.0,"#0d0887"],[0.1111111111111111,"#46039f"],[0.2222222222222222,"#7201a8"],[0.3333333333333333,"#9c179e"],[0.4444444444444444,"#bd3786"],[0.5555555555555556,"#d8576b"],[0.6666666666666666,"#ed7953"],[0.7777777777777778,"#fb9f3a"],[0.8888888888888888,"#fdca26"],[1.0,"#f0f921"]],"type":"surface"}],"table":[{"cells":{"fill":{"color":"#EBF0F8"},"line":{"color":"white"}},"header":{"fill":{"color":"#C8D4E3"},"line":{"color":"white"}},"type":"table"}]},"layout":{"annotationdefaults":{"arrowcolor":"#2a3f5f","arrowhead":0,"arrowwidth":1},"autotypenumbers":"strict","coloraxis":{"colorbar":{"outlinewidth":0,"ticks":""}},"colorscale":{"diverging":[[0,"#8e0152"],[0.1,"#c51b7d"],[0.2,"#de77ae"],[0.3,"#f1b6da"],[0.4,"#fde0ef"],[0.5,"#f7f7f7"],[0.6,"#e6f5d0"],[0.7,"#b8e186"],[0.8,"#7fbc41"],[0.9,"#4d9221"],[1,"#276419"]],"sequential":[[0.0,"#0d0887"],[0.1111111111111111,"#46039f"],[0.2222222222222222,"#7201a8"],[0.3333333333333333,"#9c179e"],[0.4444444444444444,"#bd3786"],[0.5555555555555556,"#d8576b"],[0.6666666666666666,"#ed7953"],[0.7777777777777778,"#fb9f3a"],[0.8888888888888888,"#fdca26"],[1.0,"#f0f921"]],"sequentialminus":[[0.0,"#0d0887"],[0.1111111111111111,"#46039f"],[0.2222222222222222,"#7201a8"],[0.3333333333333333,"#9c179e"],[0.4444444444444444,"#bd3786"],[0.5555555555555556,"#d8576b"],[0.6666666666666666,"#ed7953"],[0.7777777777777778,"#fb9f3a"],[0.8888888888888888,"#fdca26"],[1.0,"#f0f921"]]},"colorway":["#636efa","#EF553B","#00cc96","#ab63fa","#FFA15A","#19d3f3","#FF6692","#B6E880","#FF97FF","#FECB52"],"font":{"color":"#2a3f5f"},"geo":{"bgcolor":"white","lakecolor":"white","landcolor":"#E5ECF6","showlakes":true,"showland":true,"subunitcolor":"white"},"hoverlabel":{"align":"left"},"hovermode":"closest","mapbox":{"style":"light"},"paper_bgcolor":"white","plot_bgcolor":"#E5ECF6","polar":{"angularaxis":{"gridcolor":"white","linecolor":"white","ticks":""},"bgcolor":"#E5ECF6","radialaxis":{"gridcolor":"white","linecolor":"white","ticks":""}},"scene":{"xaxis":{"backgroundcolor":"#E5ECF6","gridcolor":"white","gridwidth":2,"linecolor":"white","showbackground":true,"ticks":"","zerolinecolor":"white"},"yaxis":{"backgroundcolor":"#E5ECF6","gridcolor":"white","gridwidth":2,"linecolor":"white","showbackground":true,"ticks":"","zerolinecolor":"white"},"zaxis":{"backgroundcolor":"#E5ECF6","gridcolor":"white","gridwidth":2,"linecolor":"white","showbackground":true,"ticks":"","zerolinecolor":"white"}},"shapedefaults":{"line":{"color":"#2a3f5f"}},"ternary":{"aaxis":{"gridcolor":"white","linecolor":"white","ticks":""},"baxis":{"gridcolor":"white","linecolor":"white","ticks":""},"bgcolor":"#E5ECF6","caxis":{"gridcolor":"white","linecolor":"white","ticks":""}},"title":{"x":0.05},"xaxis":{"automargin":true,"gridcolor":"white","linecolor":"white","ticks":"","title":{"standoff":15},"zerolinecolor":"white","zerolinewidth":2},"yaxis":{"automargin":true,"gridcolor":"white","linecolor":"white","ticks":"","title":{"standoff":15},"zerolinecolor":"white","zerolinewidth":2}}},"title":{"text":"Test Aggregated CDF"},"xaxis":{"anchor":"y","domain":[0.0,1.0],"tickangle":45,"tickformat":"%Y-%m-%d %H:%M","title":{"text":"Time"},"type":"date"},"yaxis":{"anchor":"x","domain":[0.0,1.0],"rangemode":"tozero","title":{"text":"Cumulative Probability"}}},                        {"responsive": true}                    )                };            </script>        </div>
</body>
</html>