<html>
<head><meta charset="utf-8" /></head>
<body>
    <div>                        <script type="text/javascript">window.PlotlyConfig = {MathJaxConfig: 'local'};</script>
        <script charset="utf-8" src="https://cdn.plot.ly/plotly-3.0.1.min.js"></script>                <div id="test-plot-div" class="plotly-graph-div" style="height:400px; width:100%;"></div>            <script type="text/javascript">                window.PLOTLYENV=window.PLOTLYENV || {};                                if (document.getElementById("test-plot-div")) {                    Plotly.newPlot(                        "test-plot-div",                        [{"customdata":[{"df_id":0},{"df_id":1},{"df_id":2},{"df_id":3},{"df_id":4},{"df_id":5},{"df_id":6},{"df_id":7},{"df_id":8},{"df_id":9},{"df_id":10},{"df_id":11},{"df_id":12},{"df_id":13},{"df_id":14},{"df_id":15},{"df_id":16},{"df_id":17},{"df_id":18},{"df_id":19},{"df_id":20},{"df_id":21},{"df_id":22},{"df_id":23},{"df_id":24},{"df_id":25},{"df_id":26},{"df_id":27},{"df_id":28},{"df_id":29},{"df_id":30},{"df_id":31},{"df_id":32},{"df_id":33},{"df_id":34},{"df_id":35},{"df_id":36},{"df_id":37},{"df_id":38},{"df_id":39},{"df_id":40},{"df_id":41},{"df_id":42},{"df_id":43},{"df_id":44},{"df_id":45},{"df_id":46},{"df_id":47},{"df_id":48},{"df_id":49}],"hovertemplate":"\u003cb\u003eTime:\u003c\u002fb\u003e %{x}\u003cbr\u003e\u003cb\u003eCumulative Probability:\u003c\u002fb\u003e %{y}\u003cbr\u003e\u003cb\u003eRow ID:\u003c\u002fb\u003e %{customdata.df_id}\u003cbr\u003e\u003cextra\u003e\u003c\u002fextra\u003e","legendgroup":"","line":{"dash":"solid","shape":"hv"},"marker":{"color":"#636efa","symbol":"circle"},"mode":"lines","name":"","orientation":"v","showlegend":false,"x":[1704103200000000000,1704103500000000000,1704103800000000000,1704104100000000000,1704104400000000000,1704104700000000000,1704105000000000000,1704105300000000000,1704105600000000000,1704105900000000000,1704204000000000000,1704204300000000000,1704204600000000000,1704204900000000000,1704205200000000000,1704205500000000000,1704205800000000000,1704206100000000000,1704206400000000000,1704206700000000000,1704297600000000000,1704297900000000000,1704298200000000000,1704298500000000000,1704298800000000000,1704299100000000000,1704299400000000000,1704299700000000000,1704300000000000000,1704300300000000000,1704358800000000000,1704359100000000000,1704359400000000000,1704359700000000000,1704360000000000000,1704360300000000000,1704360600000000000,1704360900000000000,1704361200000000000,1704361500000000000,1704456000000000000,1704456300000000000,1704456600000000000,1704456900000000000,1704457200000000000,1704457500000000000,1704457800000000000,1704458100000000000,1704458400000000000,1704458700000000000],"xaxis":"x","y":{"dtype":"f8","bdata":"exSuR+F6lD97FK5H4XqkP7gehetRuK4\u002fexSuR+F6tD+amZmZmZm5P7gehetRuL4\u002f7FG4HoXrwT97FK5H4XrEPwrXo3A9Csc\u002fmpmZmZmZyT8pXI\u002fC9SjMP7gehetRuM4\u002fpHA9Ctej0D\u002fsUbgehevRPzMzMzMzM9M\u002fexSuR+F61D\u002fD9Shcj8LVPwrXo3A9Ctc\u002fUrgehetR2D+amZmZmZnZP+F6FK5H4do\u002fKVyPwvUo3D9xPQrXo3DdP7gehetRuN4\u002fAAAAAAAA4D+kcD0K16PgP0jhehSuR+E\u002f7FG4HoXr4T+PwvUoXI\u002fiPzMzMzMzM+M\u002f16NwPQrX4z97FK5H4XrkPx+F61G4HuU\u002fw\u002fUoXI\u002fC5T9mZmZmZmbmPwrXo3A9Cuc\u002frkfhehSu5z9SuB6F61HoP\u002fYoXI\u002fC9eg\u002fmpmZmZmZ6T89CtejcD3qP+F6FK5H4eo\u002fhetRuB6F6z8pXI\u002fC9SjsP83MzMzMzOw\u002fcT0K16Nw7T8UrkfhehTuP7gehetRuO4\u002fXI\u002fC9Shc7z8AAAAAAADwPw=="},"yaxis":"y","type":"scatter"}],                        {"height":400,"hovermode":"closest","legend":{"tracegroupgap":0},"margin":{"b":50,"l":50,"r":50,"t":50},"showlegend":false,"template":{"data":{"barpolar":[{"marker":{"line":{"color":"#E5ECF6","width":0.5},"pattern":{"fillmode":"overlay","size":10,"solidity":0.2}},"type":"barpolar"}],"bar":[{"error_x":{"color":"#2a3f5f"},"error_y":{"color":"#2a3f5f"},"marker":{"line":{"color":"#E5ECF6","width":0.5},"pattern":{"fillmode":"overlay","size":10,"solidity":0.2}},"type":"bar"}],"carpet":[{"aaxis":{"endlinecolor":"#2a3f5f","gridcolor":"white","linecolor":"white","minorgridcolor":"white","startlinecolor":"#2a3f5f"},"baxis":{"endlinecolor":"#2a3f5f","gridcolor":"white","linecolor":"white","minorgridcolor":"white","startlinecolor":"#2a3f5f"},"type":"carpet"}],"choropleth":[{"colorbar":{"outlinewidth":0,"ticks":""},"type":"choropleth"}],"contourcarpet":[{"colorbar":{"outlinewidth":0,"ticks":""},"type":"contourcarpet"}],"contour":[{"colorbar":{"outlinewidth":0,"ticks":""},"colorscale":[[0.0,"#0d0887"],[0.1111111111111111,"#46039f"],[0.2222222222222222,"#7201a8"],[0.3333333333333333,"#9c179e"],[0.4444444444444444,"#bd3786"],[0.5555555555555556,"#d8576b"],[0.6666666666666666,"#ed7953"],[0.7777777777777778,"#fb9f3a"],[0.8888888888888888,"#fdca26"],[1.0,"#f0f921"]],"type":"contour"}],"heatmap":[{"colorbar":{"outlinewidth":0,"ticks":""},"colorscale":[[0.0,"#0d0887"],[0.1111111111111111,"#46039f"],[0.2222222222222222,"#7201a8"],[0.3333333333333333,"#9c179e"],[0.4444444444444444,"#bd3786"],[0.5555555555555556,"#d8576b"],[0.6666666666666666,"#ed7953"],[0.7777777777777778,"#fb9f3a"],[0.8888888888888888,"#fdca26"],[1.0,"#f0f921"]],"type":"heatmap"}],"histogram2dcontour":[{"colorbar":{"outlinewidth":0,"ticks":""},"colorscale":[[0.0,"#0d0887"],[0.1111111111111111,"#46039f"],[0.2222222222222222,"#7201a8"],[0.3333333333333333,"#9c179e"],[0.4444444444444444,"#bd3786"],[0.5555555555555556,"#d8576b"],[0.6666666666666666,"#ed7953"],[0.7777777777777778,"#fb9f3a"],[0.8888888888888888,"#fdca26"],[1.0,"#f0f921"]],"type":"histogram2dcontour"}],"histogram2d":[{"colorbar":{"outlinewidth":0,"ticks":""},"colorscale":[[0.0,"#0d0887"],[0.1111111111111111,"#46039f"],[0.2222222222222222,"#7201a8"],[0.3333333333333333,"#9c179e"],[0.4444444444444444,"#bd3786"],[0.5555555555555556,"#d8576b"],[0.6666666666666666,"#ed7953"],[0.7777777777777778,"#fb9f3a"],[0.8888888888888888,"#fdca26"],[1.0,"#f0f921"]],"type":"histogram2d"}],"histogram":[{"marker":{"pattern":{"fillmode":"overlay","size":10,"solidity":0.2}},"type":"histogram"}],"mesh3d":[{"colorbar":{"outlinewidth":0,"ticks":""},"type":"mesh3d"}],"parcoords":[{"line":{"colorbar":{"outlinewidth":0,"ticks":""}},"type":"parcoords"}],"pie":[{"automargin":true,"type":"pie"}],"scatter3d":[{"line":{"colorbar":{"outlinewidth":0,"ticks":""}},"marker":{"colorbar":{"outlinewidth":0,"ticks":""}},"type":"scatter3d"}],"scattercarpet":[{"marker":{"colorbar":{"outlinewidth":0,"ticks":""}},"type":"scattercarpet"}],"scattergeo":[{"marker":{"colorbar":{"outlinewidth":0,"ticks":""}},"type":"scattergeo"}],"scattergl":[{"marker":{"colorbar":{"outlinewidth":0,"ticks":""}},"type":"scattergl"}],"scattermapbox":[{"marker":{"colorbar":{"outlinewidth":0,"ticks":""}},"type":"scattermapbox"}],"scattermap":[{"marker":{"colorbar":{"outlinewidth":0,"ticks":""}},"type":"scattermap"}],"scatterpolargl":[{"marker":{"colorbar":{"outlinewidth":0,"ticks":""}},"type":"scatterpolargl"}],"scatterpolar":[{"marker":{"colorbar":{"outlinewidth":0,"ticks":""}},"type":"scatterpolar"}],"scatter":[{"fillpattern":{"fillmode":"overlay","size":10,"solidity":0.2},"type":"scatter"}],"scatterternary":[{"marker":{"colorbar":{"outlinewidth":0,"ticks":""}},"type":"scatterternary"}],"surface":[{"colorbar":{"outlinewidth":0,"ticks":""},"colorscale":[[0.0,"#0d0887"],[0.1111111111111111,"#46039f"],[0.2222222222222222,"#7201a8"],[0.3333333333333333,"#9c179e"],[0.4444444444444444,"#bd3786"],[0.5555555555555556,"#d8576b"],[0.6666666666666666,"#ed7953"],[0.7777777777777778,"#fb9f3a"],[0.8888888888888888,"#fdca26"],[1.0,"#f0f921"]],"type":"surface"}],"table":[{"cells":{"fill":{"color":"#EBF0F8"},"line":{"color":"white"}},"header":{"fill":{"color":"#C8D4E3"},"line":{"color":"white"}},"type":"table"}]},"layout":{"annotationdefaults":{"arrowcolor":"#2a3f5f","arrowhead":0,"arrowwidth":1},"autotypenumbers":"strict","coloraxis":{"colorbar":{"outlinewidth":0,"ticks":""}},"colorscale":{"diverging":[[0,"#8e0152"],[0.1,"#c51b7d"],[0.2,"#de77ae"],[0.3,"#f1b6da"],[0.4,"#fde0ef"],[0.5,"#f7f7f7"],[0.6,"#e6f5d0"],[0.7,"#b8e186"],[0.8,"#7fbc41"],[0.9,"#4d9221"],[1,"#276419"]],"sequential":[[0.0,"#0d0887"],[0.1111111111111111,"#46039f"],[0.2222222222222222,"#7201a8"],[0.3333333333333333,"#9c179e"],[0.4444444444444444,"#bd3786"],[0.5555555555555556,"#d8576b"],[0.6666666666666666,"#ed7953"],[0.7777777777777778,"#fb9f3a"],[0.8888888888888888,"#fdca26"],[1.0,"#f0f921"]],"sequentialminus":[[0.0,"#0d0887"],[0.1111111111111111,"#46039f"],[0.2222222222222222,"#7201a8"],[0.3333333333333333,"#9c179e"],[0.4444444444444444,"#bd3786"],[0.5555555555555556,"#d8576b"],[0.6666666666666666,"#ed7953"],[0.7777777777777778,"#fb9f3a"],[0.8888888888888888,"#fdca26"],[1.0,"#f0f921"]]},"colorway":["#636efa","#EF553B","#00cc96","#ab63fa","#FFA15A","#19d3f3","#FF6692","#B6E880","#FF97FF","#FECB52"],"font":{"color":"#2a3f5f"},"geo":{"bgcolor":"white","lakecolor":"white","landcolor":"#E5ECF6","showlakes":true,"showland":true,"subunitcolor":"white"},"hoverlabel":{"align":"left"},"hovermode":"closest","mapbox":{"style":"light"},"paper_bgcolor":"white","plot_bgcolor":"#E5ECF6","polar":{"angularaxis":{"gridcolor":"white","linecolor":"white","ticks":""},"bgcolor":"#E5ECF6","radialaxis":{"gridcolor":"white","linecolor":"white","ticks":""}},"scene":{"xaxis":{"backgroundcolor":"#E5ECF6","gridcolor":"white","gridwidth":2,"linecolor":"white","showbackground":true,"ticks":"","zerolinecolor":"white"},"yaxis":{"backgroundcolor":"#E5ECF6","gridcolor":"white","gridwidth":2,"linecolor":"white","showbackground":true,"ticks":"","zerolinecolor":"white"},"zaxis":{"backgroundcolor":"#E5ECF6","gridcolor":"white","gridwidth":2,"linecolor":"white","showbackground":true,"ticks":"","zerolinecolor":"white"}},"shapedefaults":{"line":{"color":"#2a3f5f"}},"ternary":{"aaxis":{"gridcolor":"white","linecolor":"white","ticks":""},"baxis":{"gridcolor":"white","linecolor":"white","ticks":""},"bgcolor":"#E5ECF6","caxis":{"gridcolor":"white","linecolor":"white","ticks":""}},"title":{"x":0.05},"xaxis":{"automargin":true,"gridcolor":"white","linecolor":"white","ticks":"","title":{"standoff":15},"zerolinecolor":"white","zerolinewidth":2},"yaxis":{"automargin":true,"gridcolor":"white","linecolor":"white","ticks":"","title":{"standoff":15},"zerolinecolor":"white","zerolinewidth":2}}},"title":{"text":"Test Individual CDF"},"xaxis":{"anchor":"y","domain":[0.0,1.0],"tickangle":45,"tickformat":"%Y-%m-%d %H:%M","title":{"text":"Time"},"type":"date"},"yaxis":{"anchor":"x","domain":[0.0,1.0],"rangemode":"tozero","title":{"text":"Cumulative Probability"}}},                        {"responsive": true}                    )                };            </script>        </div>
</body>
</html>