<html>
<head><meta charset="utf-8" /></head>
<body>
    <div>                        <script type="text/javascript">window.PlotlyConfig = {MathJaxConfig: 'local'};</script>
        <script charset="utf-8" src="https://cdn.plot.ly/plotly-3.0.1.min.js"></script>                <div id="test-plot-div" class="plotly-graph-div" style="height:100%; width:100%;"></div>            <script type="text/javascript">                window.PLOTLYENV=window.PLOTLYENV || {};                                if (document.getElementById("test-plot-div")) {                    Plotly.newPlot(                        "test-plot-div",                        [{"customdata":[[1,null,"uuid_1"],[6,null,"uuid_6"],[9,null,"uuid_9"],[14,null,"uuid_14"],[17,null,"uuid_17"],[22,null,"uuid_22"],[27,null,"uuid_27"],[32,null,"uuid_32"],[37,null,"uuid_37"],[42,null,"uuid_42"],[47,null,"uuid_47"],[52,null,"uuid_52"],[57,null,"uuid_57"],[62,null,"uuid_62"],[67,null,"uuid_67"],[72,null,"uuid_72"],[77,null,"uuid_77"],[82,null,"uuid_82"],[87,null,"uuid_87"],[92,null,"uuid_92"],[97,null,"uuid_97"]],"hovertemplate":"group_and_count=GPX_TRACKPOINT (21)\u003cbr\u003eTIMESTAMP_UTC=%{x}\u003cbr\u003eCDF=%{y}\u003cbr\u003edf_id=%{customdata[0]}\u003cbr\u003eNAME=%{customdata[1]}\u003cbr\u003eUUID_STRING=%{customdata[2]}\u003cextra\u003e\u003c\u002fextra\u003e","legendgroup":"GPX_TRACKPOINT (21)","marker":{"color":"#636efa","symbol":"circle"},"mode":"markers","name":"GPX_TRACKPOINT (21)","orientation":"v","showlegend":true,"x":["2024-01-01T10:05:00.000000000","2024-01-01T10:30:00.000000000","2024-01-01T10:45:00.000000000","2024-01-02T14:20:00.000000000","2024-01-02T14:35:00.000000000","2024-01-03T16:10:00.000000000","2024-01-03T16:35:00.000000000","2024-01-04T09:10:00.000000000","2024-01-04T09:35:00.000000000","2024-01-05T12:10:00.000000000","2024-01-05T12:35:00.000000000","2024-01-06T08:10:00.000000000","2024-01-06T08:35:00.000000000","2024-01-07T06:10:00.000000000","2024-01-07T06:35:00.000000000","2024-01-08T15:10:00.000000000","2024-01-08T15:35:00.000000000","2024-01-09T18:10:00.000000000","2024-01-09T18:35:00.000000000","2024-01-10T20:10:00.000000000","2024-01-10T20:35:00.000000000"],"xaxis":"x","y":{"dtype":"f8","bdata":"GIZhGIZhqD8YhmEYhmG4P5IkSZIkScI\u002fGIZhGIZhyD+e53me53nOP5IkSZIkSdI\u002fVVVVVVVV1T8YhmEYhmHYP9u2bdu2bds\u002fnud5nud53j8xDMMwDMPgP5IkSZIkSeI\u002f9DzP8zzP4z9VVVVVVVXlP7dt27Zt2+Y\u002fGIZhGIZh6D96nud5nufpP9u2bdu2bes\u002fPc\u002fzPM\u002fz7D+e53me53nuPwAAAAAAAPA\u002f"},"yaxis":"y","type":"scatter"},{"customdata":[[4,"Viewpoint 1","uuid_4"],[12,"Central Park Entrance","uuid_12"],[19,"Rest Stop","uuid_19"],[24,"Griffith Observatory","uuid_24"],[29,"Summit","uuid_29"],[34,"Hyde Park","uuid_34"],[39,"Tower Bridge","uuid_39"],[44,"Louvre Museum","uuid_44"],[49,"Sacr\u00e9-C\u0153ur","uuid_49"],[54,"Shibuya Crossing","uuid_54"],[59,"Senso-ji Temple","uuid_59"],[64,"Bondi Beach","uuid_64"],[69,"Circular Quay","uuid_69"],[74,"Kremlin","uuid_74"],[79,"Gorky Park","uuid_79"],[84,"Templo Mayor","uuid_84"],[89,"Xochimilco","uuid_89"],[94,"Copacabana Beach","uuid_94"],[99,"Sugarloaf Mountain","uuid_99"]],"hovertemplate":"group_and_count=GPX_WAYPOINT (19)\u003cbr\u003eTIMESTAMP_UTC=%{x}\u003cbr\u003eCDF=%{y}\u003cbr\u003edf_id=%{customdata[0]}\u003cbr\u003eNAME=%{customdata[1]}\u003cbr\u003eUUID_STRING=%{customdata[2]}\u003cextra\u003e\u003c\u002fextra\u003e","legendgroup":"GPX_WAYPOINT (19)","marker":{"color":"#EF553B","symbol":"circle"},"mode":"markers","name":"GPX_WAYPOINT (19)","orientation":"v","showlegend":true,"x":["2024-01-01T10:20:00.000000000","2024-01-02T14:10:00.000000000","2024-01-02T14:45:00.000000000","2024-01-03T16:20:00.000000000","2024-01-03T16:45:00.000000000","2024-01-04T09:20:00.000000000","2024-01-04T09:45:00.000000000","2024-01-05T12:20:00.000000000","2024-01-05T12:45:00.000000000","2024-01-06T08:20:00.000000000","2024-01-06T08:45:00.000000000","2024-01-07T06:20:00.000000000","2024-01-07T06:45:00.000000000","2024-01-08T15:20:00.000000000","2024-01-08T15:45:00.000000000","2024-01-09T18:20:00.000000000","2024-01-09T18:45:00.000000000","2024-01-10T20:20:00.000000000","2024-01-10T20:45:00.000000000"],"xaxis":"x","y":{"dtype":"f8","bdata":"KK+hvIbyqj8or6G8hvK6P15DeQ3lNcQ\u002fKK+hvIbyyj95DeU1lNfQP15DeQ3lNdQ\u002fQ3kN5TWU1z8or6G8hvLaPw3lNZTXUN4\u002feQ3lNZTX4D9sKK+hvIbiP15DeQ3lNeQ\u002fUV5DeQ3l5T9DeQ3lNZTnPzaU11BeQ+k\u002fKK+hvIby6j8bymsor6HsPw3lNZTXUO4\u002fAAAAAAAA8D8="},"yaxis":"y","type":"scatter"},{"customdata":[[0,"Golden Gate Bridge","uuid_0"],[3,null,"uuid_3"],[5,null,"uuid_5"],[8,null,"uuid_8"],[10,"Times Square","uuid_10"],[13,null,"uuid_13"],[15,"Brooklyn Bridge","uuid_15"],[18,null,"uuid_18"],[20,"Hollywood Sign","uuid_20"],[23,null,"uuid_23"],[25,null,"uuid_25"],[28,null,"uuid_28"],[30,"Big Ben","uuid_30"],[33,null,"uuid_33"],[35,null,"uuid_35"],[38,null,"uuid_38"],[40,"Eiffel Tower","uuid_40"],[43,null,"uuid_43"],[45,null,"uuid_45"],[48,null,"uuid_48"],[50,"Tokyo Tower","uuid_50"],[53,null,"uuid_53"],[55,null,"uuid_55"],[58,null,"uuid_58"],[60,"Sydney Opera House","uuid_60"],[63,null,"uuid_63"],[65,null,"uuid_65"],[68,null,"uuid_68"],[70,"Red Square","uuid_70"],[73,null,"uuid_73"],[75,null,"uuid_75"],[78,null,"uuid_78"],[80,"Z\u00f3calo","uuid_80"],[83,null,"uuid_83"],[85,null,"uuid_85"],[88,null,"uuid_88"],[90,"Christ the Redeemer","uuid_90"],[93,null,"uuid_93"],[95,null,"uuid_95"],[98,null,"uuid_98"]],"hovertemplate":"group_and_count=PHOTO (40)\u003cbr\u003eTIMESTAMP_UTC=%{x}\u003cbr\u003eCDF=%{y}\u003cbr\u003edf_id=%{customdata[0]}\u003cbr\u003eNAME=%{customdata[1]}\u003cbr\u003eUUID_STRING=%{customdata[2]}\u003cextra\u003e\u003c\u002fextra\u003e","legendgroup":"PHOTO (40)","marker":{"color":"#00cc96","symbol":"circle"},"mode":"markers","name":"PHOTO (40)","orientation":"v","showlegend":true,"x":["2024-01-01T10:00:00.000000000","2024-01-01T10:15:00.000000000","2024-01-01T10:25:00.000000000","2024-01-01T10:40:00.000000000","2024-01-02T14:00:00.000000000","2024-01-02T14:15:00.000000000","2024-01-02T14:25:00.000000000","2024-01-02T14:40:00.000000000","2024-01-03T16:00:00.000000000","2024-01-03T16:15:00.000000000","2024-01-03T16:25:00.000000000","2024-01-03T16:40:00.000000000","2024-01-04T09:00:00.000000000","2024-01-04T09:15:00.000000000","2024-01-04T09:25:00.000000000","2024-01-04T09:40:00.000000000","2024-01-05T12:00:00.000000000","2024-01-05T12:15:00.000000000","2024-01-05T12:25:00.000000000","2024-01-05T12:40:00.000000000","2024-01-06T08:00:00.000000000","2024-01-06T08:15:00.000000000","2024-01-06T08:25:00.000000000","2024-01-06T08:40:00.000000000","2024-01-07T06:00:00.000000000","2024-01-07T06:15:00.000000000","2024-01-07T06:25:00.000000000","2024-01-07T06:40:00.000000000","2024-01-08T15:00:00.000000000","2024-01-08T15:15:00.000000000","2024-01-08T15:25:00.000000000","2024-01-08T15:40:00.000000000","2024-01-09T18:00:00.000000000","2024-01-09T18:15:00.000000000","2024-01-09T18:25:00.000000000","2024-01-09T18:40:00.000000000","2024-01-10T20:00:00.000000000","2024-01-10T20:15:00.000000000","2024-01-10T20:25:00.000000000","2024-01-10T20:40:00.000000000"],"xaxis":"x","y":{"dtype":"f8","bdata":"mpmZmZmZmT+amZmZmZmpPzMzMzMzM7M\u002fmpmZmZmZuT8AAAAAAADAPzMzMzMzM8M\u002fZmZmZmZmxj+amZmZmZnJP83MzMzMzMw\u002fAAAAAAAA0D+amZmZmZnRPzMzMzMzM9M\u002fzczMzMzM1D9mZmZmZmbWPwAAAAAAANg\u002fmpmZmZmZ2T8zMzMzMzPbP83MzMzMzNw\u002fZmZmZmZm3j8AAAAAAADgP83MzMzMzOA\u002fmpmZmZmZ4T9mZmZmZmbiPzMzMzMzM+M\u002fAAAAAAAA5D\u002fNzMzMzMzkP5qZmZmZmeU\u002fZmZmZmZm5j8zMzMzMzPnPwAAAAAAAOg\u002fzczMzMzM6D+amZmZmZnpP2ZmZmZmZuo\u002fMzMzMzMz6z8AAAAAAADsP83MzMzMzOw\u002fmpmZmZmZ7T9mZmZmZmbuPzMzMzMzM+8\u002fAAAAAAAA8D8="},"yaxis":"y","type":"scatter"},{"customdata":[[2,"Sunset Timelapse","uuid_2"],[7,"City panorama","uuid_7"],[11,null,"uuid_11"],[16,"Traffic flow","uuid_16"],[21,null,"uuid_21"],[26,"City lights","uuid_26"],[31,null,"uuid_31"],[36,"Thames River","uuid_36"],[41,null,"uuid_41"],[46,"Seine River cruise","uuid_46"],[51,null,"uuid_51"],[56,"Bullet train","uuid_56"],[61,null,"uuid_61"],[66,"Surfing waves","uuid_66"],[71,null,"uuid_71"],[76,"Moscow Metro","uuid_76"],[81,null,"uuid_81"],[86,"Mariachi band","uuid_86"],[91,null,"uuid_91"],[96,"Samba dancers","uuid_96"]],"hovertemplate":"group_and_count=VIDEO (20)\u003cbr\u003eTIMESTAMP_UTC=%{x}\u003cbr\u003eCDF=%{y}\u003cbr\u003edf_id=%{customdata[0]}\u003cbr\u003eNAME=%{customdata[1]}\u003cbr\u003eUUID_STRING=%{customdata[2]}\u003cextra\u003e\u003c\u002fextra\u003e","legendgroup":"VIDEO (20)","marker":{"color":"#ab63fa","symbol":"circle"},"mode":"markers","name":"VIDEO (20)","orientation":"v","showlegend":true,"x":["2024-01-01T10:10:00.000000000","2024-01-01T10:35:00.000000000","2024-01-02T14:05:00.000000000","2024-01-02T14:30:00.000000000","2024-01-03T16:05:00.000000000","2024-01-03T16:30:00.000000000","2024-01-04T09:05:00.000000000","2024-01-04T09:30:00.000000000","2024-01-05T12:05:00.000000000","2024-01-05T12:30:00.000000000","2024-01-06T08:05:00.000000000","2024-01-06T08:30:00.000000000","2024-01-07T06:05:00.000000000","2024-01-07T06:30:00.000000000","2024-01-08T15:05:00.000000000","2024-01-08T15:30:00.000000000","2024-01-09T18:05:00.000000000","2024-01-09T18:30:00.000000000","2024-01-10T20:05:00.000000000","2024-01-10T20:30:00.000000000"],"xaxis":"x","y":{"dtype":"f8","bdata":"mpmZmZmZqT+amZmZmZm5PzMzMzMzM8M\u002fmpmZmZmZyT8AAAAAAADQPzMzMzMzM9M\u002fZmZmZmZm1j+amZmZmZnZP83MzMzMzNw\u002fAAAAAAAA4D+amZmZmZnhPzMzMzMzM+M\u002fzczMzMzM5D9mZmZmZmbmPwAAAAAAAOg\u002fmpmZmZmZ6T8zMzMzMzPrP83MzMzMzOw\u002fZmZmZmZm7j8AAAAAAADwPw=="},"yaxis":"y","type":"scatter"}],                        {"template":{"data":{"histogram2dcontour":[{"type":"histogram2dcontour","colorbar":{"outlinewidth":0,"ticks":""},"colorscale":[[0.0,"#0d0887"],[0.1111111111111111,"#46039f"],[0.2222222222222222,"#7201a8"],[0.3333333333333333,"#9c179e"],[0.4444444444444444,"#bd3786"],[0.5555555555555556,"#d8576b"],[0.6666666666666666,"#ed7953"],[0.7777777777777778,"#fb9f3a"],[0.8888888888888888,"#fdca26"],[1.0,"#f0f921"]]}],"choropleth":[{"type":"choropleth","colorbar":{"outlinewidth":0,"ticks":""}}],"histogram2d":[{"type":"histogram2d","colorbar":{"outlinewidth":0,"ticks":""},"colorscale":[[0.0,"#0d0887"],[0.1111111111111111,"#46039f"],[0.2222222222222222,"#7201a8"],[0.3333333333333333,"#9c179e"],[0.4444444444444444,"#bd3786"],[0.5555555555555556,"#d8576b"],[0.6666666666666666,"#ed7953"],[0.7777777777777778,"#fb9f3a"],[0.8888888888888888,"#fdca26"],[1.0,"#f0f921"]]}],"heatmap":[{"type":"heatmap","colorbar":{"outlinewidth":0,"ticks":""},"colorscale":[[0.0,"#0d0887"],[0.1111111111111111,"#46039f"],[0.2222222222222222,"#7201a8"],[0.3333333333333333,"#9c179e"],[0.4444444444444444,"#bd3786"],[0.5555555555555556,"#d8576b"],[0.6666666666666666,"#ed7953"],[0.7777777777777778,"#fb9f3a"],[0.8888888888888888,"#fdca26"],[1.0,"#f0f921"]]}],"contourcarpet":[{"type":"contourcarpet","colorbar":{"outlinewidth":0,"ticks":""}}],"contour":[{"type":"contour","colorbar":{"outlinewidth":0,"ticks":""},"colorscale":[[0.0,"#0d0887"],[0.1111111111111111,"#46039f"],[0.2222222222222222,"#7201a8"],[0.3333333333333333,"#9c179e"],[0.4444444444444444,"#bd3786"],[0.5555555555555556,"#d8576b"],[0.6666666666666666,"#ed7953"],[0.7777777777777778,"#fb9f3a"],[0.8888888888888888,"#fdca26"],[1.0,"#f0f921"]]}],"surface":[{"type":"surface","colorbar":{"outlinewidth":0,"ticks":""},"colorscale":[[0.0,"#0d0887"],[0.1111111111111111,"#46039f"],[0.2222222222222222,"#7201a8"],[0.3333333333333333,"#9c179e"],[0.4444444444444444,"#bd3786"],[0.5555555555555556,"#d8576b"],[0.6666666666666666,"#ed7953"],[0.7777777777777778,"#fb9f3a"],[0.8888888888888888,"#fdca26"],[1.0,"#f0f921"]]}],"mesh3d":[{"type":"mesh3d","colorbar":{"outlinewidth":0,"ticks":""}}],"scatter":[{"fillpattern":{"fillmode":"overlay","size":10,"solidity":0.2},"type":"scatter"}],"parcoords":[{"type":"parcoords","line":{"colorbar":{"outlinewidth":0,"ticks":""}}}],"scatterpolargl":[{"type":"scatterpolargl","marker":{"colorbar":{"outlinewidth":0,"ticks":""}}}],"bar":[{"error_x":{"color":"#2a3f5f"},"error_y":{"color":"#2a3f5f"},"marker":{"line":{"color":"#E5ECF6","width":0.5},"pattern":{"fillmode":"overlay","size":10,"solidity":0.2}},"type":"bar"}],"scattergeo":[{"type":"scattergeo","marker":{"colorbar":{"outlinewidth":0,"ticks":""}}}],"scatterpolar":[{"type":"scatterpolar","marker":{"colorbar":{"outlinewidth":0,"ticks":""}}}],"histogram":[{"marker":{"pattern":{"fillmode":"overlay","size":10,"solidity":0.2}},"type":"histogram"}],"scattergl":[{"type":"scattergl","marker":{"colorbar":{"outlinewidth":0,"ticks":""}}}],"scatter3d":[{"type":"scatter3d","line":{"colorbar":{"outlinewidth":0,"ticks":""}},"marker":{"colorbar":{"outlinewidth":0,"ticks":""}}}],"scattermap":[{"type":"scattermap","marker":{"colorbar":{"outlinewidth":0,"ticks":""}}}],"scattermapbox":[{"type":"scattermapbox","marker":{"colorbar":{"outlinewidth":0,"ticks":""}}}],"scatterternary":[{"type":"scatterternary","marker":{"colorbar":{"outlinewidth":0,"ticks":""}}}],"scattercarpet":[{"type":"scattercarpet","marker":{"colorbar":{"outlinewidth":0,"ticks":""}}}],"carpet":[{"aaxis":{"endlinecolor":"#2a3f5f","gridcolor":"white","linecolor":"white","minorgridcolor":"white","startlinecolor":"#2a3f5f"},"baxis":{"endlinecolor":"#2a3f5f","gridcolor":"white","linecolor":"white","minorgridcolor":"white","startlinecolor":"#2a3f5f"},"type":"carpet"}],"table":[{"cells":{"fill":{"color":"#EBF0F8"},"line":{"color":"white"}},"header":{"fill":{"color":"#C8D4E3"},"line":{"color":"white"}},"type":"table"}],"barpolar":[{"marker":{"line":{"color":"#E5ECF6","width":0.5},"pattern":{"fillmode":"overlay","size":10,"solidity":0.2}},"type":"barpolar"}],"pie":[{"automargin":true,"type":"pie"}]},"layout":{"autotypenumbers":"strict","colorway":["#636efa","#EF553B","#00cc96","#ab63fa","#FFA15A","#19d3f3","#FF6692","#B6E880","#FF97FF","#FECB52"],"font":{"color":"#2a3f5f"},"hovermode":"closest","hoverlabel":{"align":"left"},"paper_bgcolor":"white","plot_bgcolor":"#E5ECF6","polar":{"bgcolor":"#E5ECF6","angularaxis":{"gridcolor":"white","linecolor":"white","ticks":""},"radialaxis":{"gridcolor":"white","linecolor":"white","ticks":""}},"ternary":{"bgcolor":"#E5ECF6","aaxis":{"gridcolor":"white","linecolor":"white","ticks":""},"baxis":{"gridcolor":"white","linecolor":"white","ticks":""},"caxis":{"gridcolor":"white","linecolor":"white","ticks":""}},"coloraxis":{"colorbar":{"outlinewidth":0,"ticks":""}},"colorscale":{"sequential":[[0.0,"#0d0887"],[0.1111111111111111,"#46039f"],[0.2222222222222222,"#7201a8"],[0.3333333333333333,"#9c179e"],[0.4444444444444444,"#bd3786"],[0.5555555555555556,"#d8576b"],[0.6666666666666666,"#ed7953"],[0.7777777777777778,"#fb9f3a"],[0.8888888888888888,"#fdca26"],[1.0,"#f0f921"]],"sequentialminus":[[0.0,"#0d0887"],[0.1111111111111111,"#46039f"],[0.2222222222222222,"#7201a8"],[0.3333333333333333,"#9c179e"],[0.4444444444444444,"#bd3786"],[0.5555555555555556,"#d8576b"],[0.6666666666666666,"#ed7953"],[0.7777777777777778,"#fb9f3a"],[0.8888888888888888,"#fdca26"],[1.0,"#f0f921"]],"diverging":[[0,"#8e0152"],[0.1,"#c51b7d"],[0.2,"#de77ae"],[0.3,"#f1b6da"],[0.4,"#fde0ef"],[0.5,"#f7f7f7"],[0.6,"#e6f5d0"],[0.7,"#b8e186"],[0.8,"#7fbc41"],[0.9,"#4d9221"],[1,"#276419"]]},"xaxis":{"gridcolor":"white","linecolor":"white","ticks":"","title":{"standoff":15},"zerolinecolor":"white","automargin":true,"zerolinewidth":2},"yaxis":{"gridcolor":"white","linecolor":"white","ticks":"","title":{"standoff":15},"zerolinecolor":"white","automargin":true,"zerolinewidth":2},"scene":{"xaxis":{"backgroundcolor":"#E5ECF6","gridcolor":"white","linecolor":"white","showbackground":true,"ticks":"","zerolinecolor":"white","gridwidth":2},"yaxis":{"backgroundcolor":"#E5ECF6","gridcolor":"white","linecolor":"white","showbackground":true,"ticks":"","zerolinecolor":"white","gridwidth":2},"zaxis":{"backgroundcolor":"#E5ECF6","gridcolor":"white","linecolor":"white","showbackground":true,"ticks":"","zerolinecolor":"white","gridwidth":2}},"shapedefaults":{"line":{"color":"#2a3f5f"}},"annotationdefaults":{"arrowcolor":"#2a3f5f","arrowhead":0,"arrowwidth":1},"geo":{"bgcolor":"white","landcolor":"#E5ECF6","subunitcolor":"white","showland":true,"showlakes":true,"lakecolor":"white"},"title":{"x":0.05},"mapbox":{"style":"light"}}},"xaxis":{"anchor":"y","domain":[0.0,1.0],"title":{"text":"Time"},"type":"date","tickangle":45},"yaxis":{"anchor":"x","domain":[0.0,1.0],"title":{"text":"CDF"}},"legend":{"title":{"text":"group_and_count"},"tracegroupgap":0},"margin":{"t":60},"title":{"text":"Test Individual CDF, Grouped By Type"},"hovermode":"closest","showlegend":true},                        {"responsive": true}                    )                };            </script>        </div>
</body>
</html>