<html>
<head><meta charset="utf-8" /></head>
<body>
    <div>                        <script type="text/javascript">window.PlotlyConfig = {MathJaxConfig: 'local'};</script>
        <script charset="utf-8" src="https://cdn.plot.ly/plotly-3.0.1.min.js" integrity="sha256-oy6Be7Eh6eiQFs5M7oXuPxxm9qbJXEtTpfSI93dW16Q=" crossorigin="anonymous"></script>                <div id="test-plot-div" class="plotly-graph-div" style="height:100%; width:100%;"></div>            <script type="text/javascript">                window.PLOTLYENV=window.PLOTLYENV || {};                                if (document.getElementById("test-plot-div")) {                    Plotly.newPlot(                        "test-plot-div",                        [{"hovertemplate":"SEMANTIC_EMBEDDING_UMAP_LONGITUDE=%{x}\u003cbr\u003eSEMANTIC_EMBEDDING_UMAP_LATITUDE=%{y}\u003cbr\u003eTRUE_CLASS=%{marker.color}\u003cextra\u003e\u003c\u002fextra\u003e","legendgroup":"","marker":{"color":{"dtype":"i1","bdata":"AAECAAECAAECAAECAAECAAECAAECAAECAAECAAECAAECAAECAAECAAECAAECAAECAAECAAECAAECAAECAAECAAECAAECAAECAAECAAECAAECAAECAAECAAECAAECAAECAAECAA=="},"coloraxis":"coloraxis","symbol":"circle"},"mode":"markers","name":"","orientation":"v","showlegend":false,"x":{"dtype":"f8","bdata":"AAAAgCsVPEAAAACg64xiwAAAAAAAAPh\u002fAAAAYETXREAAAADghwFlQAAAACD15VXAAAAAANBsT0AAAAAAAAD4fwAAAKDR7TrAAAAAgOIJRkAAAAAgmkhSwAAAAKDKVmHAAAAAgACUMEAAAADA98xiQAAAAAB1a0jAAAAAADkFOUAAAACgHrFkwAAAAMDGk1PAAAAAAODZSkAAAABgVDtWwAAAAACMkVzAAAAAgEjJWkAAAABgnkhjQAAAAODFV2NAAAAAQPMzSEAAAAAghmxlwAAAAGBrg2TAAAAAQGfqTkAAAACAy1tewAAAAGCdK2ZAAAAAQNm\u002fUUAAAACgtM5bwAAAAIBIC0NAAAAAwL\u002faSUAAAADAu5BPwAAAAGCxxWPAAAAAQPR4HcAAAACgXuhjQAAAAAAAAPh\u002fAAAAILZLQ0AAAADg66FkQAAAACDJj1RAAAAAAE3bFkAAAADA2E1kwAAAAOCphVPAAAAAoDzyU0AAAACgWXBawAAAAMCjSzjAAAAAIIUBWEAAAABARf1RwAAAAOAjgSNAAAAAwKNrVUAAAADAleBgwAAAAOCgPWXAAAAAoEawRUAAAAAA0bRUwAAAACB+n0zAAAAAYKb2VUAAAACgbfJhQAAAAGAPdVLAAAAAgKCkE0AAAAAgIC5dwAAAAKBLpV7AAAAA4IRQWUAAAAAgYRVdQAAAACDLiV5AAAAAgLFpRUAAAABAuSpmwAAAAABXD2HAAAAAgDJhL0AAAADAmv5VwAAAAAAR7U\u002fAAAAAQKBwGsAAAABA0S1mQAAAAOAKolDAAAAAYM7rJkAAAABgQ61KwAAAAAAAAPh\u002fAAAAAH5uWEAAAACge3BUwAAAACB2j0fAAAAAoCrVQ0AAAADgbUVmQAAAACAwLmBAAAAAgMxPUUAAAAAAAAD4fwAAAMAAIWJAAAAA4OljW0AAAACgig1gwAAAAKDcgVXAAAAAIFIWVEAAAACgtQViwAAAAEAill\u002fAAAAAoDa1K0AAAABA08piwAAAACBa6lbAAAAA4HRwKkAAAAAAPOVkwAAAAAAJ5VfAAAAAIDO\u002fVEA="},"xaxis":"x","y":{"dtype":"f8","bdata":"AAAAAKYKJsAAAABAa95CQAAAAAAAAPh\u002fAAAAAD2RL8AAAAAA0yo\u002fQAAAAIBUdTPAAAAAAD5IIMAAAAAAAAD4fwAAAMDLxlHAAAAAAPMRLkAAAABALUxLQAAAAIDwlUXAAAAAAJkXOkAAAAAg65dUQAAAAAA5nVLAAAAAQC7eQkAAAABACQI6QAAAAIDhR0nAAAAAANxtAcAAAABAUqROQAAAAIAA+k3AAAAAANBfHkAAAACgxLJAQAAAAADxQlDAAAAAAAo\u002fLUAAAABg0q1LQAAAAMD0xUHAAAAAgERuRMAAAACgGphCQAAAAAAsjkjAAAAAAJxpGcAAAAAAKGw3QAAAAAAYFFTAAAAAANpORMAAAAAARvNGQAAAAIAT4kXAAAAAAOY+JUAAAACgKPtKQAAAAAAAAPh\u002fAAAAAKBpMUAAAACAGOM1QAAAAMCqNlXAAAAAADfLM0AAAAAAkzwpQAAAAAAjrU7AAAAAAI8MNsAAAACg8GZCQAAAAIC4tFDAAAAAAAwhLsAAAACAHLlHQAAAAADzelLAAAAAAHc3P8AAAAAAk3xSQAAAAAAaA0vAAAAAgGR7QsAAAABAjKdRQAAAAABZtU3AAAAAABIjNkAAAADA9YRQQAAAAAAG6kHAAAAAAA0AK0AAAACg78xIQAAAAIA7h0DAAAAAAM5CLUAAAABAlXFQQAAAAECMI1bAAAAAQNgqREAAAAAAUG0xQAAAAIAwzlDAAAAAgHcxP8AAAAAAOxE+QAAAAACQOjfAAAAAAJynBcAAAAAARGcoQAAAAIBxaDTAAAAAYO4SRUAAAABAX8FSQAAAAAAAAPh\u002fAAAAAKAmGsAAAAAg8ZdBQAAAAIA7ekjAAAAAAMkhQsAAAAAA12lEQAAAAADm51DAAAAAgJkSMkAAAAAAAAD4fwAAAAD4cUzAAAAAAP71IkAAAADgq1xNQAAAAAAxNEXAAAAAgIHhPEAAAAAAFHZIQAAAAIDVF0DAAAAAAChUJMAAAAAAjFgyQAAAAIBFdDbAAAAA4B0FQkAAAACgrx5HQAAAAICo90fAAAAAAIB81D8="},"yaxis":"y","type":"scatter"}],                        {"template":{"data":{"histogram2dcontour":[{"type":"histogram2dcontour","colorbar":{"outlinewidth":0,"ticks":""},"colorscale":[[0.0,"#0d0887"],[0.1111111111111111,"#46039f"],[0.2222222222222222,"#7201a8"],[0.3333333333333333,"#9c179e"],[0.4444444444444444,"#bd3786"],[0.5555555555555556,"#d8576b"],[0.6666666666666666,"#ed7953"],[0.7777777777777778,"#fb9f3a"],[0.8888888888888888,"#fdca26"],[1.0,"#f0f921"]]}],"choropleth":[{"type":"choropleth","colorbar":{"outlinewidth":0,"ticks":""}}],"histogram2d":[{"type":"histogram2d","colorbar":{"outlinewidth":0,"ticks":""},"colorscale":[[0.0,"#0d0887"],[0.1111111111111111,"#46039f"],[0.2222222222222222,"#7201a8"],[0.3333333333333333,"#9c179e"],[0.4444444444444444,"#bd3786"],[0.5555555555555556,"#d8576b"],[0.6666666666666666,"#ed7953"],[0.7777777777777778,"#fb9f3a"],[0.8888888888888888,"#fdca26"],[1.0,"#f0f921"]]}],"heatmap":[{"type":"heatmap","colorbar":{"outlinewidth":0,"ticks":""},"colorscale":[[0.0,"#0d0887"],[0.1111111111111111,"#46039f"],[0.2222222222222222,"#7201a8"],[0.3333333333333333,"#9c179e"],[0.4444444444444444,"#bd3786"],[0.5555555555555556,"#d8576b"],[0.6666666666666666,"#ed7953"],[0.7777777777777778,"#fb9f3a"],[0.8888888888888888,"#fdca26"],[1.0,"#f0f921"]]}],"contourcarpet":[{"type":"contourcarpet","colorbar":{"outlinewidth":0,"ticks":""}}],"contour":[{"type":"contour","colorbar":{"outlinewidth":0,"ticks":""},"colorscale":[[0.0,"#0d0887"],[0.1111111111111111,"#46039f"],[0.2222222222222222,"#7201a8"],[0.3333333333333333,"#9c179e"],[0.4444444444444444,"#bd3786"],[0.5555555555555556,"#d8576b"],[0.6666666666666666,"#ed7953"],[0.7777777777777778,"#fb9f3a"],[0.8888888888888888,"#fdca26"],[1.0,"#f0f921"]]}],"surface":[{"type":"surface","colorbar":{"outlinewidth":0,"ticks":""},"colorscale":[[0.0,"#0d0887"],[0.1111111111111111,"#46039f"],[0.2222222222222222,"#7201a8"],[0.3333333333333333,"#9c179e"],[0.4444444444444444,"#bd3786"],[0.5555555555555556,"#d8576b"],[0.6666666666666666,"#ed7953"],[0.7777777777777778,"#fb9f3a"],[0.8888888888888888,"#fdca26"],[1.0,"#f0f921"]]}],"mesh3d":[{"type":"mesh3d","colorbar":{"outlinewidth":0,"ticks":""}}],"scatter":[{"fillpattern":{"fillmode":"overlay","size":10,"solidity":0.2},"type":"scatter"}],"parcoords":[{"type":"parcoords","line":{"colorbar":{"outlinewidth":0,"ticks":""}}}],"scatterpolargl":[{"type":"scatterpolargl","marker":{"colorbar":{"outlinewidth":0,"ticks":""}}}],"bar":[{"error_x":{"color":"#2a3f5f"},"error_y":{"color":"#2a3f5f"},"marker":{"line":{"color":"#E5ECF6","width":0.5},"pattern":{"fillmode":"overlay","size":10,"solidity":0.2}},"type":"bar"}],"scattergeo":[{"type":"scattergeo","marker":{"colorbar":{"outlinewidth":0,"ticks":""}}}],"scatterpolar":[{"type":"scatterpolar","marker":{"colorbar":{"outlinewidth":0,"ticks":""}}}],"histogram":[{"marker":{"pattern":{"fillmode":"overlay","size":10,"solidity":0.2}},"type":"histogram"}],"scattergl":[{"type":"scattergl","marker":{"colorbar":{"outlinewidth":0,"ticks":""}}}],"scatter3d":[{"type":"scatter3d","line":{"colorbar":{"outlinewidth":0,"ticks":""}},"marker":{"colorbar":{"outlinewidth":0,"ticks":""}}}],"scattermap":[{"type":"scattermap","marker":{"colorbar":{"outlinewidth":0,"ticks":""}}}],"scattermapbox":[{"type":"scattermapbox","marker":{"colorbar":{"outlinewidth":0,"ticks":""}}}],"scatterternary":[{"type":"scatterternary","marker":{"colorbar":{"outlinewidth":0,"ticks":""}}}],"scattercarpet":[{"type":"scattercarpet","marker":{"colorbar":{"outlinewidth":0,"ticks":""}}}],"carpet":[{"aaxis":{"endlinecolor":"#2a3f5f","gridcolor":"white","linecolor":"white","minorgridcolor":"white","startlinecolor":"#2a3f5f"},"baxis":{"endlinecolor":"#2a3f5f","gridcolor":"white","linecolor":"white","minorgridcolor":"white","startlinecolor":"#2a3f5f"},"type":"carpet"}],"table":[{"cells":{"fill":{"color":"#EBF0F8"},"line":{"color":"white"}},"header":{"fill":{"color":"#C8D4E3"},"line":{"color":"white"}},"type":"table"}],"barpolar":[{"marker":{"line":{"color":"#E5ECF6","width":0.5},"pattern":{"fillmode":"overlay","size":10,"solidity":0.2}},"type":"barpolar"}],"pie":[{"automargin":true,"type":"pie"}]},"layout":{"autotypenumbers":"strict","colorway":["#636efa","#EF553B","#00cc96","#ab63fa","#FFA15A","#19d3f3","#FF6692","#B6E880","#FF97FF","#FECB52"],"font":{"color":"#2a3f5f"},"hovermode":"closest","hoverlabel":{"align":"left"},"paper_bgcolor":"white","plot_bgcolor":"#E5ECF6","polar":{"bgcolor":"#E5ECF6","angularaxis":{"gridcolor":"white","linecolor":"white","ticks":""},"radialaxis":{"gridcolor":"white","linecolor":"white","ticks":""}},"ternary":{"bgcolor":"#E5ECF6","aaxis":{"gridcolor":"white","linecolor":"white","ticks":""},"baxis":{"gridcolor":"white","linecolor":"white","ticks":""},"caxis":{"gridcolor":"white","linecolor":"white","ticks":""}},"coloraxis":{"colorbar":{"outlinewidth":0,"ticks":""}},"colorscale":{"sequential":[[0.0,"#0d0887"],[0.1111111111111111,"#46039f"],[0.2222222222222222,"#7201a8"],[0.3333333333333333,"#9c179e"],[0.4444444444444444,"#bd3786"],[0.5555555555555556,"#d8576b"],[0.6666666666666666,"#ed7953"],[0.7777777777777778,"#fb9f3a"],[0.8888888888888888,"#fdca26"],[1.0,"#f0f921"]],"sequentialminus":[[0.0,"#0d0887"],[0.1111111111111111,"#46039f"],[0.2222222222222222,"#7201a8"],[0.3333333333333333,"#9c179e"],[0.4444444444444444,"#bd3786"],[0.5555555555555556,"#d8576b"],[0.6666666666666666,"#ed7953"],[0.7777777777777778,"#fb9f3a"],[0.8888888888888888,"#fdca26"],[1.0,"#f0f921"]],"diverging":[[0,"#8e0152"],[0.1,"#c51b7d"],[0.2,"#de77ae"],[0.3,"#f1b6da"],[0.4,"#fde0ef"],[0.5,"#f7f7f7"],[0.6,"#e6f5d0"],[0.7,"#b8e186"],[0.8,"#7fbc41"],[0.9,"#4d9221"],[1,"#276419"]]},"xaxis":{"gridcolor":"white","linecolor":"white","ticks":"","title":{"standoff":15},"zerolinecolor":"white","automargin":true,"zerolinewidth":2},"yaxis":{"gridcolor":"white","linecolor":"white","ticks":"","title":{"standoff":15},"zerolinecolor":"white","automargin":true,"zerolinewidth":2},"scene":{"xaxis":{"backgroundcolor":"#E5ECF6","gridcolor":"white","linecolor":"white","showbackground":true,"ticks":"","zerolinecolor":"white","gridwidth":2},"yaxis":{"backgroundcolor":"#E5ECF6","gridcolor":"white","linecolor":"white","showbackground":true,"ticks":"","zerolinecolor":"white","gridwidth":2},"zaxis":{"backgroundcolor":"#E5ECF6","gridcolor":"white","linecolor":"white","showbackground":true,"ticks":"","zerolinecolor":"white","gridwidth":2}},"shapedefaults":{"line":{"color":"#2a3f5f"}},"annotationdefaults":{"arrowcolor":"#2a3f5f","arrowhead":0,"arrowwidth":1},"geo":{"bgcolor":"white","landcolor":"#E5ECF6","subunitcolor":"white","showland":true,"showlakes":true,"lakecolor":"white"},"title":{"x":0.05},"mapbox":{"style":"light"}}},"xaxis":{"anchor":"y","domain":[0.0,1.0],"title":{"text":"SEMANTIC_EMBEDDING_UMAP_LONGITUDE"}},"yaxis":{"anchor":"x","domain":[0.0,1.0],"title":{"text":"SEMANTIC_EMBEDDING_UMAP_LATITUDE"}},"coloraxis":{"colorbar":{"title":{"text":"TRUE_CLASS"}},"colorscale":[[0.0,"#0d0887"],[0.1111111111111111,"#46039f"],[0.2222222222222222,"#7201a8"],[0.3333333333333333,"#9c179e"],[0.4444444444444444,"#bd3786"],[0.5555555555555556,"#d8576b"],[0.6666666666666666,"#ed7953"],[0.7777777777777778,"#fb9f3a"],[0.8888888888888888,"#fdca26"],[1.0,"#f0f921"]]},"legend":{"tracegroupgap":0},"margin":{"t":60}},                        {"responsive": true}                    )                };            </script>        </div>
</body>
</html>