<html>
<head><meta charset="utf-8" /></head>
<body>
    <div>                        <script type="text/javascript">window.PlotlyConfig = {MathJaxConfig: 'local'};</script>
        <script charset="utf-8" src="https://cdn.plot.ly/plotly-3.0.1.min.js"></script>                <div id="test-plot-div" class="plotly-graph-div" style="height:100%; width:100%;"></div>            <script type="text/javascript">                window.PLOTLYENV=window.PLOTLYENV || {};                                if (document.getElementById("test-plot-div")) {                    Plotly.newPlot(                        "test-plot-div",                        [{"customdata":[[5,1,"uuid_5",null,"PHOTO","2024-01-01T10:25:00"],[8,1,"uuid_8",null,"PHOTO","2024-01-01T10:40:00"],[10,1,"uuid_10","Times Square","PHOTO","2024-01-02T14:00:00"],[13,1,"uuid_13",null,"PHOTO","2024-01-02T14:15:00"],[15,1,"uuid_15","Brooklyn Bridge","PHOTO","2024-01-02T14:25:00"],[18,1,"uuid_18",null,"PHOTO","2024-01-02T14:40:00"],[20,1,"uuid_20","Hollywood Sign","PHOTO","2024-01-03T16:00:00"],[23,1,"uuid_23",null,"PHOTO","2024-01-03T16:15:00"],[25,1,"uuid_25",null,"PHOTO","2024-01-03T16:25:00"],[28,1,"uuid_28",null,"PHOTO","2024-01-03T16:40:00"],[30,1,"uuid_30","Big Ben","PHOTO","2024-01-04T09:00:00"],[33,1,"uuid_33",null,"PHOTO","2024-01-04T09:15:00"],[35,1,"uuid_35",null,"PHOTO","2024-01-04T09:25:00"],[38,1,"uuid_38",null,"PHOTO","2024-01-04T09:40:00"],[40,1,"uuid_40","Eiffel Tower","PHOTO","2024-01-05T12:00:00"],[43,1,"uuid_43",null,"PHOTO","2024-01-05T12:15:00"],[45,1,"uuid_45",null,"PHOTO","2024-01-05T12:25:00"],[48,1,"uuid_48",null,"PHOTO","2024-01-05T12:40:00"],[50,1,"uuid_50","Tokyo Tower","PHOTO","2024-01-06T08:00:00"],[53,1,"uuid_53",null,"PHOTO","2024-01-06T08:15:00"],[55,1,"uuid_55",null,"PHOTO","2024-01-06T08:25:00"],[58,1,"uuid_58",null,"PHOTO","2024-01-06T08:40:00"],[60,1,"uuid_60","Sydney Opera House","PHOTO","2024-01-07T06:00:00"],[63,1,"uuid_63",null,"PHOTO","2024-01-07T06:15:00"],[65,1,"uuid_65",null,"PHOTO","2024-01-07T06:25:00"],[68,1,"uuid_68",null,"PHOTO","2024-01-07T06:40:00"],[70,1,"uuid_70","Red Square","PHOTO","2024-01-08T15:00:00"],[73,1,"uuid_73",null,"PHOTO","2024-01-08T15:15:00"],[75,1,"uuid_75",null,"PHOTO","2024-01-08T15:25:00"],[78,1,"uuid_78",null,"PHOTO","2024-01-08T15:40:00"],[80,1,"uuid_80","Z\u00f3calo","PHOTO","2024-01-09T18:00:00"],[83,1,"uuid_83",null,"PHOTO","2024-01-09T18:15:00"],[85,1,"uuid_85",null,"PHOTO","2024-01-09T18:25:00"],[88,1,"uuid_88",null,"PHOTO","2024-01-09T18:40:00"],[90,1,"uuid_90","Christ the Redeemer","PHOTO","2024-01-10T20:00:00"],[93,1,"uuid_93",null,"PHOTO","2024-01-10T20:15:00"],[95,1,"uuid_95",null,"PHOTO","2024-01-10T20:25:00"],[98,1,"uuid_98",null,"PHOTO","2024-01-10T20:40:00"]],"hovertemplate":"Group (Count)=PHOTO (38)\u003cbr\u003emarker_size=%{marker.size}\u003cbr\u003eGPS_LATITUDE=%{lat}\u003cbr\u003eGPS_LONGITUDE=%{lon}\u003cbr\u003eCOUNT=%{customdata[1]}\u003cbr\u003eNAME=%{customdata[3]}\u003cbr\u003eDATA_TYPE=%{customdata[4]}\u003cbr\u003eTIMESTAMP_UTC=%{customdata[5]}\u003cextra\u003e\u003c\u002fextra\u003e","lat":{"dtype":"f8","bdata":"Njy9UpbpQkDarPpcbe1CQF5LyAc9W0RAArwFEhRfREDEsS5uo2FEQGgibHh6ZURA9GxWfa4GQUCY3ZOHhQpBQFvTvOMUDUFA\u002fkP67esQQUDF\u002frJ78sBJQGlv8IXJxElALGUZ4ljHSUDQ1VbsL8tJQHbgnBGlbUhAGlHaG3xxSEDcRgN4C3RIQIC3QILid0hAEce6uI3WQUC1N\u002fjCZNpBQHctIR\u002f03EFAG55eKcvgQUDlYaHWNO9AwEHxY8xd60DAf\u002fs6cM7oQMDbiv1l9+RAwI0o7Q2+4EtAMZkqGJXkS0DzjlN0JOdLQJf\u002fkH776ktA5j+k375uM0AtIR\u002f0bHYzQLMMcayLezNA+u3rwDmDM0BHA3gLJOg2wP8h\u002ffZ14DbAejarPlfbNsAyVTAqqdM2wA=="},"legendgroup":"PHOTO (38)","lon":{"dtype":"f8","bdata":"HcnlP6SXXsDLEMe6uJVewKrx0k1igFLA\u002fKnx0k2CUsDdJAaBlYNSwC\u002fdJAaBhVLAQYLix5iPXcCTOgFNhJFdwHS1FfvLkl3Axm00gLeUXcDr4jYawFvAv8KGp1fKMsS\u002fUkmdgCbCxr8p7Q2+MJnKv6g1zTtO0QJA5j+k374OA0APnDOitDcDQEymCkYldQNA1xLyQc90YUAAb4EExXVhQHGsi9todmFAmggbnl53YUCx4emVsuZiQIiFWtO85WJAF0hQ\u002fBjlYkDu68A5I+RiQDsBTYQNz0JA3nGKjuTSQkChZ7Pqc9VCQEXY8PRK2UJA8fRKWYbIWMBDrWneccpYwCQofoy5y1jAduCcEaXNWMA8vVKWIZZFwJhMFYxKkkXA1lbsL7uPRcAy5q4l5ItFwA=="},"marker":{"color":"#636efa","size":{"dtype":"f8","bdata":"AAAAAAAANEAAAAAAAAA0QAAAAAAAADRAAAAAAAAANEAAAAAAAAA0QAAAAAAAADRAAAAAAAAANEAAAAAAAAA0QAAAAAAAADRAAAAAAAAANEAAAAAAAAA0QAAAAAAAADRAAAAAAAAANEAAAAAAAAA0QAAAAAAAADRAAAAAAAAANEAAAAAAAAA0QAAAAAAAADRAAAAAAAAANEAAAAAAAAA0QAAAAAAAADRAAAAAAAAANEAAAAAAAAA0QAAAAAAAADRAAAAAAAAANEAAAAAAAAA0QAAAAAAAADRAAAAAAAAANEAAAAAAAAA0QAAAAAAAADRAAAAAAAAANEAAAAAAAAA0QAAAAAAAADRAAAAAAAAANEAAAAAAAAA0QAAAAAAAADRAAAAAAAAANEAAAAAAAAA0QA=="},"sizemode":"area","sizeref":0.05},"mode":"markers","name":"PHOTO (38)","showlegend":true,"subplot":"map","type":"scattermap"},{"customdata":[[6,1,"uuid_6",null,"GPX_TRACKPOINT","2024-01-01T10:30:00"],[9,1,"uuid_9",null,"GPX_TRACKPOINT","2024-01-01T10:45:00"],[14,1,"uuid_14",null,"GPX_TRACKPOINT","2024-01-02T14:20:00"],[17,1,"uuid_17",null,"GPX_TRACKPOINT","2024-01-02T14:35:00"],[22,1,"uuid_22",null,"GPX_TRACKPOINT","2024-01-03T16:10:00"],[27,1,"uuid_27",null,"GPX_TRACKPOINT","2024-01-03T16:35:00"],[32,1,"uuid_32",null,"GPX_TRACKPOINT","2024-01-04T09:10:00"],[37,1,"uuid_37",null,"GPX_TRACKPOINT","2024-01-04T09:35:00"],[42,1,"uuid_42",null,"GPX_TRACKPOINT","2024-01-05T12:10:00"],[47,1,"uuid_47",null,"GPX_TRACKPOINT","2024-01-05T12:35:00"],[52,1,"uuid_52",null,"GPX_TRACKPOINT","2024-01-06T08:10:00"],[57,1,"uuid_57",null,"GPX_TRACKPOINT","2024-01-06T08:35:00"],[62,1,"uuid_62",null,"GPX_TRACKPOINT","2024-01-07T06:10:00"],[67,1,"uuid_67",null,"GPX_TRACKPOINT","2024-01-07T06:35:00"],[72,1,"uuid_72",null,"GPX_TRACKPOINT","2024-01-08T15:10:00"],[77,1,"uuid_77",null,"GPX_TRACKPOINT","2024-01-08T15:35:00"],[82,1,"uuid_82",null,"GPX_TRACKPOINT","2024-01-09T18:10:00"],[87,1,"uuid_87",null,"GPX_TRACKPOINT","2024-01-09T18:35:00"],[92,1,"uuid_92",null,"GPX_TRACKPOINT","2024-01-10T20:10:00"],[97,1,"uuid_97",null,"GPX_TRACKPOINT","2024-01-10T20:35:00"]],"hovertemplate":"Group (Count)=GPX_TRACKPOINT (20)\u003cbr\u003emarker_size=%{marker.size}\u003cbr\u003eGPS_LATITUDE=%{lat}\u003cbr\u003eGPS_LONGITUDE=%{lon}\u003cbr\u003eCOUNT=%{customdata[1]}\u003cbr\u003eNAME=%{customdata[3]}\u003cbr\u003eDATA_TYPE=%{customdata[4]}\u003cbr\u003eTIMESTAMP_UTC=%{customdata[5]}\u003cextra\u003e\u003c\u002fextra\u003e","lat":{"dtype":"f8","bdata":"F7fRAN7qQkC7Jw8Lte5CQOM2GsBbYERAh6dXyjJkREC3Yn\u002fZPQlBQB3J5T+kD0FAiPTb14HDSUDuWkI+6MlJQDnWxW00cEhAnzws1Jp2SEDTvOMUHdlBQDojSnuD30FAImx4eqXsQMC8BRIUP+ZAwE8eFmpN40tAtoR80LPpS0BrK\u002faX3XMzQDj4wmSqgDNAwhcmUwXjNsD1SlmGONY2wA=="},"legendgroup":"GPX_TRACKPOINT (20)","lon":{"dtype":"f8","bdata":"rIvbaACXXsBb07zjFJVewG3n+6nxglLAvp8aL92EUsAi\u002ffZ14JBdwFUwKqkTlF3AeqUsQxzrwr\u002fhC5OpglHJv9GRXP5D+gJAOPjCZKpgA0BIUPwYc3VhQOLplbIMd2FAQKTfvg7mYkCmCkYldeRiQP32deCc0UJAZF3cRgPYQkDSb18HzslYwAWjkjoBzVjAescpOpKTRcATYcPTK41FwA=="},"marker":{"color":"#EF553B","size":{"dtype":"f8","bdata":"AAAAAAAANEAAAAAAAAA0QAAAAAAAADRAAAAAAAAANEAAAAAAAAA0QAAAAAAAADRAAAAAAAAANEAAAAAAAAA0QAAAAAAAADRAAAAAAAAANEAAAAAAAAA0QAAAAAAAADRAAAAAAAAANEAAAAAAAAA0QAAAAAAAADRAAAAAAAAANEAAAAAAAAA0QAAAAAAAADRAAAAAAAAANEAAAAAAAAA0QA=="},"sizemode":"area","sizeref":0.05},"mode":"markers","name":"GPX_TRACKPOINT (20)","showlegend":true,"subplot":"map","type":"scattermap"},{"customdata":[[7,1,"uuid_7","City panorama","VIDEO","2024-01-01T10:35:00"],[11,1,"uuid_11",null,"VIDEO","2024-01-02T14:05:00"],[16,1,"uuid_16","Traffic flow","VIDEO","2024-01-02T14:30:00"],[21,1,"uuid_21",null,"VIDEO","2024-01-03T16:05:00"],[26,1,"uuid_26","City lights","VIDEO","2024-01-03T16:30:00"],[31,1,"uuid_31",null,"VIDEO","2024-01-04T09:05:00"],[36,1,"uuid_36","Thames River","VIDEO","2024-01-04T09:30:00"],[41,1,"uuid_41",null,"VIDEO","2024-01-05T12:05:00"],[46,1,"uuid_46","Seine River cruise","VIDEO","2024-01-05T12:30:00"],[51,1,"uuid_51",null,"VIDEO","2024-01-06T08:05:00"],[56,1,"uuid_56","Bullet train","VIDEO","2024-01-06T08:30:00"],[61,1,"uuid_61",null,"VIDEO","2024-01-07T06:05:00"],[66,1,"uuid_66","Surfing waves","VIDEO","2024-01-07T06:30:00"],[71,1,"uuid_71",null,"VIDEO","2024-01-08T15:05:00"],[76,1,"uuid_76","Moscow Metro","VIDEO","2024-01-08T15:30:00"],[81,1,"uuid_81",null,"VIDEO","2024-01-09T18:05:00"],[86,1,"uuid_86","Mariachi band","VIDEO","2024-01-09T18:30:00"],[91,1,"uuid_91",null,"VIDEO","2024-01-10T20:05:00"],[96,1,"uuid_96","Samba dancers","VIDEO","2024-01-10T20:30:00"]],"hovertemplate":"Group (Count)=VIDEO (19)\u003cbr\u003emarker_size=%{marker.size}\u003cbr\u003eGPS_LATITUDE=%{lat}\u003cbr\u003eGPS_LONGITUDE=%{lon}\u003cbr\u003eCOUNT=%{customdata[1]}\u003cbr\u003eNAME=%{customdata[3]}\u003cbr\u003eDATA_TYPE=%{customdata[4]}\u003cbr\u003eTIMESTAMP_UTC=%{customdata[5]}\u003cextra\u003e\u003c\u002fextra\u003e","lat":{"dtype":"f8","bdata":"+THmriXsQkA\u002fxty1hFxEQKUsQxzrYkRA1edqK\u002fYHQUA8TtGRXA5BQKd5xyk6wklADeAtkKDISUBXW7G\u002f7G5IQL7BFyZTdUhA8kHPZtXXQUBYqDXNO95BQATnjCjt7UDAnYAmwobnQMBuowG8BeJLQNUJaCJs6EtAqDXNO05xM0B1ApoIG34zQIQNT6+U5TbAuECC4sfYNsA="},"legendgroup":"VIDEO (19)","lon":{"dtype":"f8","bdata":"PE7RkVyWXsAbL90kBoFSwE5iEFg5hFLAsb\u002fsnjyQXcDl8h\u002fSb5NdwDPEsS5uo8G\u002fmSoYldQJyL+94xQdyeUCQCNKe4MvTANAkDF3LSF1YUApyxDHunZhQPjCZKpg5mJAXynLEMfkYkAcfGEyVdBCQILix5i71kJAYTJVMCrJWMCVZYhjXcxYwFtCPujZlEXA9dvXgXOORcA="},"marker":{"color":"#00cc96","size":{"dtype":"f8","bdata":"AAAAAAAANEAAAAAAAAA0QAAAAAAAADRAAAAAAAAANEAAAAAAAAA0QAAAAAAAADRAAAAAAAAANEAAAAAAAAA0QAAAAAAAADRAAAAAAAAANEAAAAAAAAA0QAAAAAAAADRAAAAAAAAANEAAAAAAAAA0QAAAAAAAADRAAAAAAAAANEAAAAAAAAA0QAAAAAAAADRAAAAAAAAANEA="},"sizemode":"area","sizeref":0.05},"mode":"markers","name":"VIDEO (19)","showlegend":true,"subplot":"map","type":"scattermap"},{"customdata":[[12,1,"uuid_12","Central Park Entrance","GPX_WAYPOINT","2024-01-02T14:10:00"],[19,1,"uuid_19","Rest Stop","GPX_WAYPOINT","2024-01-02T14:45:00"],[24,1,"uuid_24","Griffith Observatory","GPX_WAYPOINT","2024-01-03T16:20:00"],[29,1,"uuid_29","Summit","GPX_WAYPOINT","2024-01-03T16:45:00"],[34,1,"uuid_34","Hyde Park","GPX_WAYPOINT","2024-01-04T09:20:00"],[39,1,"uuid_39","Tower Bridge","GPX_WAYPOINT","2024-01-04T09:45:00"],[44,1,"uuid_44","Louvre Museum","GPX_WAYPOINT","2024-01-05T12:20:00"],[49,1,"uuid_49","Sacr\u00e9-C\u0153ur","GPX_WAYPOINT","2024-01-05T12:45:00"],[54,1,"uuid_54","Shibuya Crossing","GPX_WAYPOINT","2024-01-06T08:20:00"],[59,1,"uuid_59","Senso-ji Temple","GPX_WAYPOINT","2024-01-06T08:45:00"],[64,1,"uuid_64","Bondi Beach","GPX_WAYPOINT","2024-01-07T06:20:00"],[69,1,"uuid_69","Circular Quay","GPX_WAYPOINT","2024-01-07T06:45:00"],[74,1,"uuid_74","Kremlin","GPX_WAYPOINT","2024-01-08T15:20:00"],[79,1,"uuid_79","Gorky Park","GPX_WAYPOINT","2024-01-08T15:45:00"],[84,1,"uuid_84","Templo Mayor","GPX_WAYPOINT","2024-01-09T18:20:00"],[89,1,"uuid_89","Xochimilco","GPX_WAYPOINT","2024-01-09T18:45:00"],[94,1,"uuid_94","Copacabana Beach","GPX_WAYPOINT","2024-01-10T20:20:00"],[99,1,"uuid_99","Sugarloaf Mountain","GPX_WAYPOINT","2024-01-10T20:45:00"]],"hovertemplate":"Group (Count)=GPX_WAYPOINT (18)\u003cbr\u003emarker_size=%{marker.size}\u003cbr\u003eGPS_LATITUDE=%{lat}\u003cbr\u003eGPS_LONGITUDE=%{lon}\u003cbr\u003eCOUNT=%{customdata[1]}\u003cbr\u003eNAME=%{customdata[3]}\u003cbr\u003eDATA_TYPE=%{customdata[4]}\u003cbr\u003eTIMESTAMP_UTC=%{customdata[5]}\u003cextra\u003e\u003c\u002fextra\u003e","lat":{"dtype":"f8","bdata":"IEHxY8xdREBJnYAmwmZEQHlYqDXNC0FA4L4OnDMSQUBL6gQ0EcZJQLFQa5p3zElA+8vuycNySEBhMlUwKnlIQJayDHGs20FA\u002fBhz1xLiQUBgdk8eFupAwPkP6bev40DAEhQ\u002fxtzlS0B4eqUsQ+xLQPAWSFD8eDNAveMUHcmFM0A9LNSa5t02wHBfB84Z0TbA"},"legendgroup":"GPX_WAYPOINT (18)","lon":{"dtype":"f8","bdata":"i2zn+6mBUsCgGi\u002fdJIZSwAN4CyQokl3ANqs+V1uVXcAKaCJseHrFv3DOiNLe4Mu\u002f+u3rwDkjA0BhVFInoIkDQLmNBvAWdmFAUiegibB3YUDPZtXnauViQDbNO07R42JAwOyePCzUQkAmUwWjktpCQLPqc7UVy1jA5x2n6EjOWMC30QDeApFFwFFrmnecikXA"},"marker":{"color":"#ab63fa","size":{"dtype":"f8","bdata":"AAAAAAAANEAAAAAAAAA0QAAAAAAAADRAAAAAAAAANEAAAAAAAAA0QAAAAAAAADRAAAAAAAAANEAAAAAAAAA0QAAAAAAAADRAAAAAAAAANEAAAAAAAAA0QAAAAAAAADRAAAAAAAAANEAAAAAAAAA0QAAAAAAAADRAAAAAAAAANEAAAAAAAAA0QAAAAAAAADRA"},"sizemode":"area","sizeref":0.05},"mode":"markers","name":"GPX_WAYPOINT (18)","showlegend":true,"subplot":"map","type":"scattermap"}],                        {"template":{"data":{"histogram2dcontour":[{"type":"histogram2dcontour","colorbar":{"outlinewidth":0,"ticks":""},"colorscale":[[0.0,"#0d0887"],[0.1111111111111111,"#46039f"],[0.2222222222222222,"#7201a8"],[0.3333333333333333,"#9c179e"],[0.4444444444444444,"#bd3786"],[0.5555555555555556,"#d8576b"],[0.6666666666666666,"#ed7953"],[0.7777777777777778,"#fb9f3a"],[0.8888888888888888,"#fdca26"],[1.0,"#f0f921"]]}],"choropleth":[{"type":"choropleth","colorbar":{"outlinewidth":0,"ticks":""}}],"histogram2d":[{"type":"histogram2d","colorbar":{"outlinewidth":0,"ticks":""},"colorscale":[[0.0,"#0d0887"],[0.1111111111111111,"#46039f"],[0.2222222222222222,"#7201a8"],[0.3333333333333333,"#9c179e"],[0.4444444444444444,"#bd3786"],[0.5555555555555556,"#d8576b"],[0.6666666666666666,"#ed7953"],[0.7777777777777778,"#fb9f3a"],[0.8888888888888888,"#fdca26"],[1.0,"#f0f921"]]}],"heatmap":[{"type":"heatmap","colorbar":{"outlinewidth":0,"ticks":""},"colorscale":[[0.0,"#0d0887"],[0.1111111111111111,"#46039f"],[0.2222222222222222,"#7201a8"],[0.3333333333333333,"#9c179e"],[0.4444444444444444,"#bd3786"],[0.5555555555555556,"#d8576b"],[0.6666666666666666,"#ed7953"],[0.7777777777777778,"#fb9f3a"],[0.8888888888888888,"#fdca26"],[1.0,"#f0f921"]]}],"contourcarpet":[{"type":"contourcarpet","colorbar":{"outlinewidth":0,"ticks":""}}],"contour":[{"type":"contour","colorbar":{"outlinewidth":0,"ticks":""},"colorscale":[[0.0,"#0d0887"],[0.1111111111111111,"#46039f"],[0.2222222222222222,"#7201a8"],[0.3333333333333333,"#9c179e"],[0.4444444444444444,"#bd3786"],[0.5555555555555556,"#d8576b"],[0.6666666666666666,"#ed7953"],[0.7777777777777778,"#fb9f3a"],[0.8888888888888888,"#fdca26"],[1.0,"#f0f921"]]}],"surface":[{"type":"surface","colorbar":{"outlinewidth":0,"ticks":""},"colorscale":[[0.0,"#0d0887"],[0.1111111111111111,"#46039f"],[0.2222222222222222,"#7201a8"],[0.3333333333333333,"#9c179e"],[0.4444444444444444,"#bd3786"],[0.5555555555555556,"#d8576b"],[0.6666666666666666,"#ed7953"],[0.7777777777777778,"#fb9f3a"],[0.8888888888888888,"#fdca26"],[1.0,"#f0f921"]]}],"mesh3d":[{"type":"mesh3d","colorbar":{"outlinewidth":0,"ticks":""}}],"scatter":[{"fillpattern":{"fillmode":"overlay","size":10,"solidity":0.2},"type":"scatter"}],"parcoords":[{"type":"parcoords","line":{"colorbar":{"outlinewidth":0,"ticks":""}}}],"scatterpolargl":[{"type":"scatterpolargl","marker":{"colorbar":{"outlinewidth":0,"ticks":""}}}],"bar":[{"error_x":{"color":"#2a3f5f"},"error_y":{"color":"#2a3f5f"},"marker":{"line":{"color":"#E5ECF6","width":0.5},"pattern":{"fillmode":"overlay","size":10,"solidity":0.2}},"type":"bar"}],"scattergeo":[{"type":"scattergeo","marker":{"colorbar":{"outlinewidth":0,"ticks":""}}}],"scatterpolar":[{"type":"scatterpolar","marker":{"colorbar":{"outlinewidth":0,"ticks":""}}}],"histogram":[{"marker":{"pattern":{"fillmode":"overlay","size":10,"solidity":0.2}},"type":"histogram"}],"scattergl":[{"type":"scattergl","marker":{"colorbar":{"outlinewidth":0,"ticks":""}}}],"scatter3d":[{"type":"scatter3d","line":{"colorbar":{"outlinewidth":0,"ticks":""}},"marker":{"colorbar":{"outlinewidth":0,"ticks":""}}}],"scattermap":[{"type":"scattermap","marker":{"colorbar":{"outlinewidth":0,"ticks":""}}}],"scattermapbox":[{"type":"scattermapbox","marker":{"colorbar":{"outlinewidth":0,"ticks":""}}}],"scatterternary":[{"type":"scatterternary","marker":{"colorbar":{"outlinewidth":0,"ticks":""}}}],"scattercarpet":[{"type":"scattercarpet","marker":{"colorbar":{"outlinewidth":0,"ticks":""}}}],"carpet":[{"aaxis":{"endlinecolor":"#2a3f5f","gridcolor":"white","linecolor":"white","minorgridcolor":"white","startlinecolor":"#2a3f5f"},"baxis":{"endlinecolor":"#2a3f5f","gridcolor":"white","linecolor":"white","minorgridcolor":"white","startlinecolor":"#2a3f5f"},"type":"carpet"}],"table":[{"cells":{"fill":{"color":"#EBF0F8"},"line":{"color":"white"}},"header":{"fill":{"color":"#C8D4E3"},"line":{"color":"white"}},"type":"table"}],"barpolar":[{"marker":{"line":{"color":"#E5ECF6","width":0.5},"pattern":{"fillmode":"overlay","size":10,"solidity":0.2}},"type":"barpolar"}],"pie":[{"automargin":true,"type":"pie"}]},"layout":{"autotypenumbers":"strict","colorway":["#636efa","#EF553B","#00cc96","#ab63fa","#FFA15A","#19d3f3","#FF6692","#B6E880","#FF97FF","#FECB52"],"font":{"color":"#2a3f5f"},"hovermode":"closest","hoverlabel":{"align":"left"},"paper_bgcolor":"white","plot_bgcolor":"#E5ECF6","polar":{"bgcolor":"#E5ECF6","angularaxis":{"gridcolor":"white","linecolor":"white","ticks":""},"radialaxis":{"gridcolor":"white","linecolor":"white","ticks":""}},"ternary":{"bgcolor":"#E5ECF6","aaxis":{"gridcolor":"white","linecolor":"white","ticks":""},"baxis":{"gridcolor":"white","linecolor":"white","ticks":""},"caxis":{"gridcolor":"white","linecolor":"white","ticks":""}},"coloraxis":{"colorbar":{"outlinewidth":0,"ticks":""}},"colorscale":{"sequential":[[0.0,"#0d0887"],[0.1111111111111111,"#46039f"],[0.2222222222222222,"#7201a8"],[0.3333333333333333,"#9c179e"],[0.4444444444444444,"#bd3786"],[0.5555555555555556,"#d8576b"],[0.6666666666666666,"#ed7953"],[0.7777777777777778,"#fb9f3a"],[0.8888888888888888,"#fdca26"],[1.0,"#f0f921"]],"sequentialminus":[[0.0,"#0d0887"],[0.1111111111111111,"#46039f"],[0.2222222222222222,"#7201a8"],[0.3333333333333333,"#9c179e"],[0.4444444444444444,"#bd3786"],[0.5555555555555556,"#d8576b"],[0.6666666666666666,"#ed7953"],[0.7777777777777778,"#fb9f3a"],[0.8888888888888888,"#fdca26"],[1.0,"#f0f921"]],"diverging":[[0,"#8e0152"],[0.1,"#c51b7d"],[0.2,"#de77ae"],[0.3,"#f1b6da"],[0.4,"#fde0ef"],[0.5,"#f7f7f7"],[0.6,"#e6f5d0"],[0.7,"#b8e186"],[0.8,"#7fbc41"],[0.9,"#4d9221"],[1,"#276419"]]},"xaxis":{"gridcolor":"white","linecolor":"white","ticks":"","title":{"standoff":15},"zerolinecolor":"white","automargin":true,"zerolinewidth":2},"yaxis":{"gridcolor":"white","linecolor":"white","ticks":"","title":{"standoff":15},"zerolinecolor":"white","automargin":true,"zerolinewidth":2},"scene":{"xaxis":{"backgroundcolor":"#E5ECF6","gridcolor":"white","linecolor":"white","showbackground":true,"ticks":"","zerolinecolor":"white","gridwidth":2},"yaxis":{"backgroundcolor":"#E5ECF6","gridcolor":"white","linecolor":"white","showbackground":true,"ticks":"","zerolinecolor":"white","gridwidth":2},"zaxis":{"backgroundcolor":"#E5ECF6","gridcolor":"white","linecolor":"white","showbackground":true,"ticks":"","zerolinecolor":"white","gridwidth":2}},"shapedefaults":{"line":{"color":"#2a3f5f"}},"annotationdefaults":{"arrowcolor":"#2a3f5f","arrowhead":0,"arrowwidth":1},"geo":{"bgcolor":"white","landcolor":"#E5ECF6","subunitcolor":"white","showland":true,"showlakes":true,"lakecolor":"white"},"title":{"x":0.05},"mapbox":{"style":"light"}}},"map":{"domain":{"x":[0.0,1.0],"y":[0.0,1.0]},"center":{"lat":61.2284849436524,"lon":-76.25301569791793},"zoom":0,"style":"open-street-map"},"legend":{"title":{"text":"Group (Count)"},"tracegroupgap":0,"itemsizing":"constant"},"title":{"text":"Test CLIP Embedding Plot - Missing Coordinates"},"mapbox":{"center":{"lat":26.16267894736842,"lon":-6.849884210526315},"zoom":8,"style":"open-street-map"},"hovermode":"closest","showlegend":true},                        {"responsive": true}                    )                };            </script>        </div>
</body>
</html>