# serializer version: 1
# name: test_load_clip_embeddings_from_sqlite
  tuple(
    100,
    2,
  )
# ---
# name: test_load_clip_embeddings_from_sqlite.1
  list([
    dict({
      <SchemaColumns.UUID_STRING: 'UUID_STRING'>: '00002DDF-4255-4469-AC32-3EC6DA5B0D7C',
      'embedding': array([ 1.10961533e+00,  1.33345425e+00, -4.47558939e-01, -1.79278821e-01,
         -6.26897335e-01,  5.38182139e-01, -6.01254739e-02, -8.33326280e-02,
          2.65275897e-03,  8.09122205e-01, -3.85320559e-03,  3.06681842e-01,
          2.75892168e-01,  8.74393210e-02,  4.89707828e-01,  5.76455653e-01,
          3.13221991e-01,  2.03538731e-01,  2.03394383e-01, -3.08434814e-01,
          2.49470502e-01,  6.03757203e-01, -3.44419450e-01, -9.51171294e-02,
         -2.03104809e-01,  1.37922198e-01,  5.01572192e-01, -1.82960406e-01,
         -3.31347346e-01, -1.89228594e-01, -6.55940294e-01,  1.00640333e+00,
         -4.17043746e-01,  5.70266962e-01,  8.58416110e-02, -3.80206794e-01,
         -1.66337490e-02,  1.15482435e-01,  5.16305305e-02, -3.46891508e-02,
          3.08894992e-01, -2.16176420e-01, -7.30463266e-02, -5.84526360e-01,
          2.62105584e-01, -7.63098657e-01,  3.90866309e-01,  1.25170454e-01,
          1.20915025e-02, -3.46496969e-01,  4.51239524e-03, -3.68764758e-01,
          8.08706582e-02,  6.65790141e-01, -1.88007653e-01,  3.81639376e-02,
          4.83665675e-01, -5.58204710e-01, -4.40588780e-03,  6.23723924e-01,
          2.76652455e-01, -6.91929042e-01, -1.49026558e-01,  3.96885931e-01,
          6.74033344e-01, -3.40802222e-01, -7.32797151e-03, -2.26149604e-01,
          1.44261867e-01, -2.12942854e-01,  8.32157303e-03, -6.49085045e-02,
          4.89508003e-01, -1.54258236e-01, -2.53350120e-02, -4.46697414e-01,
          1.84038833e-01, -5.54498971e-01,  1.47277325e-01, -1.63970709e-01,
          3.24655662e-06, -8.89705569e-02,  2.09681958e-01, -4.15252410e-02,
         -3.82729053e-01, -4.86011177e-01, -4.70147341e-01, -1.21477962e-01,
          5.14095485e-01,  4.32633609e-01,  2.07500070e-01, -2.48577341e-01,
         -7.15049267e-01,  5.06360412e-01, -3.24491233e-01, -2.45516837e-01,
          3.28380078e-01, -4.29132998e-01,  2.28503838e-01,  9.69116986e-01,
         -2.65995681e-01,  8.99821371e-02, -4.26561713e-01, -3.55633080e-01,
         -4.74487364e-01, -5.70348203e-01,  7.76967108e-01,  3.92757431e-02,
          5.12898862e-02,  6.59368098e-01,  3.26150507e-01,  2.16439068e-02,
         -1.85565725e-01, -8.68067265e-01,  1.13871425e-01, -1.97577700e-01,
          1.01082586e-02, -8.97595137e-02, -5.58027685e-01,  2.87463814e-01,
         -5.16017139e-01, -1.70052409e-01, -6.81247115e-01,  1.66868135e-01,
          4.02968138e-01, -1.49180949e+00,  2.26033088e-02,  1.58783734e-01,
          3.27550948e-01, -2.06004024e-01, -1.00735515e-01,  1.30163836e+00,
          1.06183201e-01, -1.70844212e-01, -4.43566382e-01, -1.62191916e+00,
          6.41448081e-01, -5.71144462e-01,  1.06910086e+00, -5.58045328e-01,
         -4.30847734e-01,  4.77804482e-01,  1.48093566e-01,  3.47245455e-01,
         -8.55331242e-01, -7.13115811e-01,  6.03141665e-01,  6.73239470e-01,
          1.51365831e-01,  1.75488263e-01, -1.47391811e-01,  9.32613313e-01,
         -3.89184833e-01,  7.35109448e-02, -4.80091721e-02,  1.15813565e+00,
          7.88846463e-02, -6.09045744e-01, -1.00091660e+00,  7.45663717e-02,
         -2.25187331e-01,  1.41920820e-01, -4.35325503e-01, -2.21753150e-01,
          2.68095396e-02, -5.95594756e-02, -7.09823966e-01,  5.79224229e-01,
          2.63425291e-01,  4.63020951e-01,  8.31957981e-02, -4.82171208e-01,
          1.71376243e-01, -8.45429003e-02, -5.82721792e-02, -2.09559202e-01,
          3.56636882e-01,  2.52717584e-01,  3.40347230e-01, -1.16893911e+00,
          4.13718134e-01, -4.49391663e-01, -4.65539157e-01,  3.45060080e-01,
         -4.25197661e-01, -5.90988517e-01,  1.16297960e+00,  1.13328941e-01,
         -6.36370599e-01,  8.81495401e-02, -7.87851885e-02,  7.11173058e-01,
          1.36498094e-01, -1.31747842e-01,  2.90411323e-01, -2.34384105e-01,
          7.69442201e-01,  2.13707969e-01,  4.06092256e-01,  1.60062760e-01,
          4.89823729e-01,  3.00041407e-01,  7.54128158e-01,  1.10545754e-01,
          6.53880835e-01,  2.56578773e-01,  3.37509513e-01,  2.28542119e-01,
          2.22706646e-01,  3.26609790e-01, -5.83377600e-01,  2.73333102e-01,
          1.40269697e-01,  3.86502594e-01,  9.83690441e-01,  6.15275443e-01,
         -6.29208088e-01,  6.71658337e-01,  1.09007192e+00,  2.92883962e-01,
         -1.02208607e-01, -6.23761296e-01,  6.76213145e-01, -5.20357430e-01,
         -4.14675862e-01,  1.83905307e-02,  4.29290503e-01,  2.31726930e-01,
          3.52209538e-01, -1.50718585e-01,  5.36522388e-01, -4.30627137e-01,
          2.38381565e-01,  1.09102750e+00,  3.12506765e-01, -2.17168942e-01,
          4.30442363e-01,  1.13385797e+00,  5.59883714e-01,  4.08049226e-01,
         -1.39660642e-01,  1.32941604e-01,  7.20501065e-01,  5.06569855e-02,
         -8.45907331e-01,  6.23026669e-01, -5.04125834e-01, -5.92975169e-02,
         -1.81659028e-01, -5.95240355e-01, -3.96454871e-01, -4.92716104e-01,
          1.37693346e-01, -1.39740992e+00, -7.33261764e-01,  5.31138420e-01,
          2.78810620e-01,  4.28102106e-01, -8.10184240e-01,  1.43319011e-01,
          1.26884162e-01, -9.72983837e-02, -4.91262853e-01,  2.25364834e-01,
          9.80090797e-02, -6.70290785e-04,  7.81250358e-01, -9.30179060e-02,
         -3.18982154e-02, -1.32823259e-01,  3.32467780e-02, -5.44027425e-02,
          3.31868380e-01, -2.95487106e-01, -4.40339029e-01,  2.25024804e-01,
         -5.74356973e-01, -6.43679559e-01, -4.77646828e-01, -5.06078154e-02,
         -4.99971658e-01, -5.29096127e-01,  3.85971181e-02, -9.70954537e-01,
         -9.14348066e-02, -2.08855763e-01,  4.87752229e-01,  9.46262702e-02,
          6.55198991e-02,  8.04553807e-01, -1.83627158e-01,  4.03930545e-01,
         -9.70096707e-01, -5.87039053e-01,  1.26743227e-01, -4.32858616e-01,
          5.36190152e-01, -2.05219626e-01, -6.90187633e-01,  3.46351340e-02,
         -9.33921278e-01,  1.01307631e-01, -1.77128892e-02,  5.44081807e-01,
          3.99056971e-02, -2.82247782e-01, -4.07850236e-01, -4.56881136e-01,
          8.69626552e-02,  4.21079218e-01,  1.82067633e-01, -6.27222359e-01,
         -9.66398895e-01, -3.14919114e-01,  1.35660037e-01, -4.25708979e-01,
         -1.34608555e+00, -1.08245671e+00, -7.21480608e-01, -4.35068160e-01,
          2.06909835e-01,  4.41218734e-01, -3.66453409e-01, -4.50161308e-01,
          3.84244412e-01, -1.80682376e-01,  1.43172175e-01,  4.14548784e-01,
          8.00124347e-01,  7.58393109e-01, -1.08255064e+00,  6.13081098e-01,
          4.63046044e-01, -1.54675739e-02, -1.64689139e-01, -9.32342112e-02,
         -2.50853121e-01, -8.33000660e-01, -1.53389931e-01,  2.06205681e-01,
          7.60144472e-01,  5.75695693e-01,  3.08558643e-01, -2.47798353e-01,
         -1.10492066e-01,  4.23716575e-01, -3.25448513e-01,  1.74532354e-01,
         -3.34552288e-01,  1.24244273e-01,  3.20288956e-01,  4.77702111e-01,
         -1.08296657e+00, -6.82723701e-01, -8.53593111e-01, -2.80641466e-01,
          9.35099721e-01, -2.42145702e-01,  2.21259102e-01, -2.46906251e-01,
         -3.71902585e-02, -3.47800046e-01,  8.43822420e-01, -4.87711638e-01,
         -1.33397132e-01, -3.21464539e-01,  6.98711872e-02, -1.23260237e-01,
          2.39506960e-01,  1.05059195e+00, -4.28144187e-01,  9.11016539e-02,
          2.38832042e-01,  2.30548248e-01,  4.50125366e-01,  1.41395822e-01,
          9.63252932e-02, -6.26096427e-02,  2.51750857e-01, -2.81543732e-01,
         -3.44228327e-01, -4.32657778e-01,  3.90537292e-01,  8.91224623e-01,
          5.29574975e-02, -8.21334720e-02, -9.11723375e-01, -3.31707090e-01,
         -4.89159793e-01,  1.33224458e-01,  9.88520563e-01, -1.82998758e-02,
         -4.30888385e-01,  5.94626069e-01, -4.86921012e-01,  3.64649594e-01,
         -1.11465743e-02, -2.13245843e-02, -3.53037536e-01,  7.74367526e-02,
          1.86043624e-02, -4.11738485e-01,  4.74236101e-01, -7.81899318e-02,
          7.64669240e-01,  2.47923627e-01,  5.78560412e-01,  1.50173619e-01,
         -3.95759553e-01,  1.23619519e-01,  2.14465469e-01,  1.04447216e-01,
         -1.56675577e-01, -7.90555811e+00, -9.79031622e-02, -1.78255290e-01,
          4.49545652e-01,  4.52060431e-01, -4.39526051e-01, -1.66827053e-01,
         -5.47156259e-02,  5.02781630e-01, -2.33184740e-01, -2.27381885e-01,
          1.83953449e-01, -5.46932280e-01,  3.99514139e-01,  3.66392955e-02,
          4.29063141e-01, -8.56965929e-02,  1.76705062e-01,  6.83385059e-02,
         -8.44812512e-01,  5.30770887e-03,  1.61916912e-01,  9.78726804e-01,
          2.92008370e-01, -3.69375646e-01, -3.28281969e-01,  7.03925848e-01,
          1.19674480e+00,  2.33963385e-01,  4.79784071e-01,  1.37353688e-01,
         -2.88704216e-01, -2.81257600e-01,  1.01652658e+00,  7.62987435e-02,
          4.71597135e-01, -3.17788482e-01, -1.99084222e-01, -4.70446795e-01,
         -2.24431664e-01, -1.42237037e-01, -3.53117913e-01, -6.08535349e-01,
         -4.83945012e-01, -5.53011857e-02,  1.03565939e-01, -6.24457113e-02,
          4.89284039e-01,  1.91875651e-01,  2.44540557e-01, -4.69472736e-01,
         -1.73652160e+00,  2.47083995e-02,  1.01372875e-01,  1.65223634e+00,
          7.55971789e-01,  5.66965640e-01,  5.58321238e-01,  1.17540814e-01,
         -2.83527106e-01, -6.13648351e-03,  9.52057987e-02, -2.00109810e-01,
         -4.15416628e-01,  2.13673025e-01, -3.57978679e-02,  6.19325459e-01,
          8.37153122e-02,  1.75065666e-01,  2.81070709e-01,  3.67591791e-02,
         -1.23015136e-01,  3.13885272e-01, -8.87981951e-01,  4.76837069e-01,
         -4.74775070e-03,  9.09817368e-02,  4.46672499e-01, -6.35922670e-01,
         -3.61930460e-01,  8.42884555e-02,  9.71937776e-01,  7.76880831e-02,
         -4.28554267e-01, -4.38863114e-02,  5.49515128e-01, -2.56859988e-01,
         -3.25571120e-01, -1.86333105e-01, -1.19121778e+00,  5.12448251e-01,
         -4.10133928e-01, -3.01798344e-01, -2.79441550e-02, -1.47187129e-01,
         -1.39695919e+00,  2.92175084e-01,  6.26756966e-01,  1.35118335e-01,
          3.90287131e-01,  1.51375890e-01, -1.00996041e+00, -4.52811606e-02,
          2.30021045e-01,  4.57560927e-01, -2.54504710e-01,  4.59329128e-01,
          7.11343408e-01, -1.10816145e+00,  3.95488113e-01,  3.67668152e-01,
         -5.84237754e-01, -5.42415142e-01,  3.05411428e-01, -2.50675946e-01,
          1.39859033e+00,  2.58859128e-01, -8.26634094e-02, -4.70592529e-01,
          8.99986207e-01,  1.27933061e+00, -1.62249148e-01, -2.72579908e-01,
          5.66586196e-01, -1.35010526e-01,  1.95674121e-01, -2.73344964e-01,
         -2.94287026e-01,  2.18599752e-01,  3.28628153e-01, -3.85168135e-01,
          1.67907476e-01,  3.83838981e-01, -6.53508067e-01,  3.89099389e-01,
         -7.87468195e-01,  2.01060727e-01, -6.68823197e-02,  5.46423316e-01,
          2.61033326e-01,  2.30285183e-01,  5.42160869e-01, -6.99294209e-01,
         -3.54022771e-01, -9.46612477e-01, -2.64877319e-01,  1.57242239e-01,
          3.08947372e+00, -1.04577839e-01, -1.62148684e-01,  4.98130530e-01,
         -8.78673196e-01,  6.47901535e-01, -2.34379247e-01, -1.29170850e-01,
          1.40252978e-01,  2.99322873e-01,  3.63759845e-01, -1.13498938e+00,
         -5.22065163e-01,  2.36959115e-01,  5.35643220e-01,  7.86840692e-02,
         -4.41135734e-01, -1.08338684e-01,  3.59986484e-01, -7.76570812e-02,
         -3.00393403e-01, -4.18940365e-01, -5.15035331e-01, -3.15309107e-01,
         -5.07327318e-02, -9.83591191e-03,  3.41112673e-01,  6.57795966e-01,
          1.22996676e+00,  3.71523082e-01,  2.31990635e-01,  4.23604220e-01,
          3.71215254e-01, -4.64379787e-02, -2.74516433e-01, -2.00987548e-01,
         -4.36484307e-01, -3.22755933e-01,  1.68682963e-01, -2.54339993e-01,
         -4.00532126e-01,  1.52344510e-01, -1.64967834e-03,  2.70574033e-01,
         -3.65668267e-01, -2.10835814e+00,  3.41592610e-01,  8.05058420e-01,
          7.56964564e-01,  4.71974939e-01,  3.10818791e-01,  6.92694962e-01,
         -4.76268798e-01,  5.95400035e-01,  1.33565068e-01, -9.80469465e-01,
          8.86375368e-01, -4.78925467e-01, -6.67922050e-02, -4.26278152e-02,
         -3.68690878e-01,  1.34130090e-01,  6.36569485e-02,  6.06167614e-01,
          1.61878335e+00,  1.16307235e+00,  3.09777737e-01,  4.87278700e-01,
         -4.67046291e-01, -3.76438141e-01, -7.99291879e-02, -9.62708052e-03,
          4.17283364e-02,  4.01268862e-02, -3.06876808e-01,  1.80553138e-01,
          5.22425711e-01, -2.28864163e-01, -6.01449572e-02,  5.91076672e-01,
          3.80017102e-01, -3.34688991e-01, -5.75184450e-03, -4.23779726e-01,
          8.47256756e+00,  1.97435796e-01, -8.26264322e-02,  9.25308689e-02,
         -1.43091470e-01,  1.04382314e-01, -5.02272733e-02,  6.06491528e-02,
          8.82283509e-01, -4.36384737e-01, -1.53658792e-01, -3.68650317e-01,
         -3.60694110e-01,  6.47101700e-02,  6.77950263e-01,  1.60662663e+00,
          3.16356778e-01, -3.33530813e-01,  2.88325429e-01,  4.47309166e-02,
          8.60894859e-01, -3.12749386e-01, -3.76426578e-02, -5.08977711e-01,
          1.31370068e-01, -8.13404262e-01,  1.42620966e-01,  8.49847030e-03,
          2.47300118e-01,  2.95834452e-01,  6.08358383e-02, -2.22305506e-01,
          1.15606320e+00,  3.33890110e-01, -2.27996945e-01,  2.99348962e-02,
         -2.60976493e-01,  2.51693934e-01, -7.25465536e-01, -4.25274104e-01,
          8.86183023e-01, -2.06842273e-01,  8.99287984e-02,  4.69114751e-01,
         -2.40520895e-01, -5.00682145e-02, -7.35876113e-02,  3.30423594e-01,
          2.25973511e+00, -5.76128244e-01, -2.54794836e-01, -1.32863283e-01,
          1.43904090e-01, -1.51039590e-03,  7.19592631e-01, -1.71852067e-01,
         -2.43335545e-01, -1.85181692e-01, -4.04378772e-01,  1.15026927e+00,
          2.01960839e-02,  6.14348650e-01, -2.41352305e-01, -1.41575068e-01,
         -2.03703433e-01,  5.40971220e-01, -8.71724114e-02,  6.33176744e-01,
         -6.10840857e-01,  3.08125228e-01,  5.80938637e-01, -2.08249822e-01,
         -1.68053359e-01,  9.88939404e-01,  3.44386131e-01,  3.13187361e-01,
          6.02466017e-02, -6.09288037e-01, -6.91965520e-01,  1.75018871e+00,
          9.74815488e-01, -1.46236908e+00,  2.82347202e-01, -5.26386142e-01,
          1.28239989e-01,  3.76457959e-01, -8.83732677e-01,  6.95646927e-02,
          6.22497022e-01,  3.00652266e-01, -8.17837477e-01, -8.69490027e-01,
         -4.30466354e-01,  4.43416268e-01,  8.90562497e-03,  3.55086148e-01,
          2.88745165e-01, -4.46698040e-01, -8.36684853e-02,  1.05065256e-01,
         -9.33083534e-01,  3.87868643e-01,  4.45765287e-01, -2.41453066e-01,
          6.40818536e-01, -1.84717357e-01, -2.92071849e-01,  1.06719732e+00,
          1.78020820e-02, -2.00133212e-02,  7.30588799e-03, -1.21151853e+00,
          3.58106613e-01,  4.66271490e-01,  5.53617358e-01, -3.35150689e-01,
         -5.23756027e-01,  7.87024444e-04, -1.04022455e+00,  1.79052413e-01,
         -5.25084853e-01, -7.18425930e-01,  2.01046333e-01, -2.32994463e-02],
        dtype=float32),
    }),
    dict({
      <SchemaColumns.UUID_STRING: 'UUID_STRING'>: '00009AD4-C588-4345-AB9C-C2DE2E9C1236',
      'embedding': array([ 8.82139266e-01, -7.82506764e-02,  1.64355248e-01, -1.89648366e+00,
         -2.49127761e-01,  1.04176186e-01,  5.88785350e-01, -1.74335808e-01,
          1.22653514e-01, -4.33511883e-01, -1.37110725e-01, -1.74213767e-01,
          5.87871015e-01,  5.19413531e-01,  3.38896275e-01,  8.33537355e-02,
         -6.45245537e-02,  2.76425749e-01,  4.55761522e-01,  5.16960204e-01,
         -9.63925570e-02,  4.81869280e-01, -4.55323845e-01,  5.24426520e-01,
         -1.05973244e-01,  1.81445524e-01, -4.71838526e-02,  9.98300493e-01,
         -5.02102017e-01,  2.06633896e-01, -7.08142877e-01,  3.62628669e-01,
         -1.50951087e-01,  5.24560034e-01, -2.78794974e-01,  1.25218913e-01,
          3.86271812e-03, -5.13533130e-02, -7.04196543e-02, -2.36530870e-01,
          1.04041345e-01,  3.50948572e-01, -1.29521117e-01,  1.32523298e-01,
          6.81494057e-01, -5.84081173e-01, -3.08053762e-01,  1.82046309e-01,
          3.42604876e-01,  1.42068893e-01, -7.68717751e-03, -1.13348134e-01,
          5.82986735e-02,  6.74648210e-02,  7.89906189e-04,  2.21842483e-01,
          7.41772234e-01, -1.59875259e-01, -1.44801453e-01, -2.07872435e-01,
          6.97442234e-01,  1.56102732e-01,  2.42801145e-01,  3.45672905e-01,
          3.55589032e-01,  3.56902272e-01,  7.56350517e-01, -1.37995109e-01,
          2.47427538e-01, -1.92107454e-01,  4.02592480e-01, -6.32573664e-02,
          9.95481908e-01, -3.87072533e-01,  4.80540752e-01, -8.93860161e-02,
         -2.93008555e-02,  4.40614164e-01,  2.65288442e-01,  4.54626679e-01,
         -4.25396472e-01, -3.40723455e-01, -8.76343668e-01, -2.13019386e-01,
          1.23893894e-01, -6.39525294e-01,  1.21243829e-02,  1.01934664e-01,
         -4.44224626e-01,  3.11884820e-01,  2.29842007e-01, -4.27299231e-01,
         -1.66383147e-01,  2.85821967e-03, -3.51202458e-01,  1.86497092e-01,
          2.20472991e-01,  3.15115809e-01, -3.63056123e-01, -1.11563303e-01,
         -4.45841439e-02, -2.77142078e-01, -2.18221880e-02, -1.06684375e+00,
         -9.83460471e-02, -1.60436377e-01, -3.45173061e-01,  9.02109683e-01,
         -4.51382697e-01, -6.57280684e-01,  1.61316752e-01, -5.37460931e-02,
         -3.69073659e-01, -3.81694376e-01, -5.29183626e-01,  3.40638489e-01,
         -6.22830391e-01,  4.73693758e-01, -7.04782426e-01,  1.50824517e-01,
         -8.71972322e-01,  4.93877083e-01, -1.07156873e-01,  8.69817555e-01,
         -8.51053357e-01, -4.85043712e-02,  6.21268690e-01,  2.95515299e-01,
         -4.15536374e-01,  3.66195031e-02, -1.33494824e-01,  3.18699121e+00,
          3.22306693e-01, -5.30384421e-01, -7.03721046e-01, -1.12153161e+00,
         -1.92914233e-01, -1.38222352e-01,  6.02390349e-01, -5.96269727e-01,
         -6.17731869e-01, -5.30057251e-01,  2.31366098e-01,  1.32019207e-01,
         -2.95947909e-01, -3.54517698e-01,  4.66590412e-02,  1.04172361e+00,
          6.30650342e-01,  6.18925035e-01,  5.94262362e-01, -1.48794904e-01,
         -2.63194572e-02,  5.92921793e-01,  4.49893594e-01,  2.89674342e-01,
         -3.30440909e-01, -1.27666041e-01, -8.77222002e-01, -5.10434389e-01,
         -1.01951623e+00, -6.98389351e-01, -3.28243792e-01,  7.30016947e-01,
          1.01131845e+00, -5.93246287e-03, -4.02345270e-01,  7.65657306e-01,
         -1.30352780e-01, -4.36844468e-01,  3.13800871e-02, -7.35957503e-01,
         -2.69716233e-01,  2.41733104e-01,  1.89762995e-01, -3.86195958e-01,
          2.90793419e-01,  7.42757082e-01,  2.63715959e+00,  6.16481602e-01,
          8.35040450e-01,  1.04759300e+00,  4.42637563e-01,  2.59239256e-01,
          1.53656542e-01,  1.08376490e-02,  9.43817019e-01,  8.12306702e-02,
         -7.18974411e-01, -7.58096110e-03, -1.85692921e-01, -2.07303151e-01,
         -8.75217259e-01, -7.67053306e-01, -2.05745101e-01, -1.56244957e+00,
         -1.28127381e-01,  2.87786722e-01, -6.84119463e-01, -4.28775251e-01,
          4.24668759e-01, -1.09294319e+00, -1.81361601e-01, -3.00473392e-01,
          4.12616670e-01,  3.20813835e-01,  2.65532106e-01,  1.09657392e-01,
          4.04291227e-02, -4.37114716e-01, -2.61968195e-01,  2.51646638e-01,
         -1.42867491e-01, -3.86842757e-01,  1.97626755e-01, -7.67675117e-02,
         -9.74896491e-01,  3.85258824e-01, -7.91205943e-01,  1.08805306e-01,
         -1.62930608e-01, -3.55870426e-01, -2.06653357e-01, -6.16808593e-01,
          6.09874865e-03,  6.00810766e-01, -8.78957152e-01, -5.54076254e-01,
          1.37060985e-01, -2.04945713e-01,  1.49692953e-01, -6.83510065e-01,
          4.16138262e-01,  6.22797012e-01,  4.48374212e-01, -1.94335669e-01,
         -5.76115608e-01, -1.31208256e-01, -1.83549717e-01,  1.69788972e-01,
         -4.80310410e-01,  7.39391685e-01,  9.02981222e-01, -3.56064856e-01,
          1.14831591e+00,  1.79045737e+00, -1.99347302e-01,  2.53042758e-01,
          1.05398998e-03,  6.08960912e-02,  5.34304380e-01, -2.11234823e-01,
          9.91004258e-02, -2.53970414e-01,  1.87462151e-01,  5.54696143e-01,
          2.43716359e-01,  5.91507375e-01,  4.22578275e-01, -6.84017539e-01,
         -3.18159640e-01, -9.86715078e-01,  7.60686219e-01, -5.47522120e-02,
         -1.18847035e-01,  7.76380062e-01,  9.49294940e-02, -4.08231825e-01,
          3.33549604e-02,  2.18438983e-01,  8.36949766e-01,  1.15021920e+00,
         -2.01539975e-02,  1.87855542e-01, -5.96724749e-01, -2.96461713e-02,
         -3.70205879e-01, -3.99156660e-01, -3.49503279e-01, -6.49325699e-02,
         -2.03735098e-01,  6.01139486e-01,  4.04956549e-01, -5.87372303e-01,
          1.03712536e-01, -2.24014029e-01,  6.35029852e-01, -6.01480365e-01,
         -8.99941146e-01,  1.36656508e-01,  1.84257358e-01,  8.58737528e-01,
         -1.88728079e-01, -2.79699385e-01,  2.56906450e-01,  4.21705004e-03,
          6.12046957e-01, -2.94627458e-01,  1.26333654e-01, -2.68219203e-01,
         -2.51501482e-02,  7.18851313e-02, -6.70154929e-01, -2.34476030e-01,
          1.19212620e-01,  1.13649882e-01, -2.22516358e-01, -1.92173377e-01,
         -5.27732193e-01, -1.87739432e-01,  4.50295866e-01, -7.60310352e-01,
         -6.04756951e-01, -7.31561542e-01,  6.26431644e-01,  1.56520113e-01,
         -9.60348487e-01,  4.77661461e-01, -6.03016973e-01, -1.32445553e-02,
          2.67745495e-01,  1.24590836e-01,  5.47474138e-02, -2.25670874e-01,
         -2.73456305e-01, -1.36694938e-01, -1.37840164e+00, -1.01556289e+00,
          6.80487528e-02,  2.51807189e+00,  6.64409176e-02,  4.75300282e-01,
          2.27903903e-01,  2.80045390e-01,  1.37887552e-01,  6.67808473e-01,
         -1.22792220e+00,  2.21213907e-01,  2.80574784e-02, -8.88753891e-01,
          2.42752522e-01, -1.83514953e-01, -8.63166004e-02, -3.56528796e-02,
         -6.03704214e-01,  1.64792985e-01,  4.33514744e-01, -1.03328788e+00,
         -2.30734721e-01, -7.80058131e-02,  1.94718480e-01, -2.75427222e-01,
         -2.71834314e-01, -9.41704392e-01, -6.37622237e-01, -1.97624117e-01,
         -2.44504854e-01, -4.32780057e-01,  1.33132666e-01, -1.55968785e-01,
         -2.05211744e-01, -3.20983440e-01, -1.58927166e+00,  1.00673008e+00,
         -1.08005732e-01,  4.84572619e-01,  1.00106165e-01, -2.87675023e-01,
          8.21999013e-01, -3.20104152e-01,  2.57080551e-02, -4.50655103e-01,
          9.40817520e-02,  8.03455785e-02,  5.82683206e-01,  3.09760362e-01,
         -1.43954486e-01,  6.23032570e-01,  4.33933258e-01, -4.45714027e-01,
          7.63001561e-01, -5.13037026e-01, -4.81083632e-01, -4.62871604e-02,
         -1.61286950e-01,  5.60067594e-01,  4.02307242e-01,  1.02315344e-01,
          3.36530924e-01,  4.96715307e-01,  5.76014757e-01, -3.23261797e-01,
         -1.89911246e-01,  2.33114049e-01, -3.96547079e-01,  4.41707462e-01,
         -4.57529783e-01, -3.82045120e-01, -5.50504386e-01, -1.11831307e-01,
          4.12127316e-01,  1.85705855e-01,  2.54105598e-01, -5.66560864e-01,
          1.63868213e+00, -1.79411873e-01, -2.46815935e-01,  5.98053098e-01,
          6.11567080e-01,  1.88244268e-01,  5.69192469e-01,  6.38343871e-01,
         -1.65037319e-01, -6.03725433e+00, -4.51088965e-01, -3.79000157e-01,
          1.71442702e-01, -1.88622192e-01, -2.01390907e-01, -8.62917453e-02,
          3.25241804e-01, -1.04895480e-01,  2.57540464e-01,  2.40763873e-01,
         -4.38736640e-02,  1.69538721e-01, -1.95774585e-01,  3.02007198e-01,
          2.87032425e-01,  7.93292839e-03,  6.43074811e-01,  6.50537968e-01,
         -8.48389745e-01,  5.75806916e-01, -2.29258537e-01, -3.33507240e-01,
         -2.16782629e-01, -2.77589679e-01,  2.67922014e-01,  2.24958107e-01,
          7.21349239e-01,  6.22461498e-01, -9.20772925e-02, -3.05443645e-01,
          4.79638129e-01, -8.04289803e-02, -1.02850032e+00, -2.50763416e-01,
         -1.22531958e-01, -7.33446896e-01,  2.35272586e-01, -5.26430666e-01,
          1.01294804e+00,  3.60117704e-01,  4.45140511e-01, -4.23916966e-01,
         -1.24217071e-01,  1.19190089e-01,  4.01052088e-01,  6.28387481e-02,
          1.05359098e-02,  3.31150025e-01, -1.22262448e-01,  2.88967103e-01,
         -4.59073603e-01, -7.03567043e-02,  4.09372058e-03, -5.88677526e-01,
         -4.10467207e-01, -9.10532892e-01,  5.92200935e-01, -8.67456645e-02,
          1.68101370e-01, -3.07378918e-01,  6.12636730e-02,  8.72502744e-01,
         -7.70907521e-01, -7.75602534e-02, -4.38744634e-01, -3.08183134e-01,
         -1.77742437e-01, -4.34538186e-01, -5.20559967e-01,  3.04687046e-03,
         -3.74101013e-01,  5.99349976e-01,  4.44076836e-01, -4.98748809e-01,
         -6.34259045e-01,  3.18911165e-01,  1.29298031e-01, -7.62237608e-01,
          3.74855697e-01,  7.97952712e-01,  2.43609354e-01, -1.79340407e-01,
          5.90439081e-01,  6.65262565e-02,  2.50780046e-01,  1.10577452e+00,
          4.05333996e-01,  4.02926318e-02,  2.19051704e-01,  2.09786087e-01,
          9.70639586e-02, -2.53437519e-01, -2.01124251e-01, -4.08042729e-01,
         -1.10995734e+00, -1.07717752e-01,  6.81856051e-02,  1.84270188e-01,
          5.54252744e-01, -4.38017726e-01,  6.59969375e-02, -3.37991975e-02,
          1.30333409e-01, -4.75380093e-01,  5.08196414e-01,  7.22248256e-01,
         -1.01959741e+00,  6.41609609e-01,  3.33317548e-01, -1.82876065e-01,
         -3.61363202e-01, -7.72534916e-03,  2.04989135e-01, -8.75436485e-01,
         -1.42745113e+00, -1.11305013e-01, -1.09663397e-01, -3.28929871e-01,
         -5.24485230e-01,  1.63644171e+00, -6.01991475e-01, -4.95609641e-02,
          9.99035835e-01, -2.25237921e-01, -2.17983872e-01,  2.07273751e-01,
         -3.39191407e-01,  1.38227433e-01, -7.92572439e-01,  1.23277582e-01,
          4.19956118e-01,  4.41632032e-01, -1.08546823e-01,  5.39677560e-01,
          2.75803804e-01, -3.88768315e-02,  3.10471743e-01, -6.42222613e-02,
         -2.01244459e-01,  5.21270148e-02,  3.69684041e-01,  3.05202544e-01,
         -1.55562460e+00,  4.17468578e-01, -2.00782537e-01,  5.86894862e-02,
         -3.00715864e-01, -3.54789853e-01,  6.53354824e-02,  3.35538179e-01,
         -1.08568752e+00, -6.05811477e-01,  1.70238748e-01, -4.23877448e-01,
          2.16744095e-01,  7.25037873e-01,  5.16122162e-01,  3.01105618e-01,
         -5.10626972e-01, -2.05360278e-01,  2.95101076e-01,  3.40141743e-01,
          2.70138919e-01,  2.31931761e-01, -6.91740572e-01,  4.56763089e-01,
          5.70807815e-01,  1.78477257e-01, -1.28908300e+00, -3.56212705e-02,
         -6.13644421e-01, -2.09736496e-01,  9.90162253e-01, -2.71137714e-01,
         -1.65681764e-01, -3.13083343e-02, -7.75649369e-01,  5.23128033e-01,
         -5.55577576e-02, -1.76842436e-01, -8.43363255e-02,  7.48595953e-01,
          3.70865047e-01,  1.08937061e+00,  3.01371723e-01, -3.20768803e-02,
         -5.94155788e-01,  1.11370832e-01,  1.81612745e-01, -2.37759233e-01,
          1.38966382e-01, -1.92644894e+00,  3.63443494e-01,  5.19460857e-01,
          5.05552053e-01, -3.17376494e-01, -5.67864060e-01,  6.72693372e-01,
          4.96547312e-01,  7.34196752e-02,  3.81940246e-01,  2.88662493e-01,
          5.88539660e-01,  2.41021559e-01,  1.44838154e-01, -3.14546116e-02,
         -6.04821920e-01,  3.60428095e-01,  5.02921283e-01,  5.90216041e-01,
          6.54257655e-01,  1.71178961e+00,  1.55311286e-01,  5.59667088e-02,
         -3.25617850e-01,  8.21448863e-01,  6.91342819e-03, -4.84879524e-01,
          1.08678348e-01,  4.82062459e-01,  1.11713484e-01,  2.74923062e+00,
          1.69199213e-01, -1.87218860e-01, -9.22960043e-02, -8.74434114e-01,
         -3.46131414e-01,  1.45289823e-01,  7.98300087e-01, -5.06490231e-01,
          6.46345472e+00, -3.83322865e-01,  3.19556981e-01,  4.39868361e-01,
          9.71668884e-02, -8.32101524e-01, -2.17602208e-01, -1.90082863e-01,
         -4.88925040e-01, -2.48455688e-01, -3.47447783e-01,  4.29799795e-01,
          1.38004437e-01, -7.75385052e-02, -5.66309333e-01,  1.73370361e+00,
         -1.09520070e-01, -1.81589797e-01,  1.39164319e-02, -2.93507576e-01,
          3.02251339e-01, -1.61028326e-01,  6.16298756e-03, -1.36060864e-01,
          3.65656316e-01,  3.07306468e-01,  7.21905947e-01,  6.98607638e-02,
          3.69071275e-01,  4.10829067e-01, -2.97734410e-01, -4.97856349e-01,
          7.19431698e-01, -5.90226948e-02,  1.05116881e-01, -4.39342201e-01,
         -9.06927824e-01, -2.53249779e-02, -3.36322874e-01,  2.03886583e-01,
         -2.23198920e-01,  1.56716019e-01,  2.26765096e-01,  2.53244817e-01,
          3.65886003e-01,  3.15683812e-01, -3.05500507e-01, -2.96333373e-01,
          6.77348793e-01, -8.46317351e-01, -4.12064672e-01, -5.95324934e-02,
         -4.24872726e-01, -8.04794610e-01,  9.96930182e-01, -4.85645235e-01,
         -8.98427129e-01,  1.58454627e-02,  3.31427783e-01, -2.50837982e-01,
         -1.38957649e-01,  8.46743226e-01, -4.35699284e-01, -5.48215508e-01,
          2.39160389e-01,  2.30571449e-01, -1.98086817e-02,  9.72132087e-02,
         -2.52900213e-01, -5.72614729e-01, -6.46957338e-01,  5.57333231e-02,
         -1.38133392e-02,  6.45864069e-01,  3.37413222e-01,  3.26207429e-02,
         -1.71219613e-02, -4.55589518e-02, -7.75660872e-01, -4.74231005e-01,
          1.34737861e+00,  2.80712456e-01,  4.46765691e-01,  7.07491398e-01,
          2.70402938e-01,  2.52153844e-01, -1.44762099e-01, -4.66647632e-02,
         -3.74768525e-01,  4.98357803e-01,  6.15363419e-01, -3.58947188e-01,
          7.22572267e-01, -5.38155913e-01, -1.73726138e-02,  2.80198246e-01,
          1.76084399e-01, -3.98374379e-01,  7.53062367e-01,  2.98678316e-02,
         -2.03481779e-01,  2.15079099e-01, -1.30101398e-01, -3.35954756e-01,
          5.64968050e-01,  3.10842562e-02,  1.47346213e-01,  5.50747037e-01,
          2.18733922e-01, -4.37936783e-01, -1.10426471e-01,  9.89807844e-02,
          4.25592244e-01,  5.34836156e-03,  6.41822293e-02,  2.40101412e-01,
          2.93079823e-01, -3.28245014e-01,  1.89317673e-01,  6.47984505e-01,
          5.86559772e-01,  1.29500940e-01,  4.71876174e-01,  6.01562858e-01],
        dtype=float32),
    }),
  ])
# ---
# name: test_load_lightroom_catalog_with_config
  list([
    dict({
      <SchemaColumns.CAPTION: 'CAPTION'>: 'The Golden Gate Bridge in San Francisco, CA at sunset.',
      <SchemaColumns.DATA_TYPE: 'DATA_TYPE'>: <DataType.PHOTO: 'PHOTO'>,
      <SchemaColumns.GPS_LATITUDE: 'GPS_LATITUDE'>: 37.82686602640833,
      <SchemaColumns.GPS_LONGITUDE: 'GPS_LONGITUDE'>: -122.48635834924333,
      <SchemaColumns.NAME: 'NAME'>: 'GoldenGateBridge-001.jpg',
      <SchemaColumns.RATING_0_TO_5: 'RATING_0_TO_5'>: 3,
      <SchemaColumns.SIZE_IN_BYTES: 'SIZE_IN_BYTES'>: None,
      <SchemaColumns.SOURCE_FILE: 'SOURCE_FILE'>: '/Users/thad/Library/CloudStorage/Dropbox/thad/gdrive/src/monorepo/thad/lightroom/db_reader/testdata/test_photos/GoldenGateBridge-001.jpg',
      <SchemaColumns.TIMESTAMP_MAYBE_TIMEZONE_AWARE: 'TIMESTAMP_MAYBE_TIMEZONE_AWARE'>: '2007-01-01T16:41:36',
      <SchemaColumns.TIMESTAMP_UTC: 'TIMESTAMP_UTC'>: Timestamp('2007-01-01 16:41:36+0000', tz='UTC'),
      <SchemaColumns.UUID_STRING: 'UUID_STRING'>: '23868311-03F0-4F5E-BE52-EDCEE9DEDBE9',
    }),
    dict({
      <SchemaColumns.CAPTION: 'CAPTION'>: None,
      <SchemaColumns.DATA_TYPE: 'DATA_TYPE'>: <DataType.PHOTO: 'PHOTO'>,
      <SchemaColumns.GPS_LATITUDE: 'GPS_LATITUDE'>: 48.13746461620167,
      <SchemaColumns.GPS_LONGITUDE: 'GPS_LONGITUDE'>: 11.575437771163333,
      <SchemaColumns.NAME: 'NAME'>: '1200px-Rathaus_and_Marienplatz_from_Peterskirche_-_August_2006.jpg',
      <SchemaColumns.RATING_0_TO_5: 'RATING_0_TO_5'>: 3,
      <SchemaColumns.SIZE_IN_BYTES: 'SIZE_IN_BYTES'>: None,
      <SchemaColumns.SOURCE_FILE: 'SOURCE_FILE'>: '/Users/thad/Library/CloudStorage/Dropbox/thad/gdrive/src/monorepo/thad/lightroom/db_reader/testdata/test_photos/1200px-Rathaus_and_Marienplatz_from_Peterskirche_-_August_2006.jpg',
      <SchemaColumns.TIMESTAMP_MAYBE_TIMEZONE_AWARE: 'TIMESTAMP_MAYBE_TIMEZONE_AWARE'>: '2020-06-01T01:45:58',
      <SchemaColumns.TIMESTAMP_UTC: 'TIMESTAMP_UTC'>: Timestamp('2020-06-01 01:45:58+0000', tz='UTC'),
      <SchemaColumns.UUID_STRING: 'UUID_STRING'>: '33F0B4A2-9236-46F2-931C-8413E20B511F',
    }),
    dict({
      <SchemaColumns.CAPTION: 'CAPTION'>: None,
      <SchemaColumns.DATA_TYPE: 'DATA_TYPE'>: <DataType.PHOTO: 'PHOTO'>,
      <SchemaColumns.GPS_LATITUDE: 'GPS_LATITUDE'>: nan,
      <SchemaColumns.GPS_LONGITUDE: 'GPS_LONGITUDE'>: nan,
      <SchemaColumns.NAME: 'NAME'>: 'Martin_Luther_King,_Jr..jpg',
      <SchemaColumns.RATING_0_TO_5: 'RATING_0_TO_5'>: 5,
      <SchemaColumns.SIZE_IN_BYTES: 'SIZE_IN_BYTES'>: None,
      <SchemaColumns.SOURCE_FILE: 'SOURCE_FILE'>: '/Users/thad/Library/CloudStorage/Dropbox/thad/gdrive/src/monorepo/thad/lightroom/db_reader/testdata/test_photos/Martin_Luther_King,_Jr..jpg',
      <SchemaColumns.TIMESTAMP_MAYBE_TIMEZONE_AWARE: 'TIMESTAMP_MAYBE_TIMEZONE_AWARE'>: '2020-06-01T01:50:02',
      <SchemaColumns.TIMESTAMP_UTC: 'TIMESTAMP_UTC'>: Timestamp('2020-06-01 01:50:02+0000', tz='UTC'),
      <SchemaColumns.UUID_STRING: 'UUID_STRING'>: '64560483-B9B4-4A77-9E8D-983CB6EB8DD4',
    }),
    dict({
      <SchemaColumns.CAPTION: 'CAPTION'>: None,
      <SchemaColumns.DATA_TYPE: 'DATA_TYPE'>: <DataType.PHOTO: 'PHOTO'>,
      <SchemaColumns.GPS_LATITUDE: 'GPS_LATITUDE'>: nan,
      <SchemaColumns.GPS_LONGITUDE: 'GPS_LONGITUDE'>: nan,
      <SchemaColumns.NAME: 'NAME'>: '1200px-The_Earth_seen_from_Apollo_17.jpg',
      <SchemaColumns.RATING_0_TO_5: 'RATING_0_TO_5'>: 0,
      <SchemaColumns.SIZE_IN_BYTES: 'SIZE_IN_BYTES'>: None,
      <SchemaColumns.SOURCE_FILE: 'SOURCE_FILE'>: '/Users/thad/Library/CloudStorage/Dropbox/thad/gdrive/src/monorepo/thad/lightroom/db_reader/testdata/test_photos/1200px-The_Earth_seen_from_Apollo_17.jpg',
      <SchemaColumns.TIMESTAMP_MAYBE_TIMEZONE_AWARE: 'TIMESTAMP_MAYBE_TIMEZONE_AWARE'>: '2020-06-01T01:51:36',
      <SchemaColumns.TIMESTAMP_UTC: 'TIMESTAMP_UTC'>: Timestamp('2020-06-01 01:51:36+0000', tz='UTC'),
      <SchemaColumns.UUID_STRING: 'UUID_STRING'>: '8CE5D4D3-AB53-4E82-B73E-3A555DD4D622',
    }),
    dict({
      <SchemaColumns.CAPTION: 'CAPTION'>: None,
      <SchemaColumns.DATA_TYPE: 'DATA_TYPE'>: <DataType.PHOTO: 'PHOTO'>,
      <SchemaColumns.GPS_LATITUDE: 'GPS_LATITUDE'>: nan,
      <SchemaColumns.GPS_LONGITUDE: 'GPS_LONGITUDE'>: nan,
      <SchemaColumns.NAME: 'NAME'>: 'Hermann_Hesse_2.jpg',
      <SchemaColumns.RATING_0_TO_5: 'RATING_0_TO_5'>: 4,
      <SchemaColumns.SIZE_IN_BYTES: 'SIZE_IN_BYTES'>: None,
      <SchemaColumns.SOURCE_FILE: 'SOURCE_FILE'>: '/Users/thad/Library/CloudStorage/Dropbox/thad/gdrive/src/monorepo/thad/lightroom/db_reader/testdata/test_photos/Hermann_Hesse_2.jpg',
      <SchemaColumns.TIMESTAMP_MAYBE_TIMEZONE_AWARE: 'TIMESTAMP_MAYBE_TIMEZONE_AWARE'>: '2020-06-01T01:49:28',
      <SchemaColumns.TIMESTAMP_UTC: 'TIMESTAMP_UTC'>: Timestamp('2020-06-01 01:49:28+0000', tz='UTC'),
      <SchemaColumns.UUID_STRING: 'UUID_STRING'>: 'AD90B5AD-B5E3-4D9A-8234-D9F87A9E40FA',
    }),
  ])
# ---
