<html>
<head><meta charset="utf-8" /></head>
<body>
    <div>                        <script type="text/javascript">window.PlotlyConfig = {MathJaxConfig: 'local'};</script>
        <script charset="utf-8" src="https://cdn.plot.ly/plotly-3.0.1.min.js" integrity="sha256-oy6Be7Eh6eiQFs5M7oXuPxxm9qbJXEtTpfSI93dW16Q=" crossorigin="anonymous"></script>                <div id="test-plot-div" class="plotly-graph-div" style="height:100%; width:100%;"></div>            <script type="text/javascript">                window.PLOTLYENV=window.PLOTLYENV || {};                                if (document.getElementById("test-plot-div")) {                    Plotly.newPlot(                        "test-plot-div",                        [{"customdata":[[4,50,"uuid_4"],[12,10,"uuid_12"],[19,50,"uuid_19"],[24,50,"uuid_24"],[29,50,"uuid_29"],[34,50,"uuid_34"],[39,50,"uuid_39"],[44,50,"uuid_44"],[49,50,"uuid_49"],[54,50,"uuid_54"],[59,50,"uuid_59"],[64,50,"uuid_64"],[69,50,"uuid_69"],[74,50,"uuid_74"],[79,50,"uuid_79"],[84,50,"uuid_84"],[89,50,"uuid_89"],[94,50,"uuid_94"],[99,50,"uuid_99"]],"hovertemplate":"Group (Count)=GPX_WAYPOINT (910)\u003cbr\u003emarker_size=%{marker.size}\u003cbr\u003eGPS_LATITUDE=%{lat}\u003cbr\u003eGPS_LONGITUDE=%{lon}\u003cbr\u003edf_id=%{customdata[0]}\u003cbr\u003eCOUNT=%{customdata[1]}\u003cbr\u003eUUID_STRING=%{customdata[2]}\u003cextra\u003e\u003c\u002fextra\u003e","lat":{"dtype":"f8","bdata":"VcGopE7oQkAgQfFjzF1EQEmdgCbCZkRAeVioNc0LQUDgvg6cMxJBQEvqBDQRxklAsVBrmnfMSUD7y+7Jw3JIQGEyVTAqeUhAlrIMcazbQUD8GHPXEuJBQGB2Tx4W6kDA+Q\u002fpt6\u002fjQMASFD\u002fG3OVLQHh6pSxD7EtA8BZIUPx4M0C94xQdyYUzQD0s1Jrm3TbAcF8HzhnRNsA="},"legendgroup":"GPX_WAYPOINT (910)","lon":{"dtype":"f8","bdata":"jgbwFkiYXsCLbOf7qYFSwKAaL90khlLAA3gLJCiSXcA2qz5XW5VdwApoImx4esW\u002fcM6I0t7gy7\u002f67evAOSMDQGFUUiegiQNAuY0G8BZ2YUBSJ6CJsHdhQM9m1edq5WJANs07TtHjYkDA7J48LNRCQCZTBaOS2kJAs+pztRXLWMDnHafoSM5YwLfRAN4CkUXAUWuad5yKRcA="},"marker":{"color":"#636efa","size":{"dtype":"f8","bdata":"AAAAAAAANECo9Jebd+MhQAAAAAAAADRAAAAAAAAANEAAAAAAAAA0QAAAAAAAADRAAAAAAAAANEAAAAAAAAA0QAAAAAAAADRAAAAAAAAANEAAAAAAAAA0QAAAAAAAADRAAAAAAAAANEAAAAAAAAA0QAAAAAAAADRAAAAAAAAANEAAAAAAAAA0QAAAAAAAADRAAAAAAAAANEA="},"sizemode":"area","sizeref":0.05},"mode":"markers","name":"GPX_WAYPOINT (910)","showlegend":true,"subplot":"map","type":"scattermap"},{"customdata":[[0,1,"uuid_0"],[3,20,"uuid_3"],[5,1,"uuid_5"],[8,20,"uuid_8"],[10,1,"uuid_10"],[13,20,"uuid_13"],[15,1,"uuid_15"],[18,20,"uuid_18"],[20,1,"uuid_20"],[23,20,"uuid_23"],[25,1,"uuid_25"],[28,20,"uuid_28"],[30,1,"uuid_30"],[33,20,"uuid_33"],[35,1,"uuid_35"],[38,20,"uuid_38"],[40,1,"uuid_40"],[43,20,"uuid_43"],[45,1,"uuid_45"],[48,20,"uuid_48"],[50,1,"uuid_50"],[53,20,"uuid_53"],[55,1,"uuid_55"],[58,20,"uuid_58"],[60,1,"uuid_60"],[63,20,"uuid_63"],[65,1,"uuid_65"],[68,20,"uuid_68"],[70,1,"uuid_70"],[73,20,"uuid_73"],[75,1,"uuid_75"],[78,20,"uuid_78"],[80,1,"uuid_80"],[83,20,"uuid_83"],[85,1,"uuid_85"],[88,20,"uuid_88"],[90,1,"uuid_90"],[93,20,"uuid_93"],[95,1,"uuid_95"],[98,20,"uuid_98"]],"hovertemplate":"Group (Count)=PHOTO (420)\u003cbr\u003emarker_size=%{marker.size}\u003cbr\u003eGPS_LATITUDE=%{lat}\u003cbr\u003eGPS_LONGITUDE=%{lon}\u003cbr\u003edf_id=%{customdata[0]}\u003cbr\u003eCOUNT=%{customdata[1]}\u003cbr\u003eUUID_STRING=%{customdata[2]}\u003cextra\u003e\u003c\u002fextra\u003e","lat":{"dtype":"f8","bdata":"0NVW7C\u002fjQkB0RpT2BudCQDY8vVKW6UJA2qz6XG3tQkBeS8gHPVtEQAK8BRIUX0RAxLEubqNhREBoImx4emVEQPRsVn2uBkFAmN2Th4UKQUBb07zjFA1BQP5D+u3rEEFAxf6ye\u002fLASUBpb\u002fCFycRJQCxlGeJYx0lA0NVW7C\u002fLSUB24JwRpW1IQBpR2ht8cUhA3EYDeAt0SECAt0CC4ndIQBHHuriN1kFAtTf4wmTaQUB3LSEf9NxBQBueXinL4EFA5WGh1jTvQMBB8WPMXetAwH\u002f7OnDO6EDA24r9ZffkQMCNKO0NvuBLQDGZKhiV5EtA845TdCTnS0CX\u002f5B+++pLQOY\u002fpN++bjNALSEf9Gx2M0CzDHGsi3szQPrt68A5gzNARwN4CyToNsD\u002fIf32deA2wHo2qz5X2zbAMlUwKqnTNsA="},"legendgroup":"PHOTO (420)","lon":{"dtype":"f8","bdata":"UPwYc9eaXsD+Q\u002frt65hewB3J5T+kl17AyxDHuriVXsCq8dJNYoBSwPyp8dJNglLA3SQGgZWDUsAv3SQGgYVSwEGC4seYj13AkzoBTYSRXcB0tRX7y5JdwMZtNIC3lF3A6+I2GsBbwL\u002fChqdXyjLEv1JJnYAmwsa\u002fKe0NvjCZyr+oNc07TtECQOY\u002fpN++DgNAD5wzorQ3A0BMpgpGJXUDQNcS8kHPdGFAAG+BBMV1YUBxrIvbaHZhQJoIG55ed2FAseHplbLmYkCIhVrTvOViQBdIUPwY5WJA7uvAOSPkYkA7AU2EDc9CQN5xio7k0kJAoWez6nPVQkBF2PD0StlCQPH0SlmGyFjAQ61p3nHKWMAkKH6MuctYwHbgnBGlzVjAPL1SliGWRcCYTBWMSpJFwNZW7C+7j0XAMuauJeSLRcA="},"marker":{"color":"#EF553B","size":{"dtype":"f8","bdata":"AAAAAAAACEBTW9o6WEwpQAAAAAAAAAhAU1vaOlhMKUAAAAAAAAAIQFNb2jpYTClAAAAAAAAACEBTW9o6WEwpQAAAAAAAAAhAU1vaOlhMKUAAAAAAAAAIQFNb2jpYTClAAAAAAAAACEBTW9o6WEwpQAAAAAAAAAhAU1vaOlhMKUAAAAAAAAAIQFNb2jpYTClAAAAAAAAACEBTW9o6WEwpQAAAAAAAAAhAU1vaOlhMKUAAAAAAAAAIQFNb2jpYTClAAAAAAAAACEBTW9o6WEwpQAAAAAAAAAhAU1vaOlhMKUAAAAAAAAAIQFNb2jpYTClAAAAAAAAACEBTW9o6WEwpQAAAAAAAAAhAU1vaOlhMKUAAAAAAAAAIQFNb2jpYTClAAAAAAAAACEBTW9o6WEwpQAAAAAAAAAhAU1vaOlhMKUA="},"sizemode":"area","sizeref":0.05},"mode":"markers","name":"PHOTO (420)","showlegend":true,"subplot":"map","type":"scattermap"},{"customdata":[[1,5,"uuid_1"],[6,5,"uuid_6"],[9,50,"uuid_9"],[14,50,"uuid_14"],[17,10,"uuid_17"],[22,10,"uuid_22"],[27,10,"uuid_27"],[32,10,"uuid_32"],[37,10,"uuid_37"],[42,10,"uuid_42"],[47,10,"uuid_47"],[52,10,"uuid_52"],[57,10,"uuid_57"],[62,10,"uuid_62"],[67,10,"uuid_67"],[72,10,"uuid_72"],[77,10,"uuid_77"],[82,10,"uuid_82"],[87,10,"uuid_87"],[92,10,"uuid_92"],[97,10,"uuid_97"]],"hovertemplate":"Group (Count)=GPX_TRACKPOINT (280)\u003cbr\u003emarker_size=%{marker.size}\u003cbr\u003eGPS_LATITUDE=%{lat}\u003cbr\u003eGPS_LONGITUDE=%{lon}\u003cbr\u003edf_id=%{customdata[0]}\u003cbr\u003eCOUNT=%{customdata[1]}\u003cbr\u003eUUID_STRING=%{customdata[2]}\u003cextra\u003e\u003c\u002fextra\u003e","lat":{"dtype":"f8","bdata":"sVBrmnfkQkAXt9EA3upCQLsnDwu17kJA4zYawFtgRECHp1fKMmREQLdif9k9CUFAHcnlP6QPQUCI9NvXgcNJQO5aQj7oyUlAOdbFbTRwSECfPCzUmnZIQNO84xQd2UFAOiNKe4PfQUAibHh6pexAwLwFEhQ\u002f5kDATx4Wak3jS0C2hHzQs+lLQGsr9pfdczNAOPjCZKqAM0DCFyZTBeM2wPVKWYY41jbA"},"legendgroup":"GPX_TRACKPOINT (280)","lon":{"dtype":"f8","bdata":"4L4OnDOaXsCsi9toAJdewFvTvOMUlV7Abef7qfGCUsC+nxov3YRSwCL99nXgkF3AVTAqqROUXcB6pSxDHOvCv+ELk6mCUcm\u002f0ZFc\u002fkP6AkA4+MJkqmADQEhQ\u002fBhzdWFA4umVsgx3YUBApN++DuZiQKYKRiV15GJA\u002ffZ14JzRQkBkXdxGA9hCQNJvXwfOyVjABaOSOgHNWMB6xyk6kpNFwBNhw9MrjUXA"},"marker":{"color":"#00cc96","size":{"dtype":"f8","bdata":"U1vaOlhMGUBTW9o6WEwZQAAAAAAAADRAAAAAAAAANECo9Jebd+MhQKj0l5t34yFAqPSXm3fjIUCo9Jebd+MhQKj0l5t34yFAqPSXm3fjIUCo9Jebd+MhQKj0l5t34yFAqPSXm3fjIUCo9Jebd+MhQKj0l5t34yFAqPSXm3fjIUCo9Jebd+MhQKj0l5t34yFAqPSXm3fjIUCo9Jebd+MhQKj0l5t34yFA"},"sizemode":"area","sizeref":0.05},"mode":"markers","name":"GPX_TRACKPOINT (280)","showlegend":true,"subplot":"map","type":"scattermap"},{"customdata":[[2,10,"uuid_2"],[7,10,"uuid_7"],[11,5,"uuid_11"],[16,5,"uuid_16"],[21,5,"uuid_21"],[26,5,"uuid_26"],[31,5,"uuid_31"],[36,5,"uuid_36"],[41,5,"uuid_41"],[46,5,"uuid_46"],[51,5,"uuid_51"],[56,5,"uuid_56"],[61,5,"uuid_61"],[66,5,"uuid_66"],[71,5,"uuid_71"],[76,5,"uuid_76"],[81,5,"uuid_81"],[86,5,"uuid_86"],[91,5,"uuid_91"],[96,5,"uuid_96"]],"hovertemplate":"Group (Count)=VIDEO (110)\u003cbr\u003emarker_size=%{marker.size}\u003cbr\u003eGPS_LATITUDE=%{lat}\u003cbr\u003eGPS_LONGITUDE=%{lon}\u003cbr\u003edf_id=%{customdata[0]}\u003cbr\u003eCOUNT=%{customdata[1]}\u003cbr\u003eUUID_STRING=%{customdata[2]}\u003cextra\u003e\u003c\u002fextra\u003e","lat":{"dtype":"f8","bdata":"kst\u002fSL\u002flQkD5MeauJexCQD\u002fG3LWEXERApSxDHOtiREDV52or9gdBQDxO0ZFcDkFAp3nHKTrCSUAN4C2QoMhJQFdbsb\u002fsbkhAvsEXJlN1SEDyQc9m1ddBQFioNc073kFABOeMKO3tQMCdgCbChudAwG6jAbwF4ktA1QloImzoS0CoNc07TnEzQHUCmggbfjNAhA1Pr5TlNsC4QILix9g2wA=="},"legendgroup":"VIDEO (110)","lon":{"dtype":"f8","bdata":"b4EExY+ZXsA8TtGRXJZewBsv3SQGgVLATmIQWDmEUsCxv+yePJBdwOXyH9Jvk13AM8SxLm6jwb+ZKhiV1AnIv73jFB3J5QJAI0p7gy9MA0CQMXctIXVhQCnLEMe6dmFA+MJkqmDmYkBfKcsQx+RiQBx8YTJV0EJAguLHmLvWQkBhMlUwKslYwJVliGNdzFjAW0I+6NmURcD129eBc45FwA=="},"marker":{"color":"#ab63fa","size":{"dtype":"f8","bdata":"qPSXm3fjIUCo9Jebd+MhQFNb2jpYTBlAU1vaOlhMGUBTW9o6WEwZQFNb2jpYTBlAU1vaOlhMGUBTW9o6WEwZQFNb2jpYTBlAU1vaOlhMGUBTW9o6WEwZQFNb2jpYTBlAU1vaOlhMGUBTW9o6WEwZQFNb2jpYTBlAU1vaOlhMGUBTW9o6WEwZQFNb2jpYTBlAU1vaOlhMGUBTW9o6WEwZQA=="},"sizemode":"area","sizeref":0.05},"mode":"markers","name":"VIDEO (110)","showlegend":true,"subplot":"map","type":"scattermap"}],                        {"template":{"data":{"histogram2dcontour":[{"type":"histogram2dcontour","colorbar":{"outlinewidth":0,"ticks":""},"colorscale":[[0.0,"#0d0887"],[0.1111111111111111,"#46039f"],[0.2222222222222222,"#7201a8"],[0.3333333333333333,"#9c179e"],[0.4444444444444444,"#bd3786"],[0.5555555555555556,"#d8576b"],[0.6666666666666666,"#ed7953"],[0.7777777777777778,"#fb9f3a"],[0.8888888888888888,"#fdca26"],[1.0,"#f0f921"]]}],"choropleth":[{"type":"choropleth","colorbar":{"outlinewidth":0,"ticks":""}}],"histogram2d":[{"type":"histogram2d","colorbar":{"outlinewidth":0,"ticks":""},"colorscale":[[0.0,"#0d0887"],[0.1111111111111111,"#46039f"],[0.2222222222222222,"#7201a8"],[0.3333333333333333,"#9c179e"],[0.4444444444444444,"#bd3786"],[0.5555555555555556,"#d8576b"],[0.6666666666666666,"#ed7953"],[0.7777777777777778,"#fb9f3a"],[0.8888888888888888,"#fdca26"],[1.0,"#f0f921"]]}],"heatmap":[{"type":"heatmap","colorbar":{"outlinewidth":0,"ticks":""},"colorscale":[[0.0,"#0d0887"],[0.1111111111111111,"#46039f"],[0.2222222222222222,"#7201a8"],[0.3333333333333333,"#9c179e"],[0.4444444444444444,"#bd3786"],[0.5555555555555556,"#d8576b"],[0.6666666666666666,"#ed7953"],[0.7777777777777778,"#fb9f3a"],[0.8888888888888888,"#fdca26"],[1.0,"#f0f921"]]}],"contourcarpet":[{"type":"contourcarpet","colorbar":{"outlinewidth":0,"ticks":""}}],"contour":[{"type":"contour","colorbar":{"outlinewidth":0,"ticks":""},"colorscale":[[0.0,"#0d0887"],[0.1111111111111111,"#46039f"],[0.2222222222222222,"#7201a8"],[0.3333333333333333,"#9c179e"],[0.4444444444444444,"#bd3786"],[0.5555555555555556,"#d8576b"],[0.6666666666666666,"#ed7953"],[0.7777777777777778,"#fb9f3a"],[0.8888888888888888,"#fdca26"],[1.0,"#f0f921"]]}],"surface":[{"type":"surface","colorbar":{"outlinewidth":0,"ticks":""},"colorscale":[[0.0,"#0d0887"],[0.1111111111111111,"#46039f"],[0.2222222222222222,"#7201a8"],[0.3333333333333333,"#9c179e"],[0.4444444444444444,"#bd3786"],[0.5555555555555556,"#d8576b"],[0.6666666666666666,"#ed7953"],[0.7777777777777778,"#fb9f3a"],[0.8888888888888888,"#fdca26"],[1.0,"#f0f921"]]}],"mesh3d":[{"type":"mesh3d","colorbar":{"outlinewidth":0,"ticks":""}}],"scatter":[{"fillpattern":{"fillmode":"overlay","size":10,"solidity":0.2},"type":"scatter"}],"parcoords":[{"type":"parcoords","line":{"colorbar":{"outlinewidth":0,"ticks":""}}}],"scatterpolargl":[{"type":"scatterpolargl","marker":{"colorbar":{"outlinewidth":0,"ticks":""}}}],"bar":[{"error_x":{"color":"#2a3f5f"},"error_y":{"color":"#2a3f5f"},"marker":{"line":{"color":"#E5ECF6","width":0.5},"pattern":{"fillmode":"overlay","size":10,"solidity":0.2}},"type":"bar"}],"scattergeo":[{"type":"scattergeo","marker":{"colorbar":{"outlinewidth":0,"ticks":""}}}],"scatterpolar":[{"type":"scatterpolar","marker":{"colorbar":{"outlinewidth":0,"ticks":""}}}],"histogram":[{"marker":{"pattern":{"fillmode":"overlay","size":10,"solidity":0.2}},"type":"histogram"}],"scattergl":[{"type":"scattergl","marker":{"colorbar":{"outlinewidth":0,"ticks":""}}}],"scatter3d":[{"type":"scatter3d","line":{"colorbar":{"outlinewidth":0,"ticks":""}},"marker":{"colorbar":{"outlinewidth":0,"ticks":""}}}],"scattermap":[{"type":"scattermap","marker":{"colorbar":{"outlinewidth":0,"ticks":""}}}],"scattermapbox":[{"type":"scattermapbox","marker":{"colorbar":{"outlinewidth":0,"ticks":""}}}],"scatterternary":[{"type":"scatterternary","marker":{"colorbar":{"outlinewidth":0,"ticks":""}}}],"scattercarpet":[{"type":"scattercarpet","marker":{"colorbar":{"outlinewidth":0,"ticks":""}}}],"carpet":[{"aaxis":{"endlinecolor":"#2a3f5f","gridcolor":"white","linecolor":"white","minorgridcolor":"white","startlinecolor":"#2a3f5f"},"baxis":{"endlinecolor":"#2a3f5f","gridcolor":"white","linecolor":"white","minorgridcolor":"white","startlinecolor":"#2a3f5f"},"type":"carpet"}],"table":[{"cells":{"fill":{"color":"#EBF0F8"},"line":{"color":"white"}},"header":{"fill":{"color":"#C8D4E3"},"line":{"color":"white"}},"type":"table"}],"barpolar":[{"marker":{"line":{"color":"#E5ECF6","width":0.5},"pattern":{"fillmode":"overlay","size":10,"solidity":0.2}},"type":"barpolar"}],"pie":[{"automargin":true,"type":"pie"}]},"layout":{"autotypenumbers":"strict","colorway":["#636efa","#EF553B","#00cc96","#ab63fa","#FFA15A","#19d3f3","#FF6692","#B6E880","#FF97FF","#FECB52"],"font":{"color":"#2a3f5f"},"hovermode":"closest","hoverlabel":{"align":"left"},"paper_bgcolor":"white","plot_bgcolor":"#E5ECF6","polar":{"bgcolor":"#E5ECF6","angularaxis":{"gridcolor":"white","linecolor":"white","ticks":""},"radialaxis":{"gridcolor":"white","linecolor":"white","ticks":""}},"ternary":{"bgcolor":"#E5ECF6","aaxis":{"gridcolor":"white","linecolor":"white","ticks":""},"baxis":{"gridcolor":"white","linecolor":"white","ticks":""},"caxis":{"gridcolor":"white","linecolor":"white","ticks":""}},"coloraxis":{"colorbar":{"outlinewidth":0,"ticks":""}},"colorscale":{"sequential":[[0.0,"#0d0887"],[0.1111111111111111,"#46039f"],[0.2222222222222222,"#7201a8"],[0.3333333333333333,"#9c179e"],[0.4444444444444444,"#bd3786"],[0.5555555555555556,"#d8576b"],[0.6666666666666666,"#ed7953"],[0.7777777777777778,"#fb9f3a"],[0.8888888888888888,"#fdca26"],[1.0,"#f0f921"]],"sequentialminus":[[0.0,"#0d0887"],[0.1111111111111111,"#46039f"],[0.2222222222222222,"#7201a8"],[0.3333333333333333,"#9c179e"],[0.4444444444444444,"#bd3786"],[0.5555555555555556,"#d8576b"],[0.6666666666666666,"#ed7953"],[0.7777777777777778,"#fb9f3a"],[0.8888888888888888,"#fdca26"],[1.0,"#f0f921"]],"diverging":[[0,"#8e0152"],[0.1,"#c51b7d"],[0.2,"#de77ae"],[0.3,"#f1b6da"],[0.4,"#fde0ef"],[0.5,"#f7f7f7"],[0.6,"#e6f5d0"],[0.7,"#b8e186"],[0.8,"#7fbc41"],[0.9,"#4d9221"],[1,"#276419"]]},"xaxis":{"gridcolor":"white","linecolor":"white","ticks":"","title":{"standoff":15},"zerolinecolor":"white","automargin":true,"zerolinewidth":2},"yaxis":{"gridcolor":"white","linecolor":"white","ticks":"","title":{"standoff":15},"zerolinecolor":"white","automargin":true,"zerolinewidth":2},"scene":{"xaxis":{"backgroundcolor":"#E5ECF6","gridcolor":"white","linecolor":"white","showbackground":true,"ticks":"","zerolinecolor":"white","gridwidth":2},"yaxis":{"backgroundcolor":"#E5ECF6","gridcolor":"white","linecolor":"white","showbackground":true,"ticks":"","zerolinecolor":"white","gridwidth":2},"zaxis":{"backgroundcolor":"#E5ECF6","gridcolor":"white","linecolor":"white","showbackground":true,"ticks":"","zerolinecolor":"white","gridwidth":2}},"shapedefaults":{"line":{"color":"#2a3f5f"}},"annotationdefaults":{"arrowcolor":"#2a3f5f","arrowhead":0,"arrowwidth":1},"geo":{"bgcolor":"white","landcolor":"#E5ECF6","subunitcolor":"white","showland":true,"showlakes":true,"lakecolor":"white"},"title":{"x":0.05},"mapbox":{"style":"light"}}},"map":{"domain":{"x":[0.0,1.0],"y":[0.0,1.0]},"center":{"lat":59.95017280557725,"lon":-83.04784267672979},"zoom":0,"style":"open-street-map"},"legend":{"title":{"text":"Group (Count)"},"tracegroupgap":0,"itemsizing":"constant"},"title":{"text":"Test Geographic Plot - With Count Data"},"mapbox":{"center":{"lat":26.74429,"lon":-12.627360000000001},"zoom":8,"style":"open-street-map"},"hovermode":"closest","showlegend":true},                        {"responsive": true}                    )                };            </script>        </div>
</body>
</html>