<html>
<head><meta charset="utf-8" /></head>
<body>
    <div>                        <script type="text/javascript">window.PlotlyConfig = {MathJaxConfig: 'local'};</script>
        <script charset="utf-8" src="https://cdn.plot.ly/plotly-3.0.1.min.js"></script>                <div id="test-plot-div" class="plotly-graph-div" style="height:100%; width:100%;"></div>            <script type="text/javascript">                window.PLOTLYENV=window.PLOTLYENV || {};                                if (document.getElementById("test-plot-div")) {                    Plotly.newPlot(                        "test-plot-div",                        [{"customdata":[[0,1,"uuid_0","Golden Gate Bridge","PHOTO","2024-01-01T10:00:00"],[3,1,"uuid_3",null,"PHOTO","2024-01-01T10:15:00"],[5,1,"uuid_5",null,"PHOTO","2024-01-01T10:25:00"],[8,1,"uuid_8",null,"PHOTO","2024-01-01T10:40:00"],[10,1,"uuid_10","Times Square","PHOTO","2024-01-02T14:00:00"],[13,1,"uuid_13",null,"PHOTO","2024-01-02T14:15:00"],[15,1,"uuid_15","Brooklyn Bridge","PHOTO","2024-01-02T14:25:00"],[18,1,"uuid_18",null,"PHOTO","2024-01-02T14:40:00"],[20,1,"uuid_20","Hollywood Sign","PHOTO","2024-01-03T16:00:00"],[23,1,"uuid_23",null,"PHOTO","2024-01-03T16:15:00"],[25,1,"uuid_25",null,"PHOTO","2024-01-03T16:25:00"],[28,1,"uuid_28",null,"PHOTO","2024-01-03T16:40:00"],[30,1,"uuid_30","Big Ben","PHOTO","2024-01-04T09:00:00"],[33,1,"uuid_33",null,"PHOTO","2024-01-04T09:15:00"],[35,1,"uuid_35",null,"PHOTO","2024-01-04T09:25:00"],[38,1,"uuid_38",null,"PHOTO","2024-01-04T09:40:00"],[40,1,"uuid_40","Eiffel Tower","PHOTO","2024-01-05T12:00:00"],[43,1,"uuid_43",null,"PHOTO","2024-01-05T12:15:00"],[45,1,"uuid_45",null,"PHOTO","2024-01-05T12:25:00"],[48,1,"uuid_48",null,"PHOTO","2024-01-05T12:40:00"],[50,1,"uuid_50","Tokyo Tower","PHOTO","2024-01-06T08:00:00"],[53,1,"uuid_53",null,"PHOTO","2024-01-06T08:15:00"],[55,1,"uuid_55",null,"PHOTO","2024-01-06T08:25:00"],[58,1,"uuid_58",null,"PHOTO","2024-01-06T08:40:00"],[60,1,"uuid_60","Sydney Opera House","PHOTO","2024-01-07T06:00:00"],[63,1,"uuid_63",null,"PHOTO","2024-01-07T06:15:00"],[65,1,"uuid_65",null,"PHOTO","2024-01-07T06:25:00"],[68,1,"uuid_68",null,"PHOTO","2024-01-07T06:40:00"],[70,1,"uuid_70","Red Square","PHOTO","2024-01-08T15:00:00"],[73,1,"uuid_73",null,"PHOTO","2024-01-08T15:15:00"],[75,1,"uuid_75",null,"PHOTO","2024-01-08T15:25:00"],[78,1,"uuid_78",null,"PHOTO","2024-01-08T15:40:00"],[80,1,"uuid_80","Z\u00f3calo","PHOTO","2024-01-09T18:00:00"],[83,1,"uuid_83",null,"PHOTO","2024-01-09T18:15:00"],[85,1,"uuid_85",null,"PHOTO","2024-01-09T18:25:00"],[88,1,"uuid_88",null,"PHOTO","2024-01-09T18:40:00"],[90,1,"uuid_90","Christ the Redeemer","PHOTO","2024-01-10T20:00:00"],[93,1,"uuid_93",null,"PHOTO","2024-01-10T20:15:00"],[95,1,"uuid_95",null,"PHOTO","2024-01-10T20:25:00"],[98,1,"uuid_98",null,"PHOTO","2024-01-10T20:40:00"]],"hovertemplate":"Group (Count)=PHOTO (40)\u003cbr\u003emarker_size=%{marker.size}\u003cbr\u003eGPS_LATITUDE=%{lat}\u003cbr\u003eGPS_LONGITUDE=%{lon}\u003cbr\u003eCOUNT=%{customdata[1]}\u003cbr\u003eNAME=%{customdata[3]}\u003cbr\u003eDATA_TYPE=%{customdata[4]}\u003cbr\u003eUUID_STRING=%{customdata[2]}\u003cbr\u003eTIMESTAMP_UTC=%{customdata[5]}\u003cextra\u003e\u003c\u002fextra\u003e","lat":{"dtype":"f8","bdata":"0NVW7C\u002fjQkB0RpT2BudCQDY8vVKW6UJA2qz6XG3tQkBeS8gHPVtEQAK8BRIUX0RAxLEubqNhREBoImx4emVEQPRsVn2uBkFAmN2Th4UKQUBb07zjFA1BQP5D+u3rEEFAxf6ye\u002fLASUBpb\u002fCFycRJQCxlGeJYx0lA0NVW7C\u002fLSUB24JwRpW1IQBpR2ht8cUhA3EYDeAt0SECAt0CC4ndIQBHHuriN1kFAtTf4wmTaQUB3LSEf9NxBQBueXinL4EFA5WGh1jTvQMBB8WPMXetAwH\u002f7OnDO6EDA24r9ZffkQMCNKO0NvuBLQDGZKhiV5EtA845TdCTnS0CX\u002f5B+++pLQOY\u002fpN++bjNALSEf9Gx2M0CzDHGsi3szQPrt68A5gzNARwN4CyToNsD\u002fIf32deA2wHo2qz5X2zbAMlUwKqnTNsA="},"legendgroup":"PHOTO (40)","lon":{"dtype":"f8","bdata":"UPwYc9eaXsD+Q\u002frt65hewB3J5T+kl17AyxDHuriVXsCq8dJNYoBSwPyp8dJNglLA3SQGgZWDUsAv3SQGgYVSwEGC4seYj13AkzoBTYSRXcB0tRX7y5JdwMZtNIC3lF3A6+I2GsBbwL\u002fChqdXyjLEv1JJnYAmwsa\u002fKe0NvjCZyr+oNc07TtECQOY\u002fpN++DgNAD5wzorQ3A0BMpgpGJXUDQNcS8kHPdGFAAG+BBMV1YUBxrIvbaHZhQJoIG55ed2FAseHplbLmYkCIhVrTvOViQBdIUPwY5WJA7uvAOSPkYkA7AU2EDc9CQN5xio7k0kJAoWez6nPVQkBF2PD0StlCQPH0SlmGyFjAQ61p3nHKWMAkKH6MuctYwHbgnBGlzVjAPL1SliGWRcCYTBWMSpJFwNZW7C+7j0XAMuauJeSLRcA="},"marker":{"color":"#636efa","size":{"dtype":"f8","bdata":"AAAAAAAANEAAAAAAAAA0QAAAAAAAADRAAAAAAAAANEAAAAAAAAA0QAAAAAAAADRAAAAAAAAANEAAAAAAAAA0QAAAAAAAADRAAAAAAAAANEAAAAAAAAA0QAAAAAAAADRAAAAAAAAANEAAAAAAAAA0QAAAAAAAADRAAAAAAAAANEAAAAAAAAA0QAAAAAAAADRAAAAAAAAANEAAAAAAAAA0QAAAAAAAADRAAAAAAAAANEAAAAAAAAA0QAAAAAAAADRAAAAAAAAANEAAAAAAAAA0QAAAAAAAADRAAAAAAAAANEAAAAAAAAA0QAAAAAAAADRAAAAAAAAANEAAAAAAAAA0QAAAAAAAADRAAAAAAAAANEAAAAAAAAA0QAAAAAAAADRAAAAAAAAANEAAAAAAAAA0QAAAAAAAADRAAAAAAAAANEA="},"sizemode":"area","sizeref":0.05},"mode":"markers","name":"PHOTO (40)","showlegend":true,"subplot":"map","type":"scattermap"},{"customdata":[[1,1,"uuid_1",null,"GPX_TRACKPOINT","2024-01-01T10:05:00"],[6,1,"uuid_6",null,"GPX_TRACKPOINT","2024-01-01T10:30:00"],[9,1,"uuid_9",null,"GPX_TRACKPOINT","2024-01-01T10:45:00"],[14,1,"uuid_14",null,"GPX_TRACKPOINT","2024-01-02T14:20:00"],[17,1,"uuid_17",null,"GPX_TRACKPOINT","2024-01-02T14:35:00"],[22,1,"uuid_22",null,"GPX_TRACKPOINT","2024-01-03T16:10:00"],[27,1,"uuid_27",null,"GPX_TRACKPOINT","2024-01-03T16:35:00"],[32,1,"uuid_32",null,"GPX_TRACKPOINT","2024-01-04T09:10:00"],[37,1,"uuid_37",null,"GPX_TRACKPOINT","2024-01-04T09:35:00"],[42,1,"uuid_42",null,"GPX_TRACKPOINT","2024-01-05T12:10:00"],[47,1,"uuid_47",null,"GPX_TRACKPOINT","2024-01-05T12:35:00"],[52,1,"uuid_52",null,"GPX_TRACKPOINT","2024-01-06T08:10:00"],[57,1,"uuid_57",null,"GPX_TRACKPOINT","2024-01-06T08:35:00"],[62,1,"uuid_62",null,"GPX_TRACKPOINT","2024-01-07T06:10:00"],[67,1,"uuid_67",null,"GPX_TRACKPOINT","2024-01-07T06:35:00"],[72,1,"uuid_72",null,"GPX_TRACKPOINT","2024-01-08T15:10:00"],[77,1,"uuid_77",null,"GPX_TRACKPOINT","2024-01-08T15:35:00"],[82,1,"uuid_82",null,"GPX_TRACKPOINT","2024-01-09T18:10:00"],[87,1,"uuid_87",null,"GPX_TRACKPOINT","2024-01-09T18:35:00"],[92,1,"uuid_92",null,"GPX_TRACKPOINT","2024-01-10T20:10:00"],[97,1,"uuid_97",null,"GPX_TRACKPOINT","2024-01-10T20:35:00"]],"hovertemplate":"Group (Count)=GPX_TRACKPOINT (21)\u003cbr\u003emarker_size=%{marker.size}\u003cbr\u003eGPS_LATITUDE=%{lat}\u003cbr\u003eGPS_LONGITUDE=%{lon}\u003cbr\u003eCOUNT=%{customdata[1]}\u003cbr\u003eNAME=%{customdata[3]}\u003cbr\u003eDATA_TYPE=%{customdata[4]}\u003cbr\u003eUUID_STRING=%{customdata[2]}\u003cbr\u003eTIMESTAMP_UTC=%{customdata[5]}\u003cextra\u003e\u003c\u002fextra\u003e","lat":{"dtype":"f8","bdata":"sVBrmnfkQkAXt9EA3upCQLsnDwu17kJA4zYawFtgRECHp1fKMmREQLdif9k9CUFAHcnlP6QPQUCI9NvXgcNJQO5aQj7oyUlAOdbFbTRwSECfPCzUmnZIQNO84xQd2UFAOiNKe4PfQUAibHh6pexAwLwFEhQ\u002f5kDATx4Wak3jS0C2hHzQs+lLQGsr9pfdczNAOPjCZKqAM0DCFyZTBeM2wPVKWYY41jbA"},"legendgroup":"GPX_TRACKPOINT (21)","lon":{"dtype":"f8","bdata":"4L4OnDOaXsCsi9toAJdewFvTvOMUlV7Abef7qfGCUsC+nxov3YRSwCL99nXgkF3AVTAqqROUXcB6pSxDHOvCv+ELk6mCUcm\u002f0ZFc\u002fkP6AkA4+MJkqmADQEhQ\u002fBhzdWFA4umVsgx3YUBApN++DuZiQKYKRiV15GJA\u002ffZ14JzRQkBkXdxGA9hCQNJvXwfOyVjABaOSOgHNWMB6xyk6kpNFwBNhw9MrjUXA"},"marker":{"color":"#EF553B","size":{"dtype":"f8","bdata":"AAAAAAAANEAAAAAAAAA0QAAAAAAAADRAAAAAAAAANEAAAAAAAAA0QAAAAAAAADRAAAAAAAAANEAAAAAAAAA0QAAAAAAAADRAAAAAAAAANEAAAAAAAAA0QAAAAAAAADRAAAAAAAAANEAAAAAAAAA0QAAAAAAAADRAAAAAAAAANEAAAAAAAAA0QAAAAAAAADRAAAAAAAAANEAAAAAAAAA0QAAAAAAAADRA"},"sizemode":"area","sizeref":0.05},"mode":"markers","name":"GPX_TRACKPOINT (21)","showlegend":true,"subplot":"map","type":"scattermap"},{"customdata":[[2,1,"uuid_2","Sunset Timelapse","VIDEO","2024-01-01T10:10:00"],[7,1,"uuid_7","City panorama","VIDEO","2024-01-01T10:35:00"],[11,1,"uuid_11",null,"VIDEO","2024-01-02T14:05:00"],[16,1,"uuid_16","Traffic flow","VIDEO","2024-01-02T14:30:00"],[21,1,"uuid_21",null,"VIDEO","2024-01-03T16:05:00"],[26,1,"uuid_26","City lights","VIDEO","2024-01-03T16:30:00"],[31,1,"uuid_31",null,"VIDEO","2024-01-04T09:05:00"],[36,1,"uuid_36","Thames River","VIDEO","2024-01-04T09:30:00"],[41,1,"uuid_41",null,"VIDEO","2024-01-05T12:05:00"],[46,1,"uuid_46","Seine River cruise","VIDEO","2024-01-05T12:30:00"],[51,1,"uuid_51",null,"VIDEO","2024-01-06T08:05:00"],[56,1,"uuid_56","Bullet train","VIDEO","2024-01-06T08:30:00"],[61,1,"uuid_61",null,"VIDEO","2024-01-07T06:05:00"],[66,1,"uuid_66","Surfing waves","VIDEO","2024-01-07T06:30:00"],[71,1,"uuid_71",null,"VIDEO","2024-01-08T15:05:00"],[76,1,"uuid_76","Moscow Metro","VIDEO","2024-01-08T15:30:00"],[81,1,"uuid_81",null,"VIDEO","2024-01-09T18:05:00"],[86,1,"uuid_86","Mariachi band","VIDEO","2024-01-09T18:30:00"],[91,1,"uuid_91",null,"VIDEO","2024-01-10T20:05:00"],[96,1,"uuid_96","Samba dancers","VIDEO","2024-01-10T20:30:00"]],"hovertemplate":"Group (Count)=VIDEO (20)\u003cbr\u003emarker_size=%{marker.size}\u003cbr\u003eGPS_LATITUDE=%{lat}\u003cbr\u003eGPS_LONGITUDE=%{lon}\u003cbr\u003eCOUNT=%{customdata[1]}\u003cbr\u003eNAME=%{customdata[3]}\u003cbr\u003eDATA_TYPE=%{customdata[4]}\u003cbr\u003eUUID_STRING=%{customdata[2]}\u003cbr\u003eTIMESTAMP_UTC=%{customdata[5]}\u003cextra\u003e\u003c\u002fextra\u003e","lat":{"dtype":"f8","bdata":"kst\u002fSL\u002flQkD5MeauJexCQD\u002fG3LWEXERApSxDHOtiREDV52or9gdBQDxO0ZFcDkFAp3nHKTrCSUAN4C2QoMhJQFdbsb\u002fsbkhAvsEXJlN1SEDyQc9m1ddBQFioNc073kFABOeMKO3tQMCdgCbChudAwG6jAbwF4ktA1QloImzoS0CoNc07TnEzQHUCmggbfjNAhA1Pr5TlNsC4QILix9g2wA=="},"legendgroup":"VIDEO (20)","lon":{"dtype":"f8","bdata":"b4EExY+ZXsA8TtGRXJZewBsv3SQGgVLATmIQWDmEUsCxv+yePJBdwOXyH9Jvk13AM8SxLm6jwb+ZKhiV1AnIv73jFB3J5QJAI0p7gy9MA0CQMXctIXVhQCnLEMe6dmFA+MJkqmDmYkBfKcsQx+RiQBx8YTJV0EJAguLHmLvWQkBhMlUwKslYwJVliGNdzFjAW0I+6NmURcD129eBc45FwA=="},"marker":{"color":"#00cc96","size":{"dtype":"f8","bdata":"AAAAAAAANEAAAAAAAAA0QAAAAAAAADRAAAAAAAAANEAAAAAAAAA0QAAAAAAAADRAAAAAAAAANEAAAAAAAAA0QAAAAAAAADRAAAAAAAAANEAAAAAAAAA0QAAAAAAAADRAAAAAAAAANEAAAAAAAAA0QAAAAAAAADRAAAAAAAAANEAAAAAAAAA0QAAAAAAAADRAAAAAAAAANEAAAAAAAAA0QA=="},"sizemode":"area","sizeref":0.05},"mode":"markers","name":"VIDEO (20)","showlegend":true,"subplot":"map","type":"scattermap"},{"customdata":[[4,1,"uuid_4","Viewpoint 1","GPX_WAYPOINT","2024-01-01T10:20:00"],[12,1,"uuid_12","Central Park Entrance","GPX_WAYPOINT","2024-01-02T14:10:00"],[19,1,"uuid_19","Rest Stop","GPX_WAYPOINT","2024-01-02T14:45:00"],[24,1,"uuid_24","Griffith Observatory","GPX_WAYPOINT","2024-01-03T16:20:00"],[29,1,"uuid_29","Summit","GPX_WAYPOINT","2024-01-03T16:45:00"],[34,1,"uuid_34","Hyde Park","GPX_WAYPOINT","2024-01-04T09:20:00"],[39,1,"uuid_39","Tower Bridge","GPX_WAYPOINT","2024-01-04T09:45:00"],[44,1,"uuid_44","Louvre Museum","GPX_WAYPOINT","2024-01-05T12:20:00"],[49,1,"uuid_49","Sacr\u00e9-C\u0153ur","GPX_WAYPOINT","2024-01-05T12:45:00"],[54,1,"uuid_54","Shibuya Crossing","GPX_WAYPOINT","2024-01-06T08:20:00"],[59,1,"uuid_59","Senso-ji Temple","GPX_WAYPOINT","2024-01-06T08:45:00"],[64,1,"uuid_64","Bondi Beach","GPX_WAYPOINT","2024-01-07T06:20:00"],[69,1,"uuid_69","Circular Quay","GPX_WAYPOINT","2024-01-07T06:45:00"],[74,1,"uuid_74","Kremlin","GPX_WAYPOINT","2024-01-08T15:20:00"],[79,1,"uuid_79","Gorky Park","GPX_WAYPOINT","2024-01-08T15:45:00"],[84,1,"uuid_84","Templo Mayor","GPX_WAYPOINT","2024-01-09T18:20:00"],[89,1,"uuid_89","Xochimilco","GPX_WAYPOINT","2024-01-09T18:45:00"],[94,1,"uuid_94","Copacabana Beach","GPX_WAYPOINT","2024-01-10T20:20:00"],[99,1,"uuid_99","Sugarloaf Mountain","GPX_WAYPOINT","2024-01-10T20:45:00"]],"hovertemplate":"Group (Count)=GPX_WAYPOINT (19)\u003cbr\u003emarker_size=%{marker.size}\u003cbr\u003eGPS_LATITUDE=%{lat}\u003cbr\u003eGPS_LONGITUDE=%{lon}\u003cbr\u003eCOUNT=%{customdata[1]}\u003cbr\u003eNAME=%{customdata[3]}\u003cbr\u003eDATA_TYPE=%{customdata[4]}\u003cbr\u003eUUID_STRING=%{customdata[2]}\u003cbr\u003eTIMESTAMP_UTC=%{customdata[5]}\u003cextra\u003e\u003c\u002fextra\u003e","lat":{"dtype":"f8","bdata":"VcGopE7oQkAgQfFjzF1EQEmdgCbCZkRAeVioNc0LQUDgvg6cMxJBQEvqBDQRxklAsVBrmnfMSUD7y+7Jw3JIQGEyVTAqeUhAlrIMcazbQUD8GHPXEuJBQGB2Tx4W6kDA+Q\u002fpt6\u002fjQMASFD\u002fG3OVLQHh6pSxD7EtA8BZIUPx4M0C94xQdyYUzQD0s1Jrm3TbAcF8HzhnRNsA="},"legendgroup":"GPX_WAYPOINT (19)","lon":{"dtype":"f8","bdata":"jgbwFkiYXsCLbOf7qYFSwKAaL90khlLAA3gLJCiSXcA2qz5XW5VdwApoImx4esW\u002fcM6I0t7gy7\u002f67evAOSMDQGFUUiegiQNAuY0G8BZ2YUBSJ6CJsHdhQM9m1edq5WJANs07TtHjYkDA7J48LNRCQCZTBaOS2kJAs+pztRXLWMDnHafoSM5YwLfRAN4CkUXAUWuad5yKRcA="},"marker":{"color":"#ab63fa","size":{"dtype":"f8","bdata":"AAAAAAAANEAAAAAAAAA0QAAAAAAAADRAAAAAAAAANEAAAAAAAAA0QAAAAAAAADRAAAAAAAAANEAAAAAAAAA0QAAAAAAAADRAAAAAAAAANEAAAAAAAAA0QAAAAAAAADRAAAAAAAAANEAAAAAAAAA0QAAAAAAAADRAAAAAAAAANEAAAAAAAAA0QAAAAAAAADRAAAAAAAAANEA="},"sizemode":"area","sizeref":0.05},"mode":"markers","name":"GPX_WAYPOINT (19)","showlegend":true,"subplot":"map","type":"scattermap"}],                        {"template":{"data":{"histogram2dcontour":[{"type":"histogram2dcontour","colorbar":{"outlinewidth":0,"ticks":""},"colorscale":[[0.0,"#0d0887"],[0.1111111111111111,"#46039f"],[0.2222222222222222,"#7201a8"],[0.3333333333333333,"#9c179e"],[0.4444444444444444,"#bd3786"],[0.5555555555555556,"#d8576b"],[0.6666666666666666,"#ed7953"],[0.7777777777777778,"#fb9f3a"],[0.8888888888888888,"#fdca26"],[1.0,"#f0f921"]]}],"choropleth":[{"type":"choropleth","colorbar":{"outlinewidth":0,"ticks":""}}],"histogram2d":[{"type":"histogram2d","colorbar":{"outlinewidth":0,"ticks":""},"colorscale":[[0.0,"#0d0887"],[0.1111111111111111,"#46039f"],[0.2222222222222222,"#7201a8"],[0.3333333333333333,"#9c179e"],[0.4444444444444444,"#bd3786"],[0.5555555555555556,"#d8576b"],[0.6666666666666666,"#ed7953"],[0.7777777777777778,"#fb9f3a"],[0.8888888888888888,"#fdca26"],[1.0,"#f0f921"]]}],"heatmap":[{"type":"heatmap","colorbar":{"outlinewidth":0,"ticks":""},"colorscale":[[0.0,"#0d0887"],[0.1111111111111111,"#46039f"],[0.2222222222222222,"#7201a8"],[0.3333333333333333,"#9c179e"],[0.4444444444444444,"#bd3786"],[0.5555555555555556,"#d8576b"],[0.6666666666666666,"#ed7953"],[0.7777777777777778,"#fb9f3a"],[0.8888888888888888,"#fdca26"],[1.0,"#f0f921"]]}],"contourcarpet":[{"type":"contourcarpet","colorbar":{"outlinewidth":0,"ticks":""}}],"contour":[{"type":"contour","colorbar":{"outlinewidth":0,"ticks":""},"colorscale":[[0.0,"#0d0887"],[0.1111111111111111,"#46039f"],[0.2222222222222222,"#7201a8"],[0.3333333333333333,"#9c179e"],[0.4444444444444444,"#bd3786"],[0.5555555555555556,"#d8576b"],[0.6666666666666666,"#ed7953"],[0.7777777777777778,"#fb9f3a"],[0.8888888888888888,"#fdca26"],[1.0,"#f0f921"]]}],"surface":[{"type":"surface","colorbar":{"outlinewidth":0,"ticks":""},"colorscale":[[0.0,"#0d0887"],[0.1111111111111111,"#46039f"],[0.2222222222222222,"#7201a8"],[0.3333333333333333,"#9c179e"],[0.4444444444444444,"#bd3786"],[0.5555555555555556,"#d8576b"],[0.6666666666666666,"#ed7953"],[0.7777777777777778,"#fb9f3a"],[0.8888888888888888,"#fdca26"],[1.0,"#f0f921"]]}],"mesh3d":[{"type":"mesh3d","colorbar":{"outlinewidth":0,"ticks":""}}],"scatter":[{"fillpattern":{"fillmode":"overlay","size":10,"solidity":0.2},"type":"scatter"}],"parcoords":[{"type":"parcoords","line":{"colorbar":{"outlinewidth":0,"ticks":""}}}],"scatterpolargl":[{"type":"scatterpolargl","marker":{"colorbar":{"outlinewidth":0,"ticks":""}}}],"bar":[{"error_x":{"color":"#2a3f5f"},"error_y":{"color":"#2a3f5f"},"marker":{"line":{"color":"#E5ECF6","width":0.5},"pattern":{"fillmode":"overlay","size":10,"solidity":0.2}},"type":"bar"}],"scattergeo":[{"type":"scattergeo","marker":{"colorbar":{"outlinewidth":0,"ticks":""}}}],"scatterpolar":[{"type":"scatterpolar","marker":{"colorbar":{"outlinewidth":0,"ticks":""}}}],"histogram":[{"marker":{"pattern":{"fillmode":"overlay","size":10,"solidity":0.2}},"type":"histogram"}],"scattergl":[{"type":"scattergl","marker":{"colorbar":{"outlinewidth":0,"ticks":""}}}],"scatter3d":[{"type":"scatter3d","line":{"colorbar":{"outlinewidth":0,"ticks":""}},"marker":{"colorbar":{"outlinewidth":0,"ticks":""}}}],"scattermap":[{"type":"scattermap","marker":{"colorbar":{"outlinewidth":0,"ticks":""}}}],"scattermapbox":[{"type":"scattermapbox","marker":{"colorbar":{"outlinewidth":0,"ticks":""}}}],"scatterternary":[{"type":"scatterternary","marker":{"colorbar":{"outlinewidth":0,"ticks":""}}}],"scattercarpet":[{"type":"scattercarpet","marker":{"colorbar":{"outlinewidth":0,"ticks":""}}}],"carpet":[{"aaxis":{"endlinecolor":"#2a3f5f","gridcolor":"white","linecolor":"white","minorgridcolor":"white","startlinecolor":"#2a3f5f"},"baxis":{"endlinecolor":"#2a3f5f","gridcolor":"white","linecolor":"white","minorgridcolor":"white","startlinecolor":"#2a3f5f"},"type":"carpet"}],"table":[{"cells":{"fill":{"color":"#EBF0F8"},"line":{"color":"white"}},"header":{"fill":{"color":"#C8D4E3"},"line":{"color":"white"}},"type":"table"}],"barpolar":[{"marker":{"line":{"color":"#E5ECF6","width":0.5},"pattern":{"fillmode":"overlay","size":10,"solidity":0.2}},"type":"barpolar"}],"pie":[{"automargin":true,"type":"pie"}]},"layout":{"autotypenumbers":"strict","colorway":["#636efa","#EF553B","#00cc96","#ab63fa","#FFA15A","#19d3f3","#FF6692","#B6E880","#FF97FF","#FECB52"],"font":{"color":"#2a3f5f"},"hovermode":"closest","hoverlabel":{"align":"left"},"paper_bgcolor":"white","plot_bgcolor":"#E5ECF6","polar":{"bgcolor":"#E5ECF6","angularaxis":{"gridcolor":"white","linecolor":"white","ticks":""},"radialaxis":{"gridcolor":"white","linecolor":"white","ticks":""}},"ternary":{"bgcolor":"#E5ECF6","aaxis":{"gridcolor":"white","linecolor":"white","ticks":""},"baxis":{"gridcolor":"white","linecolor":"white","ticks":""},"caxis":{"gridcolor":"white","linecolor":"white","ticks":""}},"coloraxis":{"colorbar":{"outlinewidth":0,"ticks":""}},"colorscale":{"sequential":[[0.0,"#0d0887"],[0.1111111111111111,"#46039f"],[0.2222222222222222,"#7201a8"],[0.3333333333333333,"#9c179e"],[0.4444444444444444,"#bd3786"],[0.5555555555555556,"#d8576b"],[0.6666666666666666,"#ed7953"],[0.7777777777777778,"#fb9f3a"],[0.8888888888888888,"#fdca26"],[1.0,"#f0f921"]],"sequentialminus":[[0.0,"#0d0887"],[0.1111111111111111,"#46039f"],[0.2222222222222222,"#7201a8"],[0.3333333333333333,"#9c179e"],[0.4444444444444444,"#bd3786"],[0.5555555555555556,"#d8576b"],[0.6666666666666666,"#ed7953"],[0.7777777777777778,"#fb9f3a"],[0.8888888888888888,"#fdca26"],[1.0,"#f0f921"]],"diverging":[[0,"#8e0152"],[0.1,"#c51b7d"],[0.2,"#de77ae"],[0.3,"#f1b6da"],[0.4,"#fde0ef"],[0.5,"#f7f7f7"],[0.6,"#e6f5d0"],[0.7,"#b8e186"],[0.8,"#7fbc41"],[0.9,"#4d9221"],[1,"#276419"]]},"xaxis":{"gridcolor":"white","linecolor":"white","ticks":"","title":{"standoff":15},"zerolinecolor":"white","automargin":true,"zerolinewidth":2},"yaxis":{"gridcolor":"white","linecolor":"white","ticks":"","title":{"standoff":15},"zerolinecolor":"white","automargin":true,"zerolinewidth":2},"scene":{"xaxis":{"backgroundcolor":"#E5ECF6","gridcolor":"white","linecolor":"white","showbackground":true,"ticks":"","zerolinecolor":"white","gridwidth":2},"yaxis":{"backgroundcolor":"#E5ECF6","gridcolor":"white","linecolor":"white","showbackground":true,"ticks":"","zerolinecolor":"white","gridwidth":2},"zaxis":{"backgroundcolor":"#E5ECF6","gridcolor":"white","linecolor":"white","showbackground":true,"ticks":"","zerolinecolor":"white","gridwidth":2}},"shapedefaults":{"line":{"color":"#2a3f5f"}},"annotationdefaults":{"arrowcolor":"#2a3f5f","arrowhead":0,"arrowwidth":1},"geo":{"bgcolor":"white","landcolor":"#E5ECF6","subunitcolor":"white","showland":true,"showlakes":true,"lakecolor":"white"},"title":{"x":0.05},"mapbox":{"style":"light"}}},"map":{"domain":{"x":[0.0,1.0],"y":[0.0,1.0]},"center":{"lat":59.950172805577246,"lon":-83.04784267672979},"zoom":0,"style":"open-street-map"},"legend":{"title":{"text":"Group (Count)"},"tracegroupgap":0,"itemsizing":"constant"},"title":{"text":"Test Geographic Plot - Individual, Grouped By Type"},"mapbox":{"center":{"lat":26.74429,"lon":-12.62736},"zoom":8,"style":"open-street-map"},"hovermode":"closest","showlegend":true},                        {"responsive": true}                    )                };            </script>        </div>
</body>
</html>